Archive member included to satisfy reference by file (symbol)

c:/program files (x86)/atmel/studio/7.0/toolchain/avr8/avr8-gnu-toolchain/bin/../lib/gcc/avr/5.4.0/../../../../avr/lib/avr6\libm.a(divsf3.o)
                              Anemometer.o (__divsf3)
c:/program files (x86)/atmel/studio/7.0/toolchain/avr8/avr8-gnu-toolchain/bin/../lib/gcc/avr/5.4.0/../../../../avr/lib/avr6\libm.a(divsf3x.o)
                              c:/program files (x86)/atmel/studio/7.0/toolchain/avr8/avr8-gnu-toolchain/bin/../lib/gcc/avr/5.4.0/../../../../avr/lib/avr6\libm.a(divsf3.o) (__divsf3x)
c:/program files (x86)/atmel/studio/7.0/toolchain/avr8/avr8-gnu-toolchain/bin/../lib/gcc/avr/5.4.0/../../../../avr/lib/avr6\libm.a(floatsisf.o)
                              Anemometer.o (__floatsisf)
c:/program files (x86)/atmel/studio/7.0/toolchain/avr8/avr8-gnu-toolchain/bin/../lib/gcc/avr/5.4.0/../../../../avr/lib/avr6\libm.a(fp_inf.o)
                              c:/program files (x86)/atmel/studio/7.0/toolchain/avr8/avr8-gnu-toolchain/bin/../lib/gcc/avr/5.4.0/../../../../avr/lib/avr6\libm.a(divsf3x.o) (__fp_inf)
c:/program files (x86)/atmel/studio/7.0/toolchain/avr8/avr8-gnu-toolchain/bin/../lib/gcc/avr/5.4.0/../../../../avr/lib/avr6\libm.a(fp_nan.o)
                              c:/program files (x86)/atmel/studio/7.0/toolchain/avr8/avr8-gnu-toolchain/bin/../lib/gcc/avr/5.4.0/../../../../avr/lib/avr6\libm.a(divsf3x.o) (__fp_nan)
c:/program files (x86)/atmel/studio/7.0/toolchain/avr8/avr8-gnu-toolchain/bin/../lib/gcc/avr/5.4.0/../../../../avr/lib/avr6\libm.a(fp_pscA.o)
                              c:/program files (x86)/atmel/studio/7.0/toolchain/avr8/avr8-gnu-toolchain/bin/../lib/gcc/avr/5.4.0/../../../../avr/lib/avr6\libm.a(divsf3x.o) (__fp_pscA)
c:/program files (x86)/atmel/studio/7.0/toolchain/avr8/avr8-gnu-toolchain/bin/../lib/gcc/avr/5.4.0/../../../../avr/lib/avr6\libm.a(fp_pscB.o)
                              c:/program files (x86)/atmel/studio/7.0/toolchain/avr8/avr8-gnu-toolchain/bin/../lib/gcc/avr/5.4.0/../../../../avr/lib/avr6\libm.a(divsf3x.o) (__fp_pscB)
c:/program files (x86)/atmel/studio/7.0/toolchain/avr8/avr8-gnu-toolchain/bin/../lib/gcc/avr/5.4.0/../../../../avr/lib/avr6\libm.a(fp_round.o)
                              c:/program files (x86)/atmel/studio/7.0/toolchain/avr8/avr8-gnu-toolchain/bin/../lib/gcc/avr/5.4.0/../../../../avr/lib/avr6\libm.a(divsf3.o) (__fp_round)
c:/program files (x86)/atmel/studio/7.0/toolchain/avr8/avr8-gnu-toolchain/bin/../lib/gcc/avr/5.4.0/../../../../avr/lib/avr6\libm.a(fp_split3.o)
                              c:/program files (x86)/atmel/studio/7.0/toolchain/avr8/avr8-gnu-toolchain/bin/../lib/gcc/avr/5.4.0/../../../../avr/lib/avr6\libm.a(divsf3x.o) (__fp_split3)
c:/program files (x86)/atmel/studio/7.0/toolchain/avr8/avr8-gnu-toolchain/bin/../lib/gcc/avr/5.4.0/../../../../avr/lib/avr6\libm.a(fp_zero.o)
                              c:/program files (x86)/atmel/studio/7.0/toolchain/avr8/avr8-gnu-toolchain/bin/../lib/gcc/avr/5.4.0/../../../../avr/lib/avr6\libm.a(divsf3x.o) (__fp_szero)
c:/program files (x86)/atmel/studio/7.0/toolchain/avr8/avr8-gnu-toolchain/bin/../lib/gcc/avr/5.4.0/../../../../avr/lib/avr6\libm.a(mulsf3.o)
                              Anemometer.o (__mulsf3)
c:/program files (x86)/atmel/studio/7.0/toolchain/avr8/avr8-gnu-toolchain/bin/../lib/gcc/avr/5.4.0/../../../../avr/lib/avr6\libm.a(mulsf3x.o)
                              c:/program files (x86)/atmel/studio/7.0/toolchain/avr8/avr8-gnu-toolchain/bin/../lib/gcc/avr/5.4.0/../../../../avr/lib/avr6\libm.a(mulsf3.o) (__mulsf3x)
C:\Users\Andres\Documents\Atmel Studio\7.0\wetterstation\wetterstation\ArduinoCore\Debug\libArduinoCore.a(HardwareSerial.o)
                              CLI.o (_ZN14HardwareSerial9availableEv)
C:\Users\Andres\Documents\Atmel Studio\7.0\wetterstation\wetterstation\ArduinoCore\Debug\libArduinoCore.a(HardwareSerial0.o)
                              CLI.o (Serial)
C:\Users\Andres\Documents\Atmel Studio\7.0\wetterstation\wetterstation\ArduinoCore\Debug\libArduinoCore.a(main.o)
                              C:/Program Files (x86)/Atmel/Studio/7.0/Packs/atmel/ATmega_DFP/1.2.209/gcc/dev/atmega2560/avr6/crtatmega2560.o (main)
C:\Users\Andres\Documents\Atmel Studio\7.0\wetterstation\wetterstation\ArduinoCore\Debug\libArduinoCore.a(Print.o)
                              C:\Users\Andres\Documents\Atmel Studio\7.0\wetterstation\wetterstation\ArduinoCore\Debug\libArduinoCore.a(HardwareSerial.o) (_ZN5Print5writeEPKhj)
C:\Users\Andres\Documents\Atmel Studio\7.0\wetterstation\wetterstation\ArduinoCore\Debug\libArduinoCore.a(WInterrupts.o)
                              Anemometer.o (attachInterrupt)
C:\Users\Andres\Documents\Atmel Studio\7.0\wetterstation\wetterstation\ArduinoCore\Debug\libArduinoCore.a(wiring.o)
                              Anemometer.o (millis)
[...]
Memory Configuration

Name             Origin             Length             Attributes
text             0x00000000         0x00100000         xr
data             0x00800200         0x0000fe00         rw !x
eeprom           0x00810000         0x00010000         rw !x
fuse             0x00820000         0x00000003         rw !x
lock             0x00830000         0x00000400         rw !x
signature        0x00840000         0x00000400         rw !x
user_signatures  0x00850000         0x00000400         rw !x
*default*        0x00000000         0xffffffff

Linker script and memory map

Address of section .data set to 0x800200
LOAD C:/Program Files (x86)/Atmel/Studio/7.0/Packs/atmel/ATmega_DFP/1.2.209/gcc/dev/atmega2560/avr6/crtatmega2560.o
LOAD Anemometer.o
LOAD CLI.o
LOAD SDCard.o
LOAD Sketch.o
START GROUP
LOAD c:/program files (x86)/atmel/studio/7.0/toolchain/avr8/avr8-gnu-toolchain/bin/../lib/gcc/avr/5.4.0/../../../../avr/lib/avr6\libm.a
LOAD C:\Users\Andres\Documents\Atmel Studio\7.0\wetterstation\wetterstation\ArduinoCore\Debug\libArduinoCore.a
END GROUP
LOAD c:/program files (x86)/atmel/studio/7.0/toolchain/avr8/avr8-gnu-toolchain/bin/../lib/gcc/avr/5.4.0/avr6\libgcc.a
LOAD c:/program files (x86)/atmel/studio/7.0/toolchain/avr8/avr8-gnu-toolchain/bin/../lib/gcc/avr/5.4.0/../../../../avr/lib/avr6\libm.a
START GROUP
LOAD c:/program files (x86)/atmel/studio/7.0/toolchain/avr8/avr8-gnu-toolchain/bin/../lib/gcc/avr/5.4.0/avr6\libgcc.a
LOAD c:/program files (x86)/atmel/studio/7.0/toolchain/avr8/avr8-gnu-toolchain/bin/../lib/gcc/avr/5.4.0/../../../../avr/lib/avr6\libm.a
LOAD c:/program files (x86)/atmel/studio/7.0/toolchain/avr8/avr8-gnu-toolchain/bin/../lib/gcc/avr/5.4.0/../../../../avr/lib/avr6\libc.a
LOAD C:/Program Files (x86)/Atmel/Studio/7.0/Packs/atmel/ATmega_DFP/1.2.209/gcc/dev/atmega2560/avr6\libatmega2560.a
END GROUP
                0x00100000                __TEXT_REGION_LENGTH__ = DEFINED (__TEXT_REGION_LENGTH__)?__TEXT_REGION_LENGTH__:0x100000
                0x0000fe00                __DATA_REGION_LENGTH__ = DEFINED (__DATA_REGION_LENGTH__)?__DATA_REGION_LENGTH__:0xfe00
                0x00010000                __EEPROM_REGION_LENGTH__ = DEFINED (__EEPROM_REGION_LENGTH__)?__EEPROM_REGION_LENGTH__:0x10000
                [0x00000003]                __FUSE_REGION_LENGTH__ = DEFINED (__FUSE_REGION_LENGTH__)?__FUSE_REGION_LENGTH__:0x400
                0x00000400                __LOCK_REGION_LENGTH__ = DEFINED (__LOCK_REGION_LENGTH__)?__LOCK_REGION_LENGTH__:0x400
                0x00000400                __SIGNATURE_REGION_LENGTH__ = DEFINED (__SIGNATURE_REGION_LENGTH__)?__SIGNATURE_REGION_LENGTH__:0x400
                0x00000400                __USER_SIGNATURE_REGION_LENGTH__ = DEFINED (__USER_SIGNATURE_REGION_LENGTH__)?__USER_SIGNATURE_REGION_LENGTH__:0x400

.hash
 *(.hash)

.dynsym
 *(.dynsym)

.dynstr
 *(.dynstr)

.gnu.version
 *(.gnu.version)

.gnu.version_d
 *(.gnu.version_d)

.gnu.version_r
 *(.gnu.version_r)

.rel.init
 *(.rel.init)

.rela.init
 *(.rela.init)

.rel.text
 *(.rel.text)
 *(.rel.text.*)
 *(.rel.gnu.linkonce.t*)

.rela.text
 *(.rela.text)
 *(.rela.text.*)
 *(.rela.gnu.linkonce.t*)

.rel.fini
 *(.rel.fini)

.rela.fini
 *(.rela.fini)

.rel.rodata
 *(.rel.rodata)
 *(.rel.rodata.*)
 *(.rel.gnu.linkonce.r*)

.rela.rodata
 *(.rela.rodata)
 *(.rela.rodata.*)
 *(.rela.gnu.linkonce.r*)

.rel.data
 *(.rel.data)
 *(.rel.data.*)
 *(.rel.gnu.linkonce.d*)

.rela.data
 *(.rela.data)
 *(.rela.data.*)
 *(.rela.gnu.linkonce.d*)

.rel.ctors
 *(.rel.ctors)

.rela.ctors
 *(.rela.ctors)

.rel.dtors
 *(.rel.dtors)

.rela.dtors
 *(.rela.dtors)

.rel.got
 *(.rel.got)

.rela.got
 *(.rela.got)

.rel.bss
 *(.rel.bss)

.rela.bss
 *(.rela.bss)

.rel.plt
 *(.rel.plt)

.rela.plt
 *(.rela.plt)

.text           0x00000000     0x35f0
 *(.vectors)
 .vectors       0x00000000       0xe4 C:/Program Files (x86)/Atmel/Studio/7.0/Packs/atmel/ATmega_DFP/1.2.209/gcc/dev/atmega2560/avr6/crtatmega2560.o
                0x00000000                __vector_default
                0x00000000                __vectors
 *(.vectors)
 *(.progmem.gcc*)
 .progmem.gcc_sw_table.turnOffPWM
                0x000000e4       0x24 C:\Users\Andres\Documents\Atmel Studio\7.0\wetterstation\wetterstation\ArduinoCore\Debug\libArduinoCore.a(wiring_digital.o)
                0x00000108                . = ALIGN (0x2)
                0x00000108                __trampolines_start = .
 *(.trampolines)
 .trampolines   0x00000108        0x0 linker stubs
 *(.trampolines*)
                0x00000108                __trampolines_end = .
 *libprintf_flt.a:*(.progmem.data)
 *libc.a:*(.progmem.data)
 *(.progmem*)
 .progmem.data.digital_pin_to_timer_PGM
                0x00000108       0x46 C:\Users\Andres\Documents\Atmel Studio\7.0\wetterstation\wetterstation\ArduinoCore\Debug\libArduinoCore.a(wiring_digital.o)
                0x00000108                digital_pin_to_timer_PGM
 .progmem.data.digital_pin_to_bit_mask_PGM
                0x0000014e       0x46 C:\Users\Andres\Documents\Atmel Studio\7.0\wetterstation\wetterstation\ArduinoCore\Debug\libArduinoCore.a(wiring_digital.o)
                0x0000014e                digital_pin_to_bit_mask_PGM
 .progmem.data.digital_pin_to_port_PGM
                0x00000194       0x46 C:\Users\Andres\Documents\Atmel Studio\7.0\wetterstation\wetterstation\ArduinoCore\Debug\libArduinoCore.a(wiring_digital.o)
                0x00000194                digital_pin_to_port_PGM
 .progmem.data.port_to_output_PGM
                0x000001da       0x1a C:\Users\Andres\Documents\Atmel Studio\7.0\wetterstation\wetterstation\ArduinoCore\Debug\libArduinoCore.a(wiring_digital.o)
                0x000001da                port_to_output_PGM
 .progmem.data.port_to_mode_PGM
                0x000001f4       0x1a C:\Users\Andres\Documents\Atmel Studio\7.0\wetterstation\wetterstation\ArduinoCore\Debug\libArduinoCore.a(wiring_digital.o)
                0x000001f4                port_to_mode_PGM
                0x0000020e                . = ALIGN (0x2)
 *(.jumptables)
 *(.jumptables*)
 *(.lowtext)
 *(.lowtext*)
                0x0000020e                __ctors_start = .
 *(.ctors)
 .ctors         0x0000020e        0x2 CLI.o
 .ctors         0x00000210        0x2 SDCard.o
 .ctors         0x00000212        0x2 C:\Users\Andres\Documents\Atmel Studio\7.0\wetterstation\wetterstation\ArduinoCore\Debug\libArduinoCore.a(HardwareSerial0.o)
 .ctors         0x00000214        0x2 C:\Users\Andres\Documents\Atmel Studio\7.0\wetterstation\wetterstation\ArduinoCore\Debug\libArduinoCore.a(SD.o)
 .ctors         0x00000216        0x2 C:\Users\Andres\Documents\Atmel Studio\7.0\wetterstation\wetterstation\ArduinoCore\Debug\libArduinoCore.a(Sd2Card.o)
                0x00000218                __ctors_end = .
                0x00000218                __dtors_start = .
 *(.dtors)
 .dtors         0x00000218        0x2 CLI.o
                0x0000021a                __dtors_end = .
 SORT(*)(.ctors)
 SORT(*)(.dtors)
 *(.init0)
 .init0         0x0000021a        0x0 C:/Program Files (x86)/Atmel/Studio/7.0/Packs/atmel/ATmega_DFP/1.2.209/gcc/dev/atmega2560/avr6/crtatmega2560.o
                0x0000021a                __init
 *(.init0)
 *(.init1)
 *(.init1)
 *(.init2)
 .init2         0x0000021a       0x10 C:/Program Files (x86)/Atmel/Studio/7.0/Packs/atmel/ATmega_DFP/1.2.209/gcc/dev/atmega2560/avr6/crtatmega2560.o
 *(.init2)
 *(.init3)
 *(.init3)
 *(.init4)
 .init4         0x0000022a       0x1a c:/program files (x86)/atmel/studio/7.0/toolchain/avr8/avr8-gnu-toolchain/bin/../lib/gcc/avr/5.4.0/avr6\libgcc.a(_copy_data.o)
                0x0000022a                __do_copy_data
 .init4         0x00000244       0x10 c:/program files (x86)/atmel/studio/7.0/toolchain/avr8/avr8-gnu-toolchain/bin/../lib/gcc/avr/5.4.0/avr6\libgcc.a(_clear_bss.o)
                0x00000244                __do_clear_bss
 *(.init4)
 *(.init5)
 *(.init5)
 *(.init6)
 .init6         0x00000254       0x20 c:/program files (x86)/atmel/studio/7.0/toolchain/avr8/avr8-gnu-toolchain/bin/../lib/gcc/avr/5.4.0/avr6\libgcc.a(_ctors.o)
                0x00000254                __do_global_ctors
 *(.init6)
 *(.init7)
 *(.init7)
 *(.init8)
 *(.init8)
 *(.init9)
 .init9         0x00000274        0x6 C:/Program Files (x86)/Atmel/Studio/7.0/Packs/atmel/ATmega_DFP/1.2.209/gcc/dev/atmega2560/avr6/crtatmega2560.o
 *(.init9)
 *(.text)
 .text          0x0000027a        0x2 C:/Program Files (x86)/Atmel/Studio/7.0/Packs/atmel/ATmega_DFP/1.2.209/gcc/dev/atmega2560/avr6/crtatmega2560.o
                0x0000027a                __vector_38
                0x0000027a                __vector_22
                0x0000027a                __vector_28
                0x0000027a                __vector_32
                0x0000027a                __vector_34
                0x0000027a                __vector_24
                0x0000027a                __vector_12
                0x0000027a                __vector_55
                0x0000027a                __vector_46
                0x0000027a                __bad_interrupt
                0x0000027a                __vector_31
                0x0000027a                __vector_35
                0x0000027a                __vector_39
                0x0000027a                __vector_30
                0x0000027a                __vector_45
                0x0000027a                __vector_11
                0x0000027a                __vector_54
                0x0000027a                __vector_13
                0x0000027a                __vector_17
                0x0000027a                __vector_19
                0x0000027a                __vector_56
                0x0000027a                __vector_49
                0x0000027a                __vector_41
                0x0000027a                __vector_43
                0x0000027a                __vector_27
                0x0000027a                __vector_33
                0x0000027a                __vector_47
                0x0000027a                __vector_52
                0x0000027a                __vector_37
                0x0000027a                __vector_44
                0x0000027a                __vector_51
                0x0000027a                __vector_9
                0x0000027a                __vector_21
                0x0000027a                __vector_15
                0x0000027a                __vector_36
                0x0000027a                __vector_29
                0x0000027a                __vector_40
                0x0000027a                __vector_48
                0x0000027a                __vector_14
                0x0000027a                __vector_53
                0x0000027a                __vector_10
                0x0000027a                __vector_50
                0x0000027a                __vector_16
                0x0000027a                __vector_18
                0x0000027a                __vector_20
                0x0000027a                __vector_42
                0x0000027c                . = ALIGN (0x2)
 *(.text.*)
 .text.startup._GLOBAL__sub_I_command_help
                0x0000027c       0x32 CLI.o
 .text.exit._GLOBAL__sub_D_command_help
                0x000002ae       0x1e CLI.o
 .text._Z19getCardInformationsv
                0x000002cc      0x166 SDCard.o
                0x000002cc                _Z19getCardInformationsv
 .text.startup._GLOBAL__sub_I_myFile
                0x00000432       0x3c SDCard.o
 .text.setup    0x0000046e       0x12 Sketch.o
                0x0000046e                setup
 .text.loop     0x00000480        0x2 Sketch.o
                0x00000480                loop
 .text._ZN14HardwareSerial9availableEv
                0x00000482       0x18 C:\Users\Andres\Documents\Atmel Studio\7.0\wetterstation\wetterstation\ArduinoCore\Debug\libArduinoCore.a(HardwareSerial.o)
                0x00000482                _ZN14HardwareSerial9availableEv
 .text._ZN14HardwareSerial4peekEv
                0x0000049a       0x1c C:\Users\Andres\Documents\Atmel Studio\7.0\wetterstation\wetterstation\ArduinoCore\Debug\libArduinoCore.a(HardwareSerial.o)
                0x0000049a                _ZN14HardwareSerial4peekEv
 .text._ZN14HardwareSerial4readEv
                0x000004b6       0x28 C:\Users\Andres\Documents\Atmel Studio\7.0\wetterstation\wetterstation\ArduinoCore\Debug\libArduinoCore.a(HardwareSerial.o)
                0x000004b6                _ZN14HardwareSerial4readEv
 .text._ZN14HardwareSerial17availableForWriteEv
                0x000004de       0x1e C:\Users\Andres\Documents\Atmel Studio\7.0\wetterstation\wetterstation\ArduinoCore\Debug\libArduinoCore.a(HardwareSerial.o)
                0x000004de                _ZN14HardwareSerial17availableForWriteEv
 .text._Z14serialEventRunv
                0x000004fc       0x78 C:\Users\Andres\Documents\Atmel Studio\7.0\wetterstation\wetterstation\ArduinoCore\Debug\libArduinoCore.a(HardwareSerial.o)
                0x000004fc                _Z14serialEventRunv
 .text._ZN14HardwareSerial17_tx_udr_empty_irqEv
                0x00000574       0x44 C:\Users\Andres\Documents\Atmel Studio\7.0\wetterstation\wetterstation\ArduinoCore\Debug\libArduinoCore.a(HardwareSerial.o)
                0x00000574                _ZN14HardwareSerial17_tx_udr_empty_irqEv
 .text._ZN14HardwareSerial5writeEh
                0x000005b8       0x98 C:\Users\Andres\Documents\Atmel Studio\7.0\wetterstation\wetterstation\ArduinoCore\Debug\libArduinoCore.a(HardwareSerial.o)
                0x000005b8                _ZN14HardwareSerial5writeEh
 .text._ZN14HardwareSerial5flushEv
                0x00000650       0x42 C:\Users\Andres\Documents\Atmel Studio\7.0\wetterstation\wetterstation\ArduinoCore\Debug\libArduinoCore.a(HardwareSerial.o)
                0x00000650                _ZN14HardwareSerial5flushEv
 .text._ZN14HardwareSerial5beginEmh
                0x00000692       0xca C:\Users\Andres\Documents\Atmel Studio\7.0\wetterstation\wetterstation\ArduinoCore\Debug\libArduinoCore.a(HardwareSerial.o)
                0x00000692                _ZN14HardwareSerial5beginEmh
 .text._ZN5Print17availableForWriteEv
                0x0000075c        0x6 C:\Users\Andres\Documents\Atmel Studio\7.0\wetterstation\wetterstation\ArduinoCore\Debug\libArduinoCore.a(HardwareSerial0.o)
                0x0000075c                _ZN5Print17availableForWriteEv
 .text._ZN5Print5flushEv
                0x00000762        0x2 C:\Users\Andres\Documents\Atmel Studio\7.0\wetterstation\wetterstation\ArduinoCore\Debug\libArduinoCore.a(HardwareSerial0.o)
                0x00000762                _ZN5Print5flushEv
 .text.__vector_25
                0x00000764       0x6c C:\Users\Andres\Documents\Atmel Studio\7.0\wetterstation\wetterstation\ArduinoCore\Debug\libArduinoCore.a(HardwareSerial0.o)
                0x00000764                __vector_25
 .text.__vector_26
                0x000007d0       0x52 C:\Users\Andres\Documents\Atmel Studio\7.0\wetterstation\wetterstation\ArduinoCore\Debug\libArduinoCore.a(HardwareSerial0.o)
                0x000007d0                __vector_26
 .text._Z17Serial0_availablev
                0x00000822       0x12 C:\Users\Andres\Documents\Atmel Studio\7.0\wetterstation\wetterstation\ArduinoCore\Debug\libArduinoCore.a(HardwareSerial0.o)
                0x00000822                _Z17Serial0_availablev
 .text.startup._GLOBAL__sub_I___vector_25
                0x00000834       0x5a C:\Users\Andres\Documents\Atmel Studio\7.0\wetterstation\wetterstation\ArduinoCore\Debug\libArduinoCore.a(HardwareSerial0.o)
 .text.initVariant
                0x0000088e        0x2 C:\Users\Andres\Documents\Atmel Studio\7.0\wetterstation\wetterstation\ArduinoCore\Debug\libArduinoCore.a(main.o)
                0x0000088e                initVariant
 .text.startup.main
                0x00000890       0x14 C:\Users\Andres\Documents\Atmel Studio\7.0\wetterstation\wetterstation\ArduinoCore\Debug\libArduinoCore.a(main.o)
                0x00000890                main
 .text._ZN5Print5writeEPKhj
                0x000008a4       0x54 C:\Users\Andres\Documents\Atmel Studio\7.0\wetterstation\wetterstation\ArduinoCore\Debug\libArduinoCore.a(Print.o)
                0x000008a4                _ZN5Print5writeEPKhj
 .text._ZN5Print5writeEPKc
                0x000008f8       0x2a C:\Users\Andres\Documents\Atmel Studio\7.0\wetterstation\wetterstation\ArduinoCore\Debug\libArduinoCore.a(Print.o)
                0x000008f8                _ZN5Print5writeEPKc
 .text._ZN5Print5printEPKc
                0x00000922        0x2 C:\Users\Andres\Documents\Atmel Studio\7.0\wetterstation\wetterstation\ArduinoCore\Debug\libArduinoCore.a(Print.o)
                0x00000922                _ZN5Print5printEPKc
 .text._ZN5Print5printEc
                0x00000924        0xe C:\Users\Andres\Documents\Atmel Studio\7.0\wetterstation\wetterstation\ArduinoCore\Debug\libArduinoCore.a(Print.o)
                0x00000924                _ZN5Print5printEc
 .text._ZN5Print7printlnEv
                0x00000932        0x6 C:\Users\Andres\Documents\Atmel Studio\7.0\wetterstation\wetterstation\ArduinoCore\Debug\libArduinoCore.a(Print.o)
                0x00000932                _ZN5Print7printlnEv
 .text._ZN5Print7printlnEPKc
                0x00000938       0x20 C:\Users\Andres\Documents\Atmel Studio\7.0\wetterstation\wetterstation\ArduinoCore\Debug\libArduinoCore.a(Print.o)
                0x00000938                _ZN5Print7printlnEPKc
 .text._ZN5Print11printNumberEmh
                0x00000958       0x90 C:\Users\Andres\Documents\Atmel Studio\7.0\wetterstation\wetterstation\ArduinoCore\Debug\libArduinoCore.a(Print.o)
                0x00000958                _ZN5Print11printNumberEmh
 .text._ZN5Print5printEmi
                0x000009e8       0x18 C:\Users\Andres\Documents\Atmel Studio\7.0\wetterstation\wetterstation\ArduinoCore\Debug\libArduinoCore.a(Print.o)
                0x000009e8                _ZN5Print5printEmi
 .text._ZN5Print5printEhi
                0x00000a00        0xc C:\Users\Andres\Documents\Atmel Studio\7.0\wetterstation\wetterstation\ArduinoCore\Debug\libArduinoCore.a(Print.o)
                0x00000a00                _ZN5Print5printEhi
 .text._ZN5Print7printlnEhi
                0x00000a0c       0x20 C:\Users\Andres\Documents\Atmel Studio\7.0\wetterstation\wetterstation\ArduinoCore\Debug\libArduinoCore.a(Print.o)
                0x00000a0c                _ZN5Print7printlnEhi
 .text._ZN5Print5printEji
                0x00000a2c        0xa C:\Users\Andres\Documents\Atmel Studio\7.0\wetterstation\wetterstation\ArduinoCore\Debug\libArduinoCore.a(Print.o)
                0x00000a2c                _ZN5Print5printEji
 .text._ZN5Print7printlnEmi
                0x00000a36       0x20 C:\Users\Andres\Documents\Atmel Studio\7.0\wetterstation\wetterstation\ArduinoCore\Debug\libArduinoCore.a(Print.o)
                0x00000a36                _ZN5Print7printlnEmi
 .text.nothing  0x00000a56        0x2 C:\Users\Andres\Documents\Atmel Studio\7.0\wetterstation\wetterstation\ArduinoCore\Debug\libArduinoCore.a(WInterrupts.o)
 .text.__vector_1
                0x00000a58       0x56 C:\Users\Andres\Documents\Atmel Studio\7.0\wetterstation\wetterstation\ArduinoCore\Debug\libArduinoCore.a(WInterrupts.o)
                0x00000a58                __vector_1
 .text.__vector_2
                0x00000aae       0x56 C:\Users\Andres\Documents\Atmel Studio\7.0\wetterstation\wetterstation\ArduinoCore\Debug\libArduinoCore.a(WInterrupts.o)
                0x00000aae                __vector_2
 .text.__vector_3
                0x00000b04       0x56 C:\Users\Andres\Documents\Atmel Studio\7.0\wetterstation\wetterstation\ArduinoCore\Debug\libArduinoCore.a(WInterrupts.o)
                0x00000b04                __vector_3
 .text.__vector_4
                0x00000b5a       0x56 C:\Users\Andres\Documents\Atmel Studio\7.0\wetterstation\wetterstation\ArduinoCore\Debug\libArduinoCore.a(WInterrupts.o)
                0x00000b5a                __vector_4
 .text.__vector_5
                0x00000bb0       0x56 C:\Users\Andres\Documents\Atmel Studio\7.0\wetterstation\wetterstation\ArduinoCore\Debug\libArduinoCore.a(WInterrupts.o)
                0x00000bb0                __vector_5
 .text.__vector_6
                0x00000c06       0x56 C:\Users\Andres\Documents\Atmel Studio\7.0\wetterstation\wetterstation\ArduinoCore\Debug\libArduinoCore.a(WInterrupts.o)
                0x00000c06                __vector_6
 .text.__vector_7
                0x00000c5c       0x56 C:\Users\Andres\Documents\Atmel Studio\7.0\wetterstation\wetterstation\ArduinoCore\Debug\libArduinoCore.a(WInterrupts.o)
                0x00000c5c                __vector_7
 .text.__vector_8
                0x00000cb2       0x56 C:\Users\Andres\Documents\Atmel Studio\7.0\wetterstation\wetterstation\ArduinoCore\Debug\libArduinoCore.a(WInterrupts.o)
                0x00000cb2                __vector_8
 .text.__vector_23
                0x00000d08       0x94 C:\Users\Andres\Documents\Atmel Studio\7.0\wetterstation\wetterstation\ArduinoCore\Debug\libArduinoCore.a(wiring.o)
                0x00000d08                __vector_23
 .text.millis   0x00000d9c       0x18 C:\Users\Andres\Documents\Atmel Studio\7.0\wetterstation\wetterstation\ArduinoCore\Debug\libArduinoCore.a(wiring.o)
                0x00000d9c                millis
 .text.init     0x00000db4       0xc4 C:\Users\Andres\Documents\Atmel Studio\7.0\wetterstation\wetterstation\ArduinoCore\Debug\libArduinoCore.a(wiring.o)
                0x00000db4                init
 .text.turnOffPWM
                0x00000e78       0xac C:\Users\Andres\Documents\Atmel Studio\7.0\wetterstation\wetterstation\ArduinoCore\Debug\libArduinoCore.a(wiring_digital.o)
 .text.pinMode  0x00000f24       0x78 C:\Users\Andres\Documents\Atmel Studio\7.0\wetterstation\wetterstation\ArduinoCore\Debug\libArduinoCore.a(wiring_digital.o)
                0x00000f24                pinMode
 .text.digitalWrite
                0x00000f9c       0x5c C:\Users\Andres\Documents\Atmel Studio\7.0\wetterstation\wetterstation\ArduinoCore\Debug\libArduinoCore.a(wiring_digital.o)
                0x00000f9c                digitalWrite
 .text._ZN6StringD2Ev
                0x00000ff8        0xa C:\Users\Andres\Documents\Atmel Studio\7.0\wetterstation\wetterstation\ArduinoCore\Debug\libArduinoCore.a(WString.o)
                0x00000ff8                _ZN6StringD2Ev
                0x00000ff8                _ZN6StringD1Ev
 .text._ZN6String10invalidateEv
                0x00001002       0x24 C:\Users\Andres\Documents\Atmel Studio\7.0\wetterstation\wetterstation\ArduinoCore\Debug\libArduinoCore.a(WString.o)
                0x00001002                _ZN6String10invalidateEv
 .text._ZN6String12changeBufferEj
                0x00001026       0x34 C:\Users\Andres\Documents\Atmel Studio\7.0\wetterstation\wetterstation\ArduinoCore\Debug\libArduinoCore.a(WString.o)
                0x00001026                _ZN6String12changeBufferEj
 .text._ZN6String7reserveEj
                0x0000105a       0x36 C:\Users\Andres\Documents\Atmel Studio\7.0\wetterstation\wetterstation\ArduinoCore\Debug\libArduinoCore.a(WString.o)
                0x0000105a                _ZN6String7reserveEj
 .text._ZN6String4copyEPKcj
                0x00001090       0x3e C:\Users\Andres\Documents\Atmel Studio\7.0\wetterstation\wetterstation\ArduinoCore\Debug\libArduinoCore.a(WString.o)
                0x00001090                _ZN6String4copyEPKcj
 .text._ZN6StringC2EPKc
                0x000010ce       0x28 C:\Users\Andres\Documents\Atmel Studio\7.0\wetterstation\wetterstation\ArduinoCore\Debug\libArduinoCore.a(WString.o)
                0x000010ce                _ZN6StringC2EPKc
                0x000010ce                _ZN6StringC1EPKc
 .text._ZN5SDLib4File5writeEh
                0x000010f6       0x2c C:\Users\Andres\Documents\Atmel Studio\7.0\wetterstation\wetterstation\ArduinoCore\Debug\libArduinoCore.a(File.o)
                0x000010f6                _ZN5SDLib4File5writeEh
 .text._ZN5SDLib4File5writeEPKhj
                0x00001122       0x38 C:\Users\Andres\Documents\Atmel Studio\7.0\wetterstation\wetterstation\ArduinoCore\Debug\libArduinoCore.a(File.o)
                0x00001122                _ZN5SDLib4File5writeEPKhj
 .text._ZN5SDLib4File5flushEv
                0x0000115a        0xe C:\Users\Andres\Documents\Atmel Studio\7.0\wetterstation\wetterstation\ArduinoCore\Debug\libArduinoCore.a(File.o)
                0x0000115a                _ZN5SDLib4File5flushEv
 .text._ZN6SdFile4readEv
                0x00001168       0x2c C:\Users\Andres\Documents\Atmel Studio\7.0\wetterstation\wetterstation\ArduinoCore\Debug\libArduinoCore.a(File.o)
                0x00001168                _ZN6SdFile4readEv
 .text._ZN5SDLib4File4readEv
                0x00001194       0x12 C:\Users\Andres\Documents\Atmel Studio\7.0\wetterstation\wetterstation\ArduinoCore\Debug\libArduinoCore.a(File.o)
                0x00001194                _ZN5SDLib4File4readEv
 .text._ZN5SDLib4File4peekEv
                0x000011a6       0x50 C:\Users\Andres\Documents\Atmel Studio\7.0\wetterstation\wetterstation\ArduinoCore\Debug\libArduinoCore.a(File.o)
                0x000011a6                _ZN5SDLib4File4peekEv
 .text._ZN5SDLib4FileC2Ev
                0x000011f6       0x26 C:\Users\Andres\Documents\Atmel Studio\7.0\wetterstation\wetterstation\ArduinoCore\Debug\libArduinoCore.a(File.o)
                0x000011f6                _ZN5SDLib4FileC2Ev
                0x000011f6                _ZN5SDLib4FileC1Ev
 .text._ZN5SDLib4File8positionEv
                0x0000121c       0x20 C:\Users\Andres\Documents\Atmel Studio\7.0\wetterstation\wetterstation\ArduinoCore\Debug\libArduinoCore.a(File.o)
                0x0000121c                _ZN5SDLib4File8positionEv
 .text._ZN5SDLib4File4sizeEv
                0x0000123c       0x20 C:\Users\Andres\Documents\Atmel Studio\7.0\wetterstation\wetterstation\ArduinoCore\Debug\libArduinoCore.a(File.o)
                0x0000123c                _ZN5SDLib4File4sizeEv
 .text._ZN5SDLib4File9availableEv
                0x0000125c       0x5a C:\Users\Andres\Documents\Atmel Studio\7.0\wetterstation\wetterstation\ArduinoCore\Debug\libArduinoCore.a(File.o)
                0x0000125c                _ZN5SDLib4File9availableEv
 .text.startup._GLOBAL__sub_I__ZN5SDLib20getNextPathComponentEPKcPjPc
                0x000012b6       0x2e C:\Users\Andres\Documents\Atmel Studio\7.0\wetterstation\wetterstation\ArduinoCore\Debug\libArduinoCore.a(SD.o)
 .text._ZN8SPIClass14endTransactionEv.part.3
                0x000012e4       0x1a C:\Users\Andres\Documents\Atmel Studio\7.0\wetterstation\wetterstation\ArduinoCore\Debug\libArduinoCore.a(Sd2Card.o)
 .text._ZN11SPISettingsC2Emhh
                0x000012fe       0x4a C:\Users\Andres\Documents\Atmel Studio\7.0\wetterstation\wetterstation\ArduinoCore\Debug\libArduinoCore.a(Sd2Card.o)
                0x000012fe                _ZN11SPISettingsC1Emhh
                0x000012fe                _ZN11SPISettingsC2Emhh
 .text._ZN8SPIClass16beginTransactionE11SPISettings
                0x00001348       0x34 C:\Users\Andres\Documents\Atmel Studio\7.0\wetterstation\wetterstation\ArduinoCore\Debug\libArduinoCore.a(Sd2Card.o)
                0x00001348                _ZN8SPIClass16beginTransactionE11SPISettings
 .text._ZN8SPIClass8transferEh
                0x0000137c        0xe C:\Users\Andres\Documents\Atmel Studio\7.0\wetterstation\wetterstation\ArduinoCore\Debug\libArduinoCore.a(Sd2Card.o)
                0x0000137c                _ZN8SPIClass8transferEh
 .text._ZL6spiRecv
                0x0000138a        0x4 C:\Users\Andres\Documents\Atmel Studio\7.0\wetterstation\wetterstation\ArduinoCore\Debug\libArduinoCore.a(Sd2Card.o)
 .text._ZN7Sd2Card14chipSelectHighEv
                0x0000138e       0x1e C:\Users\Andres\Documents\Atmel Studio\7.0\wetterstation\wetterstation\ArduinoCore\Debug\libArduinoCore.a(Sd2Card.o)
                0x0000138e                _ZN7Sd2Card14chipSelectHighEv
 .text._ZN7Sd2Card13chipSelectLowEv
                0x000013ac       0x28 C:\Users\Andres\Documents\Atmel Studio\7.0\wetterstation\wetterstation\ArduinoCore\Debug\libArduinoCore.a(Sd2Card.o)
                0x000013ac                _ZN7Sd2Card13chipSelectLowEv
 .text._ZN7Sd2Card7readEndEv
                0x000013d4       0x30 C:\Users\Andres\Documents\Atmel Studio\7.0\wetterstation\wetterstation\ArduinoCore\Debug\libArduinoCore.a(Sd2Card.o)
                0x000013d4                _ZN7Sd2Card7readEndEv
 .text._ZN7Sd2Card10setSckRateEh
                0x00001404       0xb4 C:\Users\Andres\Documents\Atmel Studio\7.0\wetterstation\wetterstation\ArduinoCore\Debug\libArduinoCore.a(Sd2Card.o)
                0x00001404                _ZN7Sd2Card10setSckRateEh
 .text._ZN7Sd2Card11waitNotBusyEj
                0x000014b8       0x30 C:\Users\Andres\Documents\Atmel Studio\7.0\wetterstation\wetterstation\ArduinoCore\Debug\libArduinoCore.a(Sd2Card.o)
                0x000014b8                _ZN7Sd2Card11waitNotBusyEj
 .text._ZN7Sd2Card11cardCommandEhm
                0x000014e8       0x90 C:\Users\Andres\Documents\Atmel Studio\7.0\wetterstation\wetterstation\ArduinoCore\Debug\libArduinoCore.a(Sd2Card.o)
                0x000014e8                _ZN7Sd2Card11cardCommandEhm
 .text._ZN7Sd2Card4initEhh
                0x00001578      0x186 C:\Users\Andres\Documents\Atmel Studio\7.0\wetterstation\wetterstation\ArduinoCore\Debug\libArduinoCore.a(Sd2Card.o)
                0x00001578                _ZN7Sd2Card4initEhh
 .text._ZN7Sd2Card14waitStartBlockEv
                0x000016fe       0x42 C:\Users\Andres\Documents\Atmel Studio\7.0\wetterstation\wetterstation\ArduinoCore\Debug\libArduinoCore.a(Sd2Card.o)
                0x000016fe                _ZN7Sd2Card14waitStartBlockEv
 .text._ZN7Sd2Card8readDataEmjjPh.part.6
                0x00001740       0xec C:\Users\Andres\Documents\Atmel Studio\7.0\wetterstation\wetterstation\ArduinoCore\Debug\libArduinoCore.a(Sd2Card.o)
 .text._ZN7Sd2Card8readDataEmjjPh
                0x0000182c       0x1e C:\Users\Andres\Documents\Atmel Studio\7.0\wetterstation\wetterstation\ArduinoCore\Debug\libArduinoCore.a(Sd2Card.o)
                0x0000182c                _ZN7Sd2Card8readDataEmjjPh
 .text._ZN7Sd2Card9readBlockEmPh
                0x0000184a       0x1e C:\Users\Andres\Documents\Atmel Studio\7.0\wetterstation\wetterstation\ArduinoCore\Debug\libArduinoCore.a(Sd2Card.o)
                0x0000184a                _ZN7Sd2Card9readBlockEmPh
 .text._ZN7Sd2Card9writeDataEhPKh
                0x00001868       0x54 C:\Users\Andres\Documents\Atmel Studio\7.0\wetterstation\wetterstation\ArduinoCore\Debug\libArduinoCore.a(Sd2Card.o)
                0x00001868                _ZN7Sd2Card9writeDataEhPKh
 .text._ZN7Sd2Card10writeBlockEmPKh
                0x000018bc       0x8e C:\Users\Andres\Documents\Atmel Studio\7.0\wetterstation\wetterstation\ArduinoCore\Debug\libArduinoCore.a(Sd2Card.o)
                0x000018bc                _ZN7Sd2Card10writeBlockEmPKh
 .text.startup._GLOBAL__sub_I__ZN7Sd2Card11cardCommandEhm
                0x0000194a        0xc C:\Users\Andres\Documents\Atmel Studio\7.0\wetterstation\wetterstation\ArduinoCore\Debug\libArduinoCore.a(Sd2Card.o)
 .text._ZN6SdFile10addClusterEv
                0x00001956       0x4e C:\Users\Andres\Documents\Atmel Studio\7.0\wetterstation\wetterstation\ArduinoCore\Debug\libArduinoCore.a(SdFile.o)
                0x00001956                _ZN6SdFile10addClusterEv
 .text._ZN6SdFile13cacheDirEntryEh
                0x000019a4       0x30 C:\Users\Andres\Documents\Atmel Studio\7.0\wetterstation\wetterstation\ArduinoCore\Debug\libArduinoCore.a(SdFile.o)
                0x000019a4                _ZN6SdFile13cacheDirEntryEh
 .text._ZN6SdFile8openRootEP8SdVolume
                0x000019d4       0xa0 C:\Users\Andres\Documents\Atmel Studio\7.0\wetterstation\wetterstation\ArduinoCore\Debug\libArduinoCore.a(SdFile.o)
                0x000019d4                _ZN6SdFile8openRootEP8SdVolume
 .text._ZN6SdFile14printTwoDigitsEh
                0x00001a74       0x34 C:\Users\Andres\Documents\Atmel Studio\7.0\wetterstation\wetterstation\ArduinoCore\Debug\libArduinoCore.a(SdFile.o)
                0x00001a74                _ZN6SdFile14printTwoDigitsEh
 .text._ZN6SdFile12printFatDateEj
                0x00001aa8       0x4c C:\Users\Andres\Documents\Atmel Studio\7.0\wetterstation\wetterstation\ArduinoCore\Debug\libArduinoCore.a(SdFile.o)
                0x00001aa8                _ZN6SdFile12printFatDateEj
 .text._ZN6SdFile12printFatTimeEj
                0x00001af4       0x40 C:\Users\Andres\Documents\Atmel Studio\7.0\wetterstation\wetterstation\ArduinoCore\Debug\libArduinoCore.a(SdFile.o)
                0x00001af4                _ZN6SdFile12printFatTimeEj
 .text._ZN6SdFile4readEPvj
                0x00001b34      0x204 C:\Users\Andres\Documents\Atmel Studio\7.0\wetterstation\wetterstation\ArduinoCore\Debug\libArduinoCore.a(SdFile.o)
                0x00001b34                _ZN6SdFile4readEPvj
 .text._ZN6SdFile12readDirCacheEv
                0x00001d38       0x90 C:\Users\Andres\Documents\Atmel Studio\7.0\wetterstation\wetterstation\ArduinoCore\Debug\libArduinoCore.a(SdFile.o)
                0x00001d38                _ZN6SdFile12readDirCacheEv
 .text._ZN6SdFile7seekSetEm
                0x00001dc8      0x12c C:\Users\Andres\Documents\Atmel Studio\7.0\wetterstation\wetterstation\ArduinoCore\Debug\libArduinoCore.a(SdFile.o)
                0x00001dc8                _ZN6SdFile7seekSetEm
 .text._ZN6SdFile4syncEv
                0x00001ef4       0x8a C:\Users\Andres\Documents\Atmel Studio\7.0\wetterstation\wetterstation\ArduinoCore\Debug\libArduinoCore.a(SdFile.o)
                0x00001ef4                _ZN6SdFile4syncEv
 .text._ZN6SdFile8truncateEm
                0x00001f7e      0x15a C:\Users\Andres\Documents\Atmel Studio\7.0\wetterstation\wetterstation\ArduinoCore\Debug\libArduinoCore.a(SdFile.o)
                0x00001f7e                _ZN6SdFile8truncateEm
 .text._ZN6SdFile15openCachedEntryEhh
                0x000020d8       0xcc C:\Users\Andres\Documents\Atmel Studio\7.0\wetterstation\wetterstation\ArduinoCore\Debug\libArduinoCore.a(SdFile.o)
                0x000020d8                _ZN6SdFile15openCachedEntryEhh
 .text._ZN6SdFile4openEPS_jh
                0x000021a4       0x8a C:\Users\Andres\Documents\Atmel Studio\7.0\wetterstation\wetterstation\ArduinoCore\Debug\libArduinoCore.a(SdFile.o)
                0x000021a4                _ZN6SdFile4openEPS_jh
 .text._ZN6SdFile5writeEPKvj
                0x0000222e      0x334 C:\Users\Andres\Documents\Atmel Studio\7.0\wetterstation\wetterstation\ArduinoCore\Debug\libArduinoCore.a(SdFile.o)
                0x0000222e                _ZN6SdFile5writeEPKvj
 .text._ZN6SdFile5writeEh
                0x00002562       0x20 C:\Users\Andres\Documents\Atmel Studio\7.0\wetterstation\wetterstation\ArduinoCore\Debug\libArduinoCore.a(SdFile.o)
                0x00002562                _ZN6SdFile5writeEh
 .text._ZN6SdFile12printDirNameERK14directoryEntryh
                0x00002582       0x76 C:\Users\Andres\Documents\Atmel Studio\7.0\wetterstation\wetterstation\ArduinoCore\Debug\libArduinoCore.a(SdFile.o)
                0x00002582                _ZN6SdFile12printDirNameERK14directoryEntryh
 .text._ZN6SdFile2lsEhh
                0x000025f8      0x1be C:\Users\Andres\Documents\Atmel Studio\7.0\wetterstation\wetterstation\ArduinoCore\Debug\libArduinoCore.a(SdFile.o)
                0x000025f8                _ZN6SdFile2lsEhh
 .text._ZN8SdVolume10cacheFlushEv
                0x000027b6       0x72 C:\Users\Andres\Documents\Atmel Studio\7.0\wetterstation\wetterstation\ArduinoCore\Debug\libArduinoCore.a(SdVolume.o)
                0x000027b6                _ZN8SdVolume10cacheFlushEv
 .text._ZN8SdVolume13cacheRawBlockEmh
                0x00002828       0x74 C:\Users\Andres\Documents\Atmel Studio\7.0\wetterstation\wetterstation\ArduinoCore\Debug\libArduinoCore.a(SdVolume.o)
                0x00002828                _ZN8SdVolume13cacheRawBlockEmh
 .text._ZNK8SdVolume6fatGetEmPm
                0x0000289c      0x104 C:\Users\Andres\Documents\Atmel Studio\7.0\wetterstation\wetterstation\ArduinoCore\Debug\libArduinoCore.a(SdVolume.o)
                0x0000289c                _ZNK8SdVolume6fatGetEmPm
 .text._ZNK8SdVolume9chainSizeEmPm
                0x000029a0       0xd0 C:\Users\Andres\Documents\Atmel Studio\7.0\wetterstation\wetterstation\ArduinoCore\Debug\libArduinoCore.a(SdVolume.o)
                0x000029a0                _ZNK8SdVolume9chainSizeEmPm
 .text._ZN8SdVolume6fatPutEmm
                0x00002a70      0x140 C:\Users\Andres\Documents\Atmel Studio\7.0\wetterstation\wetterstation\ArduinoCore\Debug\libArduinoCore.a(SdVolume.o)
                0x00002a70                _ZN8SdVolume6fatPutEmm
 .text._ZN8SdVolume15allocContiguousEmPm
                0x00002bb0      0x222 C:\Users\Andres\Documents\Atmel Studio\7.0\wetterstation\wetterstation\ArduinoCore\Debug\libArduinoCore.a(SdVolume.o)
                0x00002bb0                _ZN8SdVolume15allocContiguousEmPm
 .text._ZN8SdVolume9freeChainEm
                0x00002dd2       0xa8 C:\Users\Andres\Documents\Atmel Studio\7.0\wetterstation\wetterstation\ArduinoCore\Debug\libArduinoCore.a(SdVolume.o)
                0x00002dd2                _ZN8SdVolume9freeChainEm
 .text._ZN8SdVolume4initEP7Sd2Cardh
                0x00002e7a      0x228 C:\Users\Andres\Documents\Atmel Studio\7.0\wetterstation\wetterstation\ArduinoCore\Debug\libArduinoCore.a(SdVolume.o)
                0x00002e7a                _ZN8SdVolume4initEP7Sd2Cardh
 .text._ZN8SPIClass5beginEv
                0x000030a2       0x6c C:\Users\Andres\Documents\Atmel Studio\7.0\wetterstation\wetterstation\ArduinoCore\Debug\libArduinoCore.a(SPI.o)
                0x000030a2                _ZN8SPIClass5beginEv
 .text.libgcc.div
                0x0000310e       0x18 c:/program files (x86)/atmel/studio/7.0/toolchain/avr8/avr8-gnu-toolchain/bin/../lib/gcc/avr/5.4.0/avr6\libgcc.a(_udivmodqi4.o)
                0x0000310e                __udivmodqi4
 .text.libgcc.div
                0x00003126       0x44 c:/program files (x86)/atmel/studio/7.0/toolchain/avr8/avr8-gnu-toolchain/bin/../lib/gcc/avr/5.4.0/avr6\libgcc.a(_udivmodsi4.o)
                0x00003126                __udivmodsi4
 .text.libgcc   0x0000316a       0x10 c:/program files (x86)/atmel/studio/7.0/toolchain/avr8/avr8-gnu-toolchain/bin/../lib/gcc/avr/5.4.0/avr6\libgcc.a(_tablejump2.o)
                0x0000316a                __tablejump2__
 .text.libgcc.mul
                0x0000317a       0x14 c:/program files (x86)/atmel/studio/7.0/toolchain/avr8/avr8-gnu-toolchain/bin/../lib/gcc/avr/5.4.0/avr6\libgcc.a(_muluhisi3.o)
                0x0000317a                __muluhisi3
 .text.libgcc.mul
                0x0000318e       0x1e c:/program files (x86)/atmel/studio/7.0/toolchain/avr8/avr8-gnu-toolchain/bin/../lib/gcc/avr/5.4.0/avr6\libgcc.a(_umulhisi3.o)
                0x0000318e                __umulhisi3
 .text.avr-libc
                0x000031ac      0x242 c:/program files (x86)/atmel/studio/7.0/toolchain/avr8/avr8-gnu-toolchain/bin/../lib/gcc/avr/5.4.0/../../../../avr/lib/avr6\libc.a(malloc.o)
                0x000031ac                malloc
                0x000032dc                free
 .text.avr-libc
                0x000033ee      0x1c0 c:/program files (x86)/atmel/studio/7.0/toolchain/avr8/avr8-gnu-toolchain/bin/../lib/gcc/avr/5.4.0/../../../../avr/lib/avr6\libc.a(realloc.o)
                0x000033ee                realloc
 .text.avr-libc
                0x000035ae       0x12 c:/program files (x86)/atmel/studio/7.0/toolchain/avr8/avr8-gnu-toolchain/bin/../lib/gcc/avr/5.4.0/../../../../avr/lib/avr6\libc.a(memcpy.o)
                0x000035ae                memcpy
 .text.avr-libc
                0x000035c0        0xe c:/program files (x86)/atmel/studio/7.0/toolchain/avr8/avr8-gnu-toolchain/bin/../lib/gcc/avr/5.4.0/../../../../avr/lib/avr6\libc.a(strcpy.o)
                0x000035c0                strcpy
                0x000035ce                . = ALIGN (0x2)
 *(.fini9)
 .fini9         0x000035ce        0x0 c:/program files (x86)/atmel/studio/7.0/toolchain/avr8/avr8-gnu-toolchain/bin/../lib/gcc/avr/5.4.0/avr6\libgcc.a(_exit.o)
                0x000035ce                _exit
                0x000035ce                exit
 *(.fini9)
 *(.fini8)
 *(.fini8)
 *(.fini7)
 *(.fini7)
 *(.fini6)
 .fini6         0x000035ce       0x1e c:/program files (x86)/atmel/studio/7.0/toolchain/avr8/avr8-gnu-toolchain/bin/../lib/gcc/avr/5.4.0/avr6\libgcc.a(_dtors.o)
                0x000035ce                __do_global_dtors
 *(.fini6)
 *(.fini5)
 *(.fini5)
 *(.fini4)
 *(.fini4)
 *(.fini3)
 *(.fini3)
 *(.fini2)
 *(.fini2)
 *(.fini1)
 *(.fini1)
 *(.fini0)
 .fini0         0x000035ec        0x4 c:/program files (x86)/atmel/studio/7.0/toolchain/avr8/avr8-gnu-toolchain/bin/../lib/gcc/avr/5.4.0/avr6\libgcc.a(_exit.o)
 *(.fini0)
                0x000035f0                _etext = .

.data           0x00800200      0x3e0 load address 0x000035f0
                0x00800200                PROVIDE (__data_start, .)
 *(.data)
 .data          0x00800200        0x6 c:/program files (x86)/atmel/studio/7.0/toolchain/avr8/avr8-gnu-toolchain/bin/../lib/gcc/avr/5.4.0/../../../../avr/lib/avr6\libc.a(malloc.o)
                0x00800200                __malloc_heap_end
                0x00800202                __malloc_heap_start
                0x00800204                __malloc_margin
 *(.data*)
 .data.intFunc  0x00800206       0x10 C:\Users\Andres\Documents\Atmel Studio\7.0\wetterstation\wetterstation\ArduinoCore\Debug\libArduinoCore.a(WInterrupts.o)
 .data._ZN8SdVolume17cacheBlockNumber_E
                0x00800216        0x4 C:\Users\Andres\Documents\Atmel Studio\7.0\wetterstation\wetterstation\ArduinoCore\Debug\libArduinoCore.a(SdVolume.o)
                0x00800216                _ZN8SdVolume17cacheBlockNumber_E
 *(.gnu.linkonce.d*)
 *(.rodata)
 *(.rodata*)
 .rodata.str1.1
                0x0080021a      0x20c CLI.o
                                0x20d (size before relaxing)
 .rodata.str1.1
                0x00800426      0x17a SDCard.o
 .rodata._ZTV14HardwareSerial
                0x008005a0       0x12 C:\Users\Andres\Documents\Atmel Studio\7.0\wetterstation\wetterstation\ArduinoCore\Debug\libArduinoCore.a(HardwareSerial.o)
                0x008005a0                _ZTV14HardwareSerial
 .rodata.str1.1
                0x008005b2        0xf C:\Users\Andres\Documents\Atmel Studio\7.0\wetterstation\wetterstation\ArduinoCore\Debug\libArduinoCore.a(Print.o)
 .rodata._ZTVN5SDLib4FileE
                0x008005c1       0x12 C:\Users\Andres\Documents\Atmel Studio\7.0\wetterstation\wetterstation\ArduinoCore\Debug\libArduinoCore.a(File.o)
                0x008005c1                _ZTVN5SDLib4FileE
 .rodata._ZTV6SdFile
                0x008005d3        0xc C:\Users\Andres\Documents\Atmel Studio\7.0\wetterstation\wetterstation\ArduinoCore\Debug\libArduinoCore.a(SdFile.o)
                0x008005d3                _ZTV6SdFile
 *(.gnu.linkonce.r*)
                0x008005e0                . = ALIGN (0x2)
 *fill*         0x008005df        0x1 
                0x008005e0                _edata = .
                0x008005e0                PROVIDE (__data_end, .)

.bss            0x008005e0      0x383
                0x008005e0                PROVIDE (__bss_start, .)
 *(.bss)
 *(.bss*)
 .bss.show_sdCardInfo
                0x008005e0        0x6 CLI.o
                0x008005e0                show_sdCardInfo
 .bss.command_show
                0x008005e6        0x6 CLI.o
                0x008005e6                command_show
 .bss.command_exit
                0x008005ec        0x6 CLI.o
                0x008005ec                command_exit
 .bss.command_config
                0x008005f2        0x6 CLI.o
                0x008005f2                command_config
 .bss.command_help
                0x008005f8        0x6 CLI.o
                0x008005f8                command_help
 .bss.root      0x008005fe       0x1d SDCard.o
                0x008005fe                root
 .bss.volume    0x0080061b       0x1e SDCard.o
                0x0080061b                volume
 .bss.card      0x00800639        0xc SDCard.o
                0x00800639                card
 .bss.myFile    0x00800645       0x1b SDCard.o
                0x00800645                myFile
 .bss.Serial    0x00800660       0x9d C:\Users\Andres\Documents\Atmel Studio\7.0\wetterstation\wetterstation\ArduinoCore\Debug\libArduinoCore.a(HardwareSerial0.o)
                0x00800660                Serial
 .bss.timer0_fract
                0x008006fd        0x1 C:\Users\Andres\Documents\Atmel Studio\7.0\wetterstation\wetterstation\ArduinoCore\Debug\libArduinoCore.a(wiring.o)
 .bss.timer0_millis
                0x008006fe        0x4 C:\Users\Andres\Documents\Atmel Studio\7.0\wetterstation\wetterstation\ArduinoCore\Debug\libArduinoCore.a(wiring.o)
                0x008006fe                timer0_millis
 .bss.timer0_overflow_count
                0x00800702        0x4 C:\Users\Andres\Documents\Atmel Studio\7.0\wetterstation\wetterstation\ArduinoCore\Debug\libArduinoCore.a(wiring.o)
                0x00800702                timer0_overflow_count
 .bss._ZN5SDLib2SDE
                0x00800706       0x49 C:\Users\Andres\Documents\Atmel Studio\7.0\wetterstation\wetterstation\ArduinoCore\Debug\libArduinoCore.a(SD.o)
                0x00800706                _ZN5SDLib2SDE
 .bss._ZL20chip_select_asserted
                0x0080074f        0x1 C:\Users\Andres\Documents\Atmel Studio\7.0\wetterstation\wetterstation\ArduinoCore\Debug\libArduinoCore.a(Sd2Card.o)
 .bss._ZL8settings
                0x00800750        0x2 C:\Users\Andres\Documents\Atmel Studio\7.0\wetterstation\wetterstation\ArduinoCore\Debug\libArduinoCore.a(Sd2Card.o)
 .bss._ZN6SdFile9dateTime_E
                0x00800752        0x2 C:\Users\Andres\Documents\Atmel Studio\7.0\wetterstation\wetterstation\ArduinoCore\Debug\libArduinoCore.a(SdFile.o)
                0x00800752                _ZN6SdFile9dateTime_E
 .bss._ZN8SdVolume17cacheMirrorBlock_E
                0x00800754        0x4 C:\Users\Andres\Documents\Atmel Studio\7.0\wetterstation\wetterstation\ArduinoCore\Debug\libArduinoCore.a(SdVolume.o)
                0x00800754                _ZN8SdVolume17cacheMirrorBlock_E
 .bss._ZN8SdVolume11cacheDirty_E
                0x00800758        0x1 C:\Users\Andres\Documents\Atmel Studio\7.0\wetterstation\wetterstation\ArduinoCore\Debug\libArduinoCore.a(SdVolume.o)
                0x00800758                _ZN8SdVolume11cacheDirty_E
 .bss._ZN8SdVolume7sdCard_E
                0x00800759        0x2 C:\Users\Andres\Documents\Atmel Studio\7.0\wetterstation\wetterstation\ArduinoCore\Debug\libArduinoCore.a(SdVolume.o)
                0x00800759                _ZN8SdVolume7sdCard_E
 .bss._ZN8SdVolume12cacheBuffer_E
                0x0080075b      0x200 C:\Users\Andres\Documents\Atmel Studio\7.0\wetterstation\wetterstation\ArduinoCore\Debug\libArduinoCore.a(SdVolume.o)
                0x0080075b                _ZN8SdVolume12cacheBuffer_E
 .bss._ZN8SPIClass13interruptSaveE
                0x0080095b        0x1 C:\Users\Andres\Documents\Atmel Studio\7.0\wetterstation\wetterstation\ArduinoCore\Debug\libArduinoCore.a(SPI.o)
                0x0080095b                _ZN8SPIClass13interruptSaveE
 .bss._ZN8SPIClass13interruptMaskE
                0x0080095c        0x1 C:\Users\Andres\Documents\Atmel Studio\7.0\wetterstation\wetterstation\ArduinoCore\Debug\libArduinoCore.a(SPI.o)
                0x0080095c                _ZN8SPIClass13interruptMaskE
 .bss._ZN8SPIClass13interruptModeE
                0x0080095d        0x1 C:\Users\Andres\Documents\Atmel Studio\7.0\wetterstation\wetterstation\ArduinoCore\Debug\libArduinoCore.a(SPI.o)
                0x0080095d                _ZN8SPIClass13interruptModeE
 .bss._ZN8SPIClass11initializedE
                0x0080095e        0x1 C:\Users\Andres\Documents\Atmel Studio\7.0\wetterstation\wetterstation\ArduinoCore\Debug\libArduinoCore.a(SPI.o)
                0x0080095e                _ZN8SPIClass11initializedE
 *(COMMON)
 COMMON         0x0080095f        0x4 c:/program files (x86)/atmel/studio/7.0/toolchain/avr8/avr8-gnu-toolchain/bin/../lib/gcc/avr/5.4.0/../../../../avr/lib/avr6\libc.a(malloc.o)
                0x0080095f                __brkval
                0x00800961                __flp
                0x00800963                PROVIDE (__bss_end, .)
                0x000035f0                __data_load_start = LOADADDR (.data)
                0x000039d0                __data_load_end = (__data_load_start + SIZEOF (.data))

.noinit         0x00800963        0x0
                [!provide]                PROVIDE (__noinit_start, .)
 *(.noinit*)
                [!provide]                PROVIDE (__noinit_end, .)
                0x00800963                _end = .
                0x00800963                PROVIDE (__heap_start, .)

.eeprom         0x00810000        0x0
 *(.eeprom*)
                0x00810000                __eeprom_end = .

.fuse
 *(.fuse)
 *(.lfuse)
 *(.hfuse)
 *(.efuse)

.lock
 *(.lock*)

.signature
 *(.signature*)

.user_signatures
 *(.user_signatures*)

.stab
 *(.stab)

.stabstr
 *(.stabstr)

.stab.excl
 *(.stab.excl)

.stab.exclstr
 *(.stab.exclstr)

.stab.index
 *(.stab.index)

.stab.indexstr
 *(.stab.indexstr)

.comment        0x00000000       0x30
 *(.comment)
 .comment       0x00000000       0x30 CLI.o
                                 0x31 (size before relaxing)
 .comment       0x00000030       0x31 SDCard.o
 .comment       0x00000030       0x31 Sketch.o
 .comment       0x00000030       0x31 C:\Users\Andres\Documents\Atmel Studio\7.0\wetterstation\wetterstation\ArduinoCore\Debug\libArduinoCore.a(HardwareSerial.o)
 .comment       0x00000030       0x31 C:\Users\Andres\Documents\Atmel Studio\7.0\wetterstation\wetterstation\ArduinoCore\Debug\libArduinoCore.a(HardwareSerial0.o)
 .comment       0x00000030       0x31 C:\Users\Andres\Documents\Atmel Studio\7.0\wetterstation\wetterstation\ArduinoCore\Debug\libArduinoCore.a(main.o)
 .comment       0x00000030       0x31 C:\Users\Andres\Documents\Atmel Studio\7.0\wetterstation\wetterstation\ArduinoCore\Debug\libArduinoCore.a(Print.o)
 .comment       0x00000030       0x31 C:\Users\Andres\Documents\Atmel Studio\7.0\wetterstation\wetterstation\ArduinoCore\Debug\libArduinoCore.a(WInterrupts.o)
 .comment       0x00000030       0x31 C:\Users\Andres\Documents\Atmel Studio\7.0\wetterstation\wetterstation\ArduinoCore\Debug\libArduinoCore.a(wiring.o)
 .comment       0x00000030       0x31 C:\Users\Andres\Documents\Atmel Studio\7.0\wetterstation\wetterstation\ArduinoCore\Debug\libArduinoCore.a(wiring_digital.o)
 .comment       0x00000030       0x31 C:\Users\Andres\Documents\Atmel Studio\7.0\wetterstation\wetterstation\ArduinoCore\Debug\libArduinoCore.a(WString.o)
 .comment       0x00000030       0x31 C:\Users\Andres\Documents\Atmel Studio\7.0\wetterstation\wetterstation\ArduinoCore\Debug\libArduinoCore.a(File.o)
 .comment       0x00000030       0x31 C:\Users\Andres\Documents\Atmel Studio\7.0\wetterstation\wetterstation\ArduinoCore\Debug\libArduinoCore.a(SD.o)
 .comment       0x00000030       0x31 C:\Users\Andres\Documents\Atmel Studio\7.0\wetterstation\wetterstation\ArduinoCore\Debug\libArduinoCore.a(Sd2Card.o)
 .comment       0x00000030       0x31 C:\Users\Andres\Documents\Atmel Studio\7.0\wetterstation\wetterstation\ArduinoCore\Debug\libArduinoCore.a(SdFile.o)
 .comment       0x00000030       0x31 C:\Users\Andres\Documents\Atmel Studio\7.0\wetterstation\wetterstation\ArduinoCore\Debug\libArduinoCore.a(SdVolume.o)
 .comment       0x00000030       0x31 C:\Users\Andres\Documents\Atmel Studio\7.0\wetterstation\wetterstation\ArduinoCore\Debug\libArduinoCore.a(SPI.o)
 .comment       0x00000030       0x31 c:/program files (x86)/atmel/studio/7.0/toolchain/avr8/avr8-gnu-toolchain/bin/../lib/gcc/avr/5.4.0/../../../../avr/lib/avr6\libc.a(malloc.o)
 .comment       0x00000030       0x31 c:/program files (x86)/atmel/studio/7.0/toolchain/avr8/avr8-gnu-toolchain/bin/../lib/gcc/avr/5.4.0/../../../../avr/lib/avr6\libc.a(realloc.o)

.note.gnu.avr.deviceinfo
                0x00000000       0x40
 .note.gnu.avr.deviceinfo
                0x00000000       0x40 C:/Program Files (x86)/Atmel/Studio/7.0/Packs/atmel/ATmega_DFP/1.2.209/gcc/dev/atmega2560/avr6/crtatmega2560.o

.note.gnu.build-id
 *(.note.gnu.build-id)

.debug
 *(.debug)

.line
 *(.line)

.debug_srcinfo
 *(.debug_srcinfo)

.debug_sfnames
 *(.debug_sfnames)

.debug_aranges  0x00000000      0xa70
 *(.debug_aranges)
 .debug_aranges
                0x00000000       0x40 CLI.o
 .debug_aranges
                0x00000040       0x48 SDCard.o
 .debug_aranges
                0x00000088       0x28 Sketch.o
 .debug_aranges
                0x000000b0       0x68 C:\Users\Andres\Documents\Atmel Studio\7.0\wetterstation\wetterstation\ArduinoCore\Debug\libArduinoCore.a(HardwareSerial.o)
 .debug_aranges
                0x00000118       0x48 C:\Users\Andres\Documents\Atmel Studio\7.0\wetterstation\wetterstation\ArduinoCore\Debug\libArduinoCore.a(HardwareSerial0.o)
 .debug_aranges
                0x00000160       0x30 C:\Users\Andres\Documents\Atmel Studio\7.0\wetterstation\wetterstation\ArduinoCore\Debug\libArduinoCore.a(main.o)
 .debug_aranges
                0x00000190      0x100 C:\Users\Andres\Documents\Atmel Studio\7.0\wetterstation\wetterstation\ArduinoCore\Debug\libArduinoCore.a(Print.o)
 .debug_aranges
                0x00000290       0x70 C:\Users\Andres\Documents\Atmel Studio\7.0\wetterstation\wetterstation\ArduinoCore\Debug\libArduinoCore.a(WInterrupts.o)
 .debug_aranges
                0x00000300       0x48 C:\Users\Andres\Documents\Atmel Studio\7.0\wetterstation\wetterstation\ArduinoCore\Debug\libArduinoCore.a(wiring.o)
 .debug_aranges
                0x00000348       0x38 C:\Users\Andres\Documents\Atmel Studio\7.0\wetterstation\wetterstation\ArduinoCore\Debug\libArduinoCore.a(wiring_digital.o)
 .debug_aranges
                0x00000380      0x2b8 C:\Users\Andres\Documents\Atmel Studio\7.0\wetterstation\wetterstation\ArduinoCore\Debug\libArduinoCore.a(WString.o)
 .debug_aranges
                0x00000638       0xb0 C:\Users\Andres\Documents\Atmel Studio\7.0\wetterstation\wetterstation\ArduinoCore\Debug\libArduinoCore.a(File.o)
 .debug_aranges
                0x000006e8       0xb8 C:\Users\Andres\Documents\Atmel Studio\7.0\wetterstation\wetterstation\ArduinoCore\Debug\libArduinoCore.a(SD.o)
 .debug_aranges
                0x000007a0       0xf8 C:\Users\Andres\Documents\Atmel Studio\7.0\wetterstation\wetterstation\ArduinoCore\Debug\libArduinoCore.a(Sd2Card.o)
 .debug_aranges
                0x00000898      0x140 C:\Users\Andres\Documents\Atmel Studio\7.0\wetterstation\wetterstation\ArduinoCore\Debug\libArduinoCore.a(SdFile.o)
 .debug_aranges
                0x000009d8       0x60 C:\Users\Andres\Documents\Atmel Studio\7.0\wetterstation\wetterstation\ArduinoCore\Debug\libArduinoCore.a(SdVolume.o)
 .debug_aranges
                0x00000a38       0x38 C:\Users\Andres\Documents\Atmel Studio\7.0\wetterstation\wetterstation\ArduinoCore\Debug\libArduinoCore.a(SPI.o)

.debug_pubnames
 *(.debug_pubnames)

.debug_info     0x00000000    0x25742
 *(.debug_info .gnu.linkonce.wi.*)
 .debug_info    0x00000000      0xbbc C:/Program Files (x86)/Atmel/Studio/7.0/Packs/atmel/ATmega_DFP/1.2.209/gcc/dev/atmega2560/avr6/crtatmega2560.o
 .debug_info    0x00000bbc     0x1a3c CLI.o
 .debug_info    0x000025f8     0x4907 SDCard.o
 .debug_info    0x00006eff      0x31b Sketch.o
 .debug_info    0x0000721a     0x205e C:\Users\Andres\Documents\Atmel Studio\7.0\wetterstation\wetterstation\ArduinoCore\Debug\libArduinoCore.a(HardwareSerial.o)
 .debug_info    0x00009278     0x1b74 C:\Users\Andres\Documents\Atmel Studio\7.0\wetterstation\wetterstation\ArduinoCore\Debug\libArduinoCore.a(HardwareSerial0.o)
 .debug_info    0x0000adec      0x295 C:\Users\Andres\Documents\Atmel Studio\7.0\wetterstation\wetterstation\ArduinoCore\Debug\libArduinoCore.a(main.o)
 .debug_info    0x0000b081     0x295d C:\Users\Andres\Documents\Atmel Studio\7.0\wetterstation\wetterstation\ArduinoCore\Debug\libArduinoCore.a(Print.o)
 .debug_info    0x0000d9de      0x301 C:\Users\Andres\Documents\Atmel Studio\7.0\wetterstation\wetterstation\ArduinoCore\Debug\libArduinoCore.a(WInterrupts.o)
 .debug_info    0x0000dcdf      0x329 C:\Users\Andres\Documents\Atmel Studio\7.0\wetterstation\wetterstation\ArduinoCore\Debug\libArduinoCore.a(wiring.o)
 .debug_info    0x0000e008      0x63a C:\Users\Andres\Documents\Atmel Studio\7.0\wetterstation\wetterstation\ArduinoCore\Debug\libArduinoCore.a(wiring_digital.o)
 .debug_info    0x0000e642     0x4338 C:\Users\Andres\Documents\Atmel Studio\7.0\wetterstation\wetterstation\ArduinoCore\Debug\libArduinoCore.a(WString.o)
 .debug_info    0x0001297a     0x2d7d C:\Users\Andres\Documents\Atmel Studio\7.0\wetterstation\wetterstation\ArduinoCore\Debug\libArduinoCore.a(File.o)
 .debug_info    0x000156f7     0x4f3b C:\Users\Andres\Documents\Atmel Studio\7.0\wetterstation\wetterstation\ArduinoCore\Debug\libArduinoCore.a(SD.o)
 .debug_info    0x0001a632     0x3204 C:\Users\Andres\Documents\Atmel Studio\7.0\wetterstation\wetterstation\ArduinoCore\Debug\libArduinoCore.a(Sd2Card.o)
 .debug_info    0x0001d836     0x503d C:\Users\Andres\Documents\Atmel Studio\7.0\wetterstation\wetterstation\ArduinoCore\Debug\libArduinoCore.a(SdFile.o)
 .debug_info    0x00022873     0x2802 C:\Users\Andres\Documents\Atmel Studio\7.0\wetterstation\wetterstation\ArduinoCore\Debug\libArduinoCore.a(SdVolume.o)
 .debug_info    0x00025075      0x6cd C:\Users\Andres\Documents\Atmel Studio\7.0\wetterstation\wetterstation\ArduinoCore\Debug\libArduinoCore.a(SPI.o)

.debug_abbrev   0x00000000     0x5165
 *(.debug_abbrev)
 .debug_abbrev  0x00000000      0xb1a C:/Program Files (x86)/Atmel/Studio/7.0/Packs/atmel/ATmega_DFP/1.2.209/gcc/dev/atmega2560/avr6/crtatmega2560.o
 .debug_abbrev  0x00000b1a      0x34a CLI.o
 .debug_abbrev  0x00000e64      0x723 SDCard.o
 .debug_abbrev  0x00001587      0x199 Sketch.o
 .debug_abbrev  0x00001720      0x4b7 C:\Users\Andres\Documents\Atmel Studio\7.0\wetterstation\wetterstation\ArduinoCore\Debug\libArduinoCore.a(HardwareSerial.o)
 .debug_abbrev  0x00001bd7      0x3ce C:\Users\Andres\Documents\Atmel Studio\7.0\wetterstation\wetterstation\ArduinoCore\Debug\libArduinoCore.a(HardwareSerial0.o)
 .debug_abbrev  0x00001fa5      0x12d C:\Users\Andres\Documents\Atmel Studio\7.0\wetterstation\wetterstation\ArduinoCore\Debug\libArduinoCore.a(main.o)
 .debug_abbrev  0x000020d2      0x47a C:\Users\Andres\Documents\Atmel Studio\7.0\wetterstation\wetterstation\ArduinoCore\Debug\libArduinoCore.a(Print.o)
 .debug_abbrev  0x0000254c       0xed C:\Users\Andres\Documents\Atmel Studio\7.0\wetterstation\wetterstation\ArduinoCore\Debug\libArduinoCore.a(WInterrupts.o)
 .debug_abbrev  0x00002639      0x146 C:\Users\Andres\Documents\Atmel Studio\7.0\wetterstation\wetterstation\ArduinoCore\Debug\libArduinoCore.a(wiring.o)
 .debug_abbrev  0x0000277f      0x15a C:\Users\Andres\Documents\Atmel Studio\7.0\wetterstation\wetterstation\ArduinoCore\Debug\libArduinoCore.a(wiring_digital.o)
 .debug_abbrev  0x000028d9      0x4c2 C:\Users\Andres\Documents\Atmel Studio\7.0\wetterstation\wetterstation\ArduinoCore\Debug\libArduinoCore.a(WString.o)
 .debug_abbrev  0x00002d9b      0x51b C:\Users\Andres\Documents\Atmel Studio\7.0\wetterstation\wetterstation\ArduinoCore\Debug\libArduinoCore.a(File.o)
 .debug_abbrev  0x000032b6      0x83e C:\Users\Andres\Documents\Atmel Studio\7.0\wetterstation\wetterstation\ArduinoCore\Debug\libArduinoCore.a(SD.o)
 .debug_abbrev  0x00003af4      0x635 C:\Users\Andres\Documents\Atmel Studio\7.0\wetterstation\wetterstation\ArduinoCore\Debug\libArduinoCore.a(Sd2Card.o)
 .debug_abbrev  0x00004129      0x858 C:\Users\Andres\Documents\Atmel Studio\7.0\wetterstation\wetterstation\ArduinoCore\Debug\libArduinoCore.a(SdFile.o)
 .debug_abbrev  0x00004981      0x561 C:\Users\Andres\Documents\Atmel Studio\7.0\wetterstation\wetterstation\ArduinoCore\Debug\libArduinoCore.a(SdVolume.o)
 .debug_abbrev  0x00004ee2      0x283 C:\Users\Andres\Documents\Atmel Studio\7.0\wetterstation\wetterstation\ArduinoCore\Debug\libArduinoCore.a(SPI.o)

.debug_line     0x00000000     0x6b19
 *(.debug_line .debug_line.* .debug_line_end)
 .debug_line    0x00000000      0x1f9 C:/Program Files (x86)/Atmel/Studio/7.0/Packs/atmel/ATmega_DFP/1.2.209/gcc/dev/atmega2560/avr6/crtatmega2560.o
 .debug_line    0x000001f9      0x396 CLI.o
 .debug_line    0x0000058f      0x500 SDCard.o
 .debug_line    0x00000a8f      0x1c1 Sketch.o
 .debug_line    0x00000c50      0x527 C:\Users\Andres\Documents\Atmel Studio\7.0\wetterstation\wetterstation\ArduinoCore\Debug\libArduinoCore.a(HardwareSerial.o)
 .debug_line    0x00001177      0x288 C:\Users\Andres\Documents\Atmel Studio\7.0\wetterstation\wetterstation\ArduinoCore\Debug\libArduinoCore.a(HardwareSerial0.o)
 .debug_line    0x000013ff      0x161 C:\Users\Andres\Documents\Atmel Studio\7.0\wetterstation\wetterstation\ArduinoCore\Debug\libArduinoCore.a(main.o)
 .debug_line    0x00001560      0x681 C:\Users\Andres\Documents\Atmel Studio\7.0\wetterstation\wetterstation\ArduinoCore\Debug\libArduinoCore.a(Print.o)
 .debug_line    0x00001be1      0x2da C:\Users\Andres\Documents\Atmel Studio\7.0\wetterstation\wetterstation\ArduinoCore\Debug\libArduinoCore.a(WInterrupts.o)
 .debug_line    0x00001ebb      0x2cb C:\Users\Andres\Documents\Atmel Studio\7.0\wetterstation\wetterstation\ArduinoCore\Debug\libArduinoCore.a(wiring.o)
 .debug_line    0x00002186      0x284 C:\Users\Andres\Documents\Atmel Studio\7.0\wetterstation\wetterstation\ArduinoCore\Debug\libArduinoCore.a(wiring_digital.o)
 .debug_line    0x0000240a     0x1355 C:\Users\Andres\Documents\Atmel Studio\7.0\wetterstation\wetterstation\ArduinoCore\Debug\libArduinoCore.a(WString.o)
 .debug_line    0x0000375f      0x5a9 C:\Users\Andres\Documents\Atmel Studio\7.0\wetterstation\wetterstation\ArduinoCore\Debug\libArduinoCore.a(File.o)
 .debug_line    0x00003d08      0x7fb C:\Users\Andres\Documents\Atmel Studio\7.0\wetterstation\wetterstation\ArduinoCore\Debug\libArduinoCore.a(SD.o)
 .debug_line    0x00004503      0xb41 C:\Users\Andres\Documents\Atmel Studio\7.0\wetterstation\wetterstation\ArduinoCore\Debug\libArduinoCore.a(Sd2Card.o)
 .debug_line    0x00005044     0x123a C:\Users\Andres\Documents\Atmel Studio\7.0\wetterstation\wetterstation\ArduinoCore\Debug\libArduinoCore.a(SdFile.o)
 .debug_line    0x0000627e      0x5b0 C:\Users\Andres\Documents\Atmel Studio\7.0\wetterstation\wetterstation\ArduinoCore\Debug\libArduinoCore.a(SdVolume.o)
 .debug_line    0x0000682e      0x2eb C:\Users\Andres\Documents\Atmel Studio\7.0\wetterstation\wetterstation\ArduinoCore\Debug\libArduinoCore.a(SPI.o)

.debug_frame    0x00000000     0x298c
 *(.debug_frame)
 .debug_frame   0x00000000       0xc8 CLI.o
 .debug_frame   0x000000c8       0xec SDCard.o
 .debug_frame   0x000001b4       0x34 Sketch.o
 .debug_frame   0x000001e8      0x110 C:\Users\Andres\Documents\Atmel Studio\7.0\wetterstation\wetterstation\ArduinoCore\Debug\libArduinoCore.a(HardwareSerial.o)
 .debug_frame   0x000002f8       0xe0 C:\Users\Andres\Documents\Atmel Studio\7.0\wetterstation\wetterstation\ArduinoCore\Debug\libArduinoCore.a(HardwareSerial0.o)
 .debug_frame   0x000003d8       0x54 C:\Users\Andres\Documents\Atmel Studio\7.0\wetterstation\wetterstation\ArduinoCore\Debug\libArduinoCore.a(main.o)
 .debug_frame   0x0000042c      0x3ac C:\Users\Andres\Documents\Atmel Studio\7.0\wetterstation\wetterstation\ArduinoCore\Debug\libArduinoCore.a(Print.o)
 .debug_frame   0x000007d8      0x304 C:\Users\Andres\Documents\Atmel Studio\7.0\wetterstation\wetterstation\ArduinoCore\Debug\libArduinoCore.a(WInterrupts.o)
 .debug_frame   0x00000adc       0xc4 C:\Users\Andres\Documents\Atmel Studio\7.0\wetterstation\wetterstation\ArduinoCore\Debug\libArduinoCore.a(wiring.o)
 .debug_frame   0x00000ba0       0x7c C:\Users\Andres\Documents\Atmel Studio\7.0\wetterstation\wetterstation\ArduinoCore\Debug\libArduinoCore.a(wiring_digital.o)
 .debug_frame   0x00000c1c      0xa60 C:\Users\Andres\Documents\Atmel Studio\7.0\wetterstation\wetterstation\ArduinoCore\Debug\libArduinoCore.a(WString.o)
 .debug_frame   0x0000167c      0x1d0 C:\Users\Andres\Documents\Atmel Studio\7.0\wetterstation\wetterstation\ArduinoCore\Debug\libArduinoCore.a(File.o)
 .debug_frame   0x0000184c      0x324 C:\Users\Andres\Documents\Atmel Studio\7.0\wetterstation\wetterstation\ArduinoCore\Debug\libArduinoCore.a(SD.o)
 .debug_frame   0x00001b70      0x43c C:\Users\Andres\Documents\Atmel Studio\7.0\wetterstation\wetterstation\ArduinoCore\Debug\libArduinoCore.a(Sd2Card.o)
 .debug_frame   0x00001fac      0x708 C:\Users\Andres\Documents\Atmel Studio\7.0\wetterstation\wetterstation\ArduinoCore\Debug\libArduinoCore.a(SdFile.o)
 .debug_frame   0x000026b4      0x27c C:\Users\Andres\Documents\Atmel Studio\7.0\wetterstation\wetterstation\ArduinoCore\Debug\libArduinoCore.a(SdVolume.o)
 .debug_frame   0x00002930       0x5c C:\Users\Andres\Documents\Atmel Studio\7.0\wetterstation\wetterstation\ArduinoCore\Debug\libArduinoCore.a(SPI.o)

.debug_str      0x00000000     0x587c
 *(.debug_str)
 .debug_str     0x00000000      0x3e6 C:/Program Files (x86)/Atmel/Studio/7.0/Packs/atmel/ATmega_DFP/1.2.209/gcc/dev/atmega2560/avr6/crtatmega2560.o
 .debug_str     0x000003e6      0xf87 CLI.o
                               0x1041 (size before relaxing)
 .debug_str     0x0000136d     0x200c SDCard.o
                               0x2fb4 (size before relaxing)
 .debug_str     0x00003379       0x59 Sketch.o
                                0x327 (size before relaxing)
 .debug_str     0x000033d2      0x46b C:\Users\Andres\Documents\Atmel Studio\7.0\wetterstation\wetterstation\ArduinoCore\Debug\libArduinoCore.a(HardwareSerial.o)
                               0x16f9 (size before relaxing)
 .debug_str     0x0000383d       0x78 C:\Users\Andres\Documents\Atmel Studio\7.0\wetterstation\wetterstation\ArduinoCore\Debug\libArduinoCore.a(HardwareSerial0.o)
                               0x1414 (size before relaxing)
 .debug_str     0x000038b5       0x37 C:\Users\Andres\Documents\Atmel Studio\7.0\wetterstation\wetterstation\ArduinoCore\Debug\libArduinoCore.a(main.o)
                                0x2c0 (size before relaxing)
 .debug_str     0x000038ec      0x348 C:\Users\Andres\Documents\Atmel Studio\7.0\wetterstation\wetterstation\ArduinoCore\Debug\libArduinoCore.a(Print.o)
                               0x124e (size before relaxing)
 .debug_str     0x00003c34      0x1a0 C:\Users\Andres\Documents\Atmel Studio\7.0\wetterstation\wetterstation\ArduinoCore\Debug\libArduinoCore.a(WInterrupts.o)
                                0x285 (size before relaxing)
 .debug_str     0x00003dd4       0x85 C:\Users\Andres\Documents\Atmel Studio\7.0\wetterstation\wetterstation\ArduinoCore\Debug\libArduinoCore.a(wiring.o)
                                0x256 (size before relaxing)
 .debug_str     0x00003e59       0xca C:\Users\Andres\Documents\Atmel Studio\7.0\wetterstation\wetterstation\ArduinoCore\Debug\libArduinoCore.a(wiring_digital.o)
                                0x2bb (size before relaxing)
 .debug_str     0x00003f23      0x3cc C:\Users\Andres\Documents\Atmel Studio\7.0\wetterstation\wetterstation\ArduinoCore\Debug\libArduinoCore.a(WString.o)
                               0x11a1 (size before relaxing)
 .debug_str     0x000042ef      0x356 C:\Users\Andres\Documents\Atmel Studio\7.0\wetterstation\wetterstation\ArduinoCore\Debug\libArduinoCore.a(File.o)
                               0x1dca (size before relaxing)
 .debug_str     0x00004645      0x3f0 C:\Users\Andres\Documents\Atmel Studio\7.0\wetterstation\wetterstation\ArduinoCore\Debug\libArduinoCore.a(SD.o)
                               0x2dfe (size before relaxing)
 .debug_str     0x00004a35      0x431 C:\Users\Andres\Documents\Atmel Studio\7.0\wetterstation\wetterstation\ArduinoCore\Debug\libArduinoCore.a(Sd2Card.o)
                               0x12f9 (size before relaxing)
 .debug_str     0x00004e66      0x877 C:\Users\Andres\Documents\Atmel Studio\7.0\wetterstation\wetterstation\ArduinoCore\Debug\libArduinoCore.a(SdFile.o)
                               0x2757 (size before relaxing)
 .debug_str     0x000056dd       0xfb C:\Users\Andres\Documents\Atmel Studio\7.0\wetterstation\wetterstation\ArduinoCore\Debug\libArduinoCore.a(SdVolume.o)
                               0x1afe (size before relaxing)
 .debug_str     0x000057d8       0xa4 C:\Users\Andres\Documents\Atmel Studio\7.0\wetterstation\wetterstation\ArduinoCore\Debug\libArduinoCore.a(SPI.o)
                                0x6b9 (size before relaxing)

.debug_loc      0x00000000    0x1025c
 *(.debug_loc)
 .debug_loc     0x00000000      0x23a CLI.o
 .debug_loc     0x0000023a      0x44d SDCard.o
 .debug_loc     0x00000687       0x16 Sketch.o
 .debug_loc     0x0000069d      0x4dc C:\Users\Andres\Documents\Atmel Studio\7.0\wetterstation\wetterstation\ArduinoCore\Debug\libArduinoCore.a(HardwareSerial.o)
 .debug_loc     0x00000b79      0x1b0 C:\Users\Andres\Documents\Atmel Studio\7.0\wetterstation\wetterstation\ArduinoCore\Debug\libArduinoCore.a(HardwareSerial0.o)
 .debug_loc     0x00000d29     0x1c87 C:\Users\Andres\Documents\Atmel Studio\7.0\wetterstation\wetterstation\ArduinoCore\Debug\libArduinoCore.a(Print.o)
 .debug_loc     0x000029b0      0x7f5 C:\Users\Andres\Documents\Atmel Studio\7.0\wetterstation\wetterstation\ArduinoCore\Debug\libArduinoCore.a(WInterrupts.o)
 .debug_loc     0x000031a5      0x28d C:\Users\Andres\Documents\Atmel Studio\7.0\wetterstation\wetterstation\ArduinoCore\Debug\libArduinoCore.a(wiring.o)
 .debug_loc     0x00003432      0x56b C:\Users\Andres\Documents\Atmel Studio\7.0\wetterstation\wetterstation\ArduinoCore\Debug\libArduinoCore.a(wiring_digital.o)
 .debug_loc     0x0000399d     0x422d C:\Users\Andres\Documents\Atmel Studio\7.0\wetterstation\wetterstation\ArduinoCore\Debug\libArduinoCore.a(WString.o)
 .debug_loc     0x00007bca      0x8ed C:\Users\Andres\Documents\Atmel Studio\7.0\wetterstation\wetterstation\ArduinoCore\Debug\libArduinoCore.a(File.o)
 .debug_loc     0x000084b7     0x17f1 C:\Users\Andres\Documents\Atmel Studio\7.0\wetterstation\wetterstation\ArduinoCore\Debug\libArduinoCore.a(SD.o)
 .debug_loc     0x00009ca8     0x2097 C:\Users\Andres\Documents\Atmel Studio\7.0\wetterstation\wetterstation\ArduinoCore\Debug\libArduinoCore.a(Sd2Card.o)
 .debug_loc     0x0000bd3f     0x332c C:\Users\Andres\Documents\Atmel Studio\7.0\wetterstation\wetterstation\ArduinoCore\Debug\libArduinoCore.a(SdFile.o)
 .debug_loc     0x0000f06b     0x1001 C:\Users\Andres\Documents\Atmel Studio\7.0\wetterstation\wetterstation\ArduinoCore\Debug\libArduinoCore.a(SdVolume.o)
 .debug_loc     0x0001006c      0x1f0 C:\Users\Andres\Documents\Atmel Studio\7.0\wetterstation\wetterstation\ArduinoCore\Debug\libArduinoCore.a(SPI.o)

.debug_macinfo
 *(.debug_macinfo)

.debug_weaknames
 *(.debug_weaknames)

.debug_funcnames
 *(.debug_funcnames)

.debug_typenames
 *(.debug_typenames)

.debug_varnames
 *(.debug_varnames)

.debug_pubtypes
 *(.debug_pubtypes)

.debug_ranges   0x00000000      0xc08
 *(.debug_ranges)
 .debug_ranges  0x00000000       0x30 CLI.o
 .debug_ranges  0x00000030       0x50 SDCard.o
 .debug_ranges  0x00000080       0x18 Sketch.o
 .debug_ranges  0x00000098       0x58 C:\Users\Andres\Documents\Atmel Studio\7.0\wetterstation\wetterstation\ArduinoCore\Debug\libArduinoCore.a(HardwareSerial.o)
 .debug_ranges  0x000000f0       0x38 C:\Users\Andres\Documents\Atmel Studio\7.0\wetterstation\wetterstation\ArduinoCore\Debug\libArduinoCore.a(HardwareSerial0.o)
 .debug_ranges  0x00000128       0x20 C:\Users\Andres\Documents\Atmel Studio\7.0\wetterstation\wetterstation\ArduinoCore\Debug\libArduinoCore.a(main.o)
 .debug_ranges  0x00000148      0x120 C:\Users\Andres\Documents\Atmel Studio\7.0\wetterstation\wetterstation\ArduinoCore\Debug\libArduinoCore.a(Print.o)
 .debug_ranges  0x00000268       0x60 C:\Users\Andres\Documents\Atmel Studio\7.0\wetterstation\wetterstation\ArduinoCore\Debug\libArduinoCore.a(WInterrupts.o)
 .debug_ranges  0x000002c8       0x38 C:\Users\Andres\Documents\Atmel Studio\7.0\wetterstation\wetterstation\ArduinoCore\Debug\libArduinoCore.a(wiring.o)
 .debug_ranges  0x00000300       0x28 C:\Users\Andres\Documents\Atmel Studio\7.0\wetterstation\wetterstation\ArduinoCore\Debug\libArduinoCore.a(wiring_digital.o)
 .debug_ranges  0x00000328      0x2f8 C:\Users\Andres\Documents\Atmel Studio\7.0\wetterstation\wetterstation\ArduinoCore\Debug\libArduinoCore.a(WString.o)
 .debug_ranges  0x00000620       0xa0 C:\Users\Andres\Documents\Atmel Studio\7.0\wetterstation\wetterstation\ArduinoCore\Debug\libArduinoCore.a(File.o)
 .debug_ranges  0x000006c0       0xc0 C:\Users\Andres\Documents\Atmel Studio\7.0\wetterstation\wetterstation\ArduinoCore\Debug\libArduinoCore.a(SD.o)
 .debug_ranges  0x00000780       0xe8 C:\Users\Andres\Documents\Atmel Studio\7.0\wetterstation\wetterstation\ArduinoCore\Debug\libArduinoCore.a(Sd2Card.o)
 .debug_ranges  0x00000868      0x310 C:\Users\Andres\Documents\Atmel Studio\7.0\wetterstation\wetterstation\ArduinoCore\Debug\libArduinoCore.a(SdFile.o)
 .debug_ranges  0x00000b78       0x68 C:\Users\Andres\Documents\Atmel Studio\7.0\wetterstation\wetterstation\ArduinoCore\Debug\libArduinoCore.a(SdVolume.o)
 .debug_ranges  0x00000be0       0x28 C:\Users\Andres\Documents\Atmel Studio\7.0\wetterstation\wetterstation\ArduinoCore\Debug\libArduinoCore.a(SPI.o)

.debug_macro
 *(.debug_macro)
OUTPUT(wetterstation.elf elf32-avr)
LOAD linker stubs
