Archive member included to satisfy reference by file (symbol)

c:/program files (x86)/atmel/studio/7.0/toolchain/avr8/avr8-gnu-toolchain/bin/../lib/gcc/avr/5.4.0/../../../../avr/lib/avr6\libm.a(addsf3.o)
                              src/libraries/Adafruit_BME280_Library/Adafruit_BME280.o (__subsf3)
c:/program files (x86)/atmel/studio/7.0/toolchain/avr8/avr8-gnu-toolchain/bin/../lib/gcc/avr/5.4.0/../../../../avr/lib/avr6\libm.a(addsf3x.o)
                              c:/program files (x86)/atmel/studio/7.0/toolchain/avr8/avr8-gnu-toolchain/bin/../lib/gcc/avr/5.4.0/../../../../avr/lib/avr6\libm.a(addsf3.o) (__addsf3x)
c:/program files (x86)/atmel/studio/7.0/toolchain/avr8/avr8-gnu-toolchain/bin/../lib/gcc/avr/5.4.0/../../../../avr/lib/avr6\libm.a(divsf3.o)
                              Anemometer.o (__divsf3)
c:/program files (x86)/atmel/studio/7.0/toolchain/avr8/avr8-gnu-toolchain/bin/../lib/gcc/avr/5.4.0/../../../../avr/lib/avr6\libm.a(divsf3x.o)
                              c:/program files (x86)/atmel/studio/7.0/toolchain/avr8/avr8-gnu-toolchain/bin/../lib/gcc/avr/5.4.0/../../../../avr/lib/avr6\libm.a(divsf3.o) (__divsf3x)
c:/program files (x86)/atmel/studio/7.0/toolchain/avr8/avr8-gnu-toolchain/bin/../lib/gcc/avr/5.4.0/../../../../avr/lib/avr6\libm.a(floatdisf.o)
                              src/libraries/Adafruit_BME280_Library/Adafruit_BME280.o (__floatdisf)
c:/program files (x86)/atmel/studio/7.0/toolchain/avr8/avr8-gnu-toolchain/bin/../lib/gcc/avr/5.4.0/../../../../avr/lib/avr6\libm.a(floatsisf.o)
                              Anemometer.o (__floatsisf)
c:/program files (x86)/atmel/studio/7.0/toolchain/avr8/avr8-gnu-toolchain/bin/../lib/gcc/avr/5.4.0/../../../../avr/lib/avr6\libm.a(floatundisf.o)
                              c:/program files (x86)/atmel/studio/7.0/toolchain/avr8/avr8-gnu-toolchain/bin/../lib/gcc/avr/5.4.0/../../../../avr/lib/avr6\libm.a(floatdisf.o) (__fp_di2sf)
c:/program files (x86)/atmel/studio/7.0/toolchain/avr8/avr8-gnu-toolchain/bin/../lib/gcc/avr/5.4.0/../../../../avr/lib/avr6\libm.a(fp_inf.o)
                              c:/program files (x86)/atmel/studio/7.0/toolchain/avr8/avr8-gnu-toolchain/bin/../lib/gcc/avr/5.4.0/../../../../avr/lib/avr6\libm.a(addsf3x.o) (__fp_inf)
c:/program files (x86)/atmel/studio/7.0/toolchain/avr8/avr8-gnu-toolchain/bin/../lib/gcc/avr/5.4.0/../../../../avr/lib/avr6\libm.a(fp_nan.o)
                              c:/program files (x86)/atmel/studio/7.0/toolchain/avr8/avr8-gnu-toolchain/bin/../lib/gcc/avr/5.4.0/../../../../avr/lib/avr6\libm.a(addsf3x.o) (__fp_nan)
c:/program files (x86)/atmel/studio/7.0/toolchain/avr8/avr8-gnu-toolchain/bin/../lib/gcc/avr/5.4.0/../../../../avr/lib/avr6\libm.a(fp_negdi.o)
                              c:/program files (x86)/atmel/studio/7.0/toolchain/avr8/avr8-gnu-toolchain/bin/../lib/gcc/avr/5.4.0/../../../../avr/lib/avr6\libm.a(floatdisf.o) (__fp_negdi)
c:/program files (x86)/atmel/studio/7.0/toolchain/avr8/avr8-gnu-toolchain/bin/../lib/gcc/avr/5.4.0/../../../../avr/lib/avr6\libm.a(fp_pscA.o)
                              c:/program files (x86)/atmel/studio/7.0/toolchain/avr8/avr8-gnu-toolchain/bin/../lib/gcc/avr/5.4.0/../../../../avr/lib/avr6\libm.a(addsf3x.o) (__fp_pscA)
c:/program files (x86)/atmel/studio/7.0/toolchain/avr8/avr8-gnu-toolchain/bin/../lib/gcc/avr/5.4.0/../../../../avr/lib/avr6\libm.a(fp_pscB.o)
                              c:/program files (x86)/atmel/studio/7.0/toolchain/avr8/avr8-gnu-toolchain/bin/../lib/gcc/avr/5.4.0/../../../../avr/lib/avr6\libm.a(addsf3x.o) (__fp_pscB)
c:/program files (x86)/atmel/studio/7.0/toolchain/avr8/avr8-gnu-toolchain/bin/../lib/gcc/avr/5.4.0/../../../../avr/lib/avr6\libm.a(fp_round.o)
                              c:/program files (x86)/atmel/studio/7.0/toolchain/avr8/avr8-gnu-toolchain/bin/../lib/gcc/avr/5.4.0/../../../../avr/lib/avr6\libm.a(addsf3.o) (__fp_round)
c:/program files (x86)/atmel/studio/7.0/toolchain/avr8/avr8-gnu-toolchain/bin/../lib/gcc/avr/5.4.0/../../../../avr/lib/avr6\libm.a(fp_split3.o)
                              c:/program files (x86)/atmel/studio/7.0/toolchain/avr8/avr8-gnu-toolchain/bin/../lib/gcc/avr/5.4.0/../../../../avr/lib/avr6\libm.a(addsf3x.o) (__fp_split3)
c:/program files (x86)/atmel/studio/7.0/toolchain/avr8/avr8-gnu-toolchain/bin/../lib/gcc/avr/5.4.0/../../../../avr/lib/avr6\libm.a(fp_zero.o)
                              c:/program files (x86)/atmel/studio/7.0/toolchain/avr8/avr8-gnu-toolchain/bin/../lib/gcc/avr/5.4.0/../../../../avr/lib/avr6\libm.a(addsf3x.o) (__fp_zero)
c:/program files (x86)/atmel/studio/7.0/toolchain/avr8/avr8-gnu-toolchain/bin/../lib/gcc/avr/5.4.0/../../../../avr/lib/avr6\libm.a(mulsf3.o)
                              Anemometer.o (__mulsf3)
c:/program files (x86)/atmel/studio/7.0/toolchain/avr8/avr8-gnu-toolchain/bin/../lib/gcc/avr/5.4.0/../../../../avr/lib/avr6\libm.a(mulsf3x.o)
[...]
Memory Configuration

Name             Origin             Length             Attributes
text             0x00000000         0x00100000         xr
data             0x00800200         0x0000fe00         rw !x
eeprom           0x00810000         0x00010000         rw !x
fuse             0x00820000         0x00000003         rw !x
lock             0x00830000         0x00000400         rw !x
signature        0x00840000         0x00000400         rw !x
user_signatures  0x00850000         0x00000400         rw !x
*default*        0x00000000         0xffffffff

Linker script and memory map

Address of section .data set to 0x800200
LOAD C:/Program Files (x86)/Atmel/Studio/7.0/Packs/atmel/ATmega_DFP/1.2.150/gcc/dev/atmega2560/avr6/crtatmega2560.o
LOAD Anemometer.o
LOAD CLI.o
LOAD myRTC.o
LOAD wetterstation.o
LOAD src/libraries/Adafruit_BME280_Library/Adafruit_BME280.o
LOAD src/libraries/RTCLib/RTClib.o
LOAD src/libraries/Wire/src/utility/twi.o
LOAD src/libraries/Wire/src/Wire.o
LOAD SDCard.o
START GROUP
LOAD c:/program files (x86)/atmel/studio/7.0/toolchain/avr8/avr8-gnu-toolchain/bin/../lib/gcc/avr/5.4.0/../../../../avr/lib/avr6\libm.a
LOAD C:\Users\Anders\Documents\Atmel Studio\7.0\wetterstation\wetterstation\ArduinoCore\Debug\libArduinoCore.a
END GROUP
LOAD c:/program files (x86)/atmel/studio/7.0/toolchain/avr8/avr8-gnu-toolchain/bin/../lib/gcc/avr/5.4.0/avr6\libgcc.a
LOAD c:/program files (x86)/atmel/studio/7.0/toolchain/avr8/avr8-gnu-toolchain/bin/../lib/gcc/avr/5.4.0/../../../../avr/lib/avr6\libm.a
START GROUP
LOAD c:/program files (x86)/atmel/studio/7.0/toolchain/avr8/avr8-gnu-toolchain/bin/../lib/gcc/avr/5.4.0/avr6\libgcc.a
LOAD c:/program files (x86)/atmel/studio/7.0/toolchain/avr8/avr8-gnu-toolchain/bin/../lib/gcc/avr/5.4.0/../../../../avr/lib/avr6\libm.a
LOAD c:/program files (x86)/atmel/studio/7.0/toolchain/avr8/avr8-gnu-toolchain/bin/../lib/gcc/avr/5.4.0/../../../../avr/lib/avr6\libc.a
LOAD C:/Program Files (x86)/Atmel/Studio/7.0/Packs/atmel/ATmega_DFP/1.2.150/gcc/dev/atmega2560/avr6\libatmega2560.a
END GROUP
                0x00100000                __TEXT_REGION_LENGTH__ = DEFINED (__TEXT_REGION_LENGTH__)?__TEXT_REGION_LENGTH__:0x100000
                0x0000fe00                __DATA_REGION_LENGTH__ = DEFINED (__DATA_REGION_LENGTH__)?__DATA_REGION_LENGTH__:0xfe00
                0x00010000                __EEPROM_REGION_LENGTH__ = DEFINED (__EEPROM_REGION_LENGTH__)?__EEPROM_REGION_LENGTH__:0x10000
                [0x00000003]                __FUSE_REGION_LENGTH__ = DEFINED (__FUSE_REGION_LENGTH__)?__FUSE_REGION_LENGTH__:0x400
                0x00000400                __LOCK_REGION_LENGTH__ = DEFINED (__LOCK_REGION_LENGTH__)?__LOCK_REGION_LENGTH__:0x400
                0x00000400                __SIGNATURE_REGION_LENGTH__ = DEFINED (__SIGNATURE_REGION_LENGTH__)?__SIGNATURE_REGION_LENGTH__:0x400
                0x00000400                __USER_SIGNATURE_REGION_LENGTH__ = DEFINED (__USER_SIGNATURE_REGION_LENGTH__)?__USER_SIGNATURE_REGION_LENGTH__:0x400

.hash
 *(.hash)

.dynsym
 *(.dynsym)

.dynstr
 *(.dynstr)

.gnu.version
 *(.gnu.version)

.gnu.version_d
 *(.gnu.version_d)

.gnu.version_r
 *(.gnu.version_r)

.rel.init
 *(.rel.init)

.rela.init
 *(.rela.init)

.rel.text
 *(.rel.text)
 *(.rel.text.*)
 *(.rel.gnu.linkonce.t*)

.rela.text
 *(.rela.text)
 *(.rela.text.*)
 *(.rela.gnu.linkonce.t*)

.rel.fini
 *(.rel.fini)

.rela.fini
 *(.rela.fini)

.rel.rodata
 *(.rel.rodata)
 *(.rel.rodata.*)
 *(.rel.gnu.linkonce.r*)

.rela.rodata
 *(.rela.rodata)
 *(.rela.rodata.*)
 *(.rela.gnu.linkonce.r*)

.rel.data
 *(.rel.data)
 *(.rel.data.*)
 *(.rel.gnu.linkonce.d*)

.rela.data
 *(.rela.data)
 *(.rela.data.*)
 *(.rela.gnu.linkonce.d*)

.rel.ctors
 *(.rel.ctors)

.rela.ctors
 *(.rela.ctors)

.rel.dtors
 *(.rel.dtors)

.rela.dtors
 *(.rela.dtors)

.rel.got
 *(.rel.got)

.rela.got
 *(.rela.got)

.rel.bss
 *(.rel.bss)

.rela.bss
 *(.rela.bss)

.rel.plt
 *(.rel.plt)

.rela.plt
 *(.rela.plt)

.text           0x00000000     0x4b5a
 *(.vectors)
 .vectors       0x00000000       0xe4 C:/Program Files (x86)/Atmel/Studio/7.0/Packs/atmel/ATmega_DFP/1.2.150/gcc/dev/atmega2560/avr6/crtatmega2560.o
                0x00000000                __vector_default
                0x00000000                __vectors
 *(.vectors)
 *(.progmem.gcc*)
 .progmem.gcc_fplib
                0x000000e4       0x28 c:/program files (x86)/atmel/studio/7.0/toolchain/avr8/avr8-gnu-toolchain/bin/../lib/gcc/avr/5.4.0/../../../../avr/lib/avr6\libm.a(exp.o)
 .progmem.gcc_fplib
                0x0000010c       0x5a c:/program files (x86)/atmel/studio/7.0/toolchain/avr8/avr8-gnu-toolchain/bin/../lib/gcc/avr/5.4.0/../../../../avr/lib/avr6\libm.a(log.o)
 .progmem.gcc_sw_table.turnOffPWM
                0x00000166       0x24 C:\Users\Anders\Documents\Atmel Studio\7.0\wetterstation\wetterstation\ArduinoCore\Debug\libArduinoCore.a(wiring_digital.o)
                0x0000018a                . = ALIGN (0x2)
                0x0000018a                __trampolines_start = .
 *(.trampolines)
 .trampolines   0x0000018a        0x0 linker stubs
 *(.trampolines*)
                0x0000018a                __trampolines_end = .
 *libprintf_flt.a:*(.progmem.data)
 *libc.a:*(.progmem.data)
 *(.progmem*)
 .progmem.data.digital_pin_to_timer_PGM
                0x0000018a       0x46 C:\Users\Anders\Documents\Atmel Studio\7.0\wetterstation\wetterstation\ArduinoCore\Debug\libArduinoCore.a(wiring_digital.o)
                0x0000018a                digital_pin_to_timer_PGM
 .progmem.data.digital_pin_to_bit_mask_PGM
                0x000001d0       0x46 C:\Users\Anders\Documents\Atmel Studio\7.0\wetterstation\wetterstation\ArduinoCore\Debug\libArduinoCore.a(wiring_digital.o)
                0x000001d0                digital_pin_to_bit_mask_PGM
 .progmem.data.digital_pin_to_port_PGM
                0x00000216       0x46 C:\Users\Anders\Documents\Atmel Studio\7.0\wetterstation\wetterstation\ArduinoCore\Debug\libArduinoCore.a(wiring_digital.o)
                0x00000216                digital_pin_to_port_PGM
 .progmem.data.port_to_input_PGM
                0x0000025c       0x1a C:\Users\Anders\Documents\Atmel Studio\7.0\wetterstation\wetterstation\ArduinoCore\Debug\libArduinoCore.a(wiring_digital.o)
                0x0000025c                port_to_input_PGM
 .progmem.data.port_to_output_PGM
                0x00000276       0x1a C:\Users\Anders\Documents\Atmel Studio\7.0\wetterstation\wetterstation\ArduinoCore\Debug\libArduinoCore.a(wiring_digital.o)
                0x00000276                port_to_output_PGM
 .progmem.data.port_to_mode_PGM
                0x00000290       0x1a C:\Users\Anders\Documents\Atmel Studio\7.0\wetterstation\wetterstation\ArduinoCore\Debug\libArduinoCore.a(wiring_digital.o)
                0x00000290                port_to_mode_PGM
                0x000002aa                . = ALIGN (0x2)
 *(.jumptables)
 *(.jumptables*)
 *(.lowtext)
 *(.lowtext*)
                0x000002aa                __ctors_start = .
 *(.ctors)
 .ctors         0x000002aa        0x2 CLI.o
 .ctors         0x000002ac        0x2 wetterstation.o
 .ctors         0x000002ae        0x2 src/libraries/Wire/src/Wire.o
 .ctors         0x000002b0        0x2 SDCard.o
 .ctors         0x000002b2        0x2 C:\Users\Anders\Documents\Atmel Studio\7.0\wetterstation\wetterstation\ArduinoCore\Debug\libArduinoCore.a(HardwareSerial0.o)
 .ctors         0x000002b4        0x2 C:\Users\Anders\Documents\Atmel Studio\7.0\wetterstation\wetterstation\ArduinoCore\Debug\libArduinoCore.a(SD.o)
 .ctors         0x000002b6        0x2 C:\Users\Anders\Documents\Atmel Studio\7.0\wetterstation\wetterstation\ArduinoCore\Debug\libArduinoCore.a(Sd2Card.o)
                0x000002b8                __ctors_end = .
                0x000002b8                __dtors_start = .
 *(.dtors)
 .dtors         0x000002b8        0x2 CLI.o
 .dtors         0x000002ba        0x2 wetterstation.o
                0x000002bc                __dtors_end = .
 SORT(*)(.ctors)
 SORT(*)(.dtors)
 *(.init0)
 .init0         0x000002bc        0x0 C:/Program Files (x86)/Atmel/Studio/7.0/Packs/atmel/ATmega_DFP/1.2.150/gcc/dev/atmega2560/avr6/crtatmega2560.o
                0x000002bc                __init
 *(.init0)
 *(.init1)
 *(.init1)
 *(.init2)
 .init2         0x000002bc       0x10 C:/Program Files (x86)/Atmel/Studio/7.0/Packs/atmel/ATmega_DFP/1.2.150/gcc/dev/atmega2560/avr6/crtatmega2560.o
 *(.init2)
 *(.init3)
 *(.init3)
 *(.init4)
 .init4         0x000002cc       0x1a c:/program files (x86)/atmel/studio/7.0/toolchain/avr8/avr8-gnu-toolchain/bin/../lib/gcc/avr/5.4.0/avr6\libgcc.a(_copy_data.o)
                0x000002cc                __do_copy_data
 .init4         0x000002e6       0x10 c:/program files (x86)/atmel/studio/7.0/toolchain/avr8/avr8-gnu-toolchain/bin/../lib/gcc/avr/5.4.0/avr6\libgcc.a(_clear_bss.o)
                0x000002e6                __do_clear_bss
 *(.init4)
 *(.init5)
 *(.init5)
 *(.init6)
 .init6         0x000002f6       0x20 c:/program files (x86)/atmel/studio/7.0/toolchain/avr8/avr8-gnu-toolchain/bin/../lib/gcc/avr/5.4.0/avr6\libgcc.a(_ctors.o)
                0x000002f6                __do_global_ctors
 *(.init6)
 *(.init7)
 *(.init7)
 *(.init8)
 *(.init8)
 *(.init9)
 .init9         0x00000316        0x8 C:/Program Files (x86)/Atmel/Studio/7.0/Packs/atmel/ATmega_DFP/1.2.150/gcc/dev/atmega2560/avr6/crtatmega2560.o
 *(.init9)
 *(.text)
 .text          0x0000031e        0x2 C:/Program Files (x86)/Atmel/Studio/7.0/Packs/atmel/ATmega_DFP/1.2.150/gcc/dev/atmega2560/avr6/crtatmega2560.o
                0x0000031e                __vector_38
                0x0000031e                __vector_22
                0x0000031e                __vector_28
                0x0000031e                __vector_32
                0x0000031e                __vector_34
                0x0000031e                __vector_24
                0x0000031e                __vector_12
                0x0000031e                __vector_55
                0x0000031e                __vector_46
                0x0000031e                __bad_interrupt
                0x0000031e                __vector_31
                0x0000031e                __vector_35
                0x0000031e                __vector_30
                0x0000031e                __vector_45
                0x0000031e                __vector_11
                0x0000031e                __vector_54
                0x0000031e                __vector_13
                0x0000031e                __vector_17
                0x0000031e                __vector_19
                0x0000031e                __vector_56
                0x0000031e                __vector_49
                0x0000031e                __vector_41
                0x0000031e                __vector_43
                0x0000031e                __vector_27
                0x0000031e                __vector_33
                0x0000031e                __vector_47
                0x0000031e                __vector_52
                0x0000031e                __vector_37
                0x0000031e                __vector_44
                0x0000031e                __vector_51
                0x0000031e                __vector_9
                0x0000031e                __vector_21
                0x0000031e                __vector_15
                0x0000031e                __vector_36
                0x0000031e                __vector_29
                0x0000031e                __vector_40
                0x0000031e                __vector_48
                0x0000031e                __vector_14
                0x0000031e                __vector_53
                0x0000031e                __vector_10
                0x0000031e                __vector_50
                0x0000031e                __vector_16
                0x0000031e                __vector_18
                0x0000031e                __vector_20
                0x0000031e                __vector_42
                0x00000320                . = ALIGN (0x2)
 *(.text.*)
 .text.startup._GLOBAL__sub_I_command_help
                0x00000320       0x3c CLI.o
 .text.exit._GLOBAL__sub_D_command_help
                0x0000035c       0x28 CLI.o
 .text.setup    0x00000384       0x18 wetterstation.o
                0x00000384                setup
 .text.loop     0x0000039c       0xcc wetterstation.o
                0x0000039c                loop
 .text.startup._GLOBAL__sub_I_bme
                0x00000468       0x1e wetterstation.o
 .text.exit._GLOBAL__sub_D_bme
                0x00000486        0x8 wetterstation.o
 .text._ZN8SPIClass16beginTransactionE11SPISettings
                0x0000048e       0x34 src/libraries/Adafruit_BME280_Library/Adafruit_BME280.o
                0x0000048e                _ZN8SPIClass16beginTransactionE11SPISettings
 .text._ZN8SPIClass14endTransactionEv
                0x000004c2       0x22 src/libraries/Adafruit_BME280_Library/Adafruit_BME280.o
                0x000004c2                _ZN8SPIClass14endTransactionEv
 .text._ZN15Adafruit_BME280C2Eaaaa
                0x000004e4       0x10 src/libraries/Adafruit_BME280_Library/Adafruit_BME280.o
                0x000004e4                _ZN15Adafruit_BME280C2Eaaaa
                0x000004e4                _ZN15Adafruit_BME280C1Eaaaa
 .text._ZN15Adafruit_BME2807spixferEh
                0x000004f4       0x8e src/libraries/Adafruit_BME280_Library/Adafruit_BME280.o
                0x000004f4                _ZN15Adafruit_BME2807spixferEh
 .text._ZN15Adafruit_BME2806write8Ehh
                0x00000582       0x9a src/libraries/Adafruit_BME280_Library/Adafruit_BME280.o
                0x00000582                _ZN15Adafruit_BME2806write8Ehh
 .text._ZN15Adafruit_BME28011setSamplingENS_11sensor_modeENS_15sensor_samplingES1_S1_NS_13sensor_filterENS_16standby_durationE
                0x0000061c       0xce src/libraries/Adafruit_BME280_Library/Adafruit_BME280.o
                0x0000061c                _ZN15Adafruit_BME28011setSamplingENS_11sensor_modeENS_15sensor_samplingES1_S1_NS_13sensor_filterENS_16standby_durationE
 .text._ZN15Adafruit_BME2805read8Eh
                0x000006ea       0x96 src/libraries/Adafruit_BME280_Library/Adafruit_BME280.o
                0x000006ea                _ZN15Adafruit_BME2805read8Eh
 .text._ZN15Adafruit_BME2806read16Eh
                0x00000780       0xca src/libraries/Adafruit_BME280_Library/Adafruit_BME280.o
                0x00000780                _ZN15Adafruit_BME2806read16Eh
 .text._ZN15Adafruit_BME2809read16_LEEh
                0x0000084a        0xa src/libraries/Adafruit_BME280_Library/Adafruit_BME280.o
                0x0000084a                _ZN15Adafruit_BME2809read16_LEEh
 .text._ZN15Adafruit_BME2806read24Eh
                0x00000854      0x14a src/libraries/Adafruit_BME280_Library/Adafruit_BME280.o
                0x00000854                _ZN15Adafruit_BME2806read24Eh
 .text._ZN15Adafruit_BME28016readCoefficientsEv
                0x0000099e       0xf0 src/libraries/Adafruit_BME280_Library/Adafruit_BME280.o
                0x0000099e                _ZN15Adafruit_BME28016readCoefficientsEv
 .text._ZN15Adafruit_BME28020isReadingCalibrationEv
                0x00000a8e        0x8 src/libraries/Adafruit_BME280_Library/Adafruit_BME280.o
                0x00000a8e                _ZN15Adafruit_BME28020isReadingCalibrationEv
 .text._ZN15Adafruit_BME2804initEv
                0x00000a96       0xac src/libraries/Adafruit_BME280_Library/Adafruit_BME280.o
                0x00000a96                _ZN15Adafruit_BME2804initEv
 .text._ZN15Adafruit_BME2805beginEv
                0x00000b42       0x10 src/libraries/Adafruit_BME280_Library/Adafruit_BME280.o
                0x00000b42                _ZN15Adafruit_BME2805beginEv
 .text._ZN15Adafruit_BME28015readTemperatureEv
                0x00000b52      0x128 src/libraries/Adafruit_BME280_Library/Adafruit_BME280.o
                0x00000b52                _ZN15Adafruit_BME28015readTemperatureEv
 .text._ZN15Adafruit_BME28012readPressureEv
                0x00000c7a      0x3fa src/libraries/Adafruit_BME280_Library/Adafruit_BME280.o
                0x00000c7a                _ZN15Adafruit_BME28012readPressureEv
 .text._ZN15Adafruit_BME28012readHumidityEv
                0x00001074      0x1f4 src/libraries/Adafruit_BME280_Library/Adafruit_BME280.o
                0x00001074                _ZN15Adafruit_BME28012readHumidityEv
 .text._ZN15Adafruit_BME28012readAltitudeEf
                0x00001268       0x4a src/libraries/Adafruit_BME280_Library/Adafruit_BME280.o
                0x00001268                _ZN15Adafruit_BME28012readAltitudeEf
 .text.twi_init
                0x000012b2       0x3c src/libraries/Wire/src/utility/twi.o
                0x000012b2                twi_init
 .text.twi_readFrom
                0x000012ee       0x90 src/libraries/Wire/src/utility/twi.o
                0x000012ee                twi_readFrom
 .text.twi_writeTo
                0x0000137e       0xac src/libraries/Wire/src/utility/twi.o
                0x0000137e                twi_writeTo
 .text.twi_transmit
                0x0000142a       0x50 src/libraries/Wire/src/utility/twi.o
                0x0000142a                twi_transmit
 .text.twi_attachSlaveRxEvent
                0x0000147a        0xa src/libraries/Wire/src/utility/twi.o
                0x0000147a                twi_attachSlaveRxEvent
 .text.twi_attachSlaveTxEvent
                0x00001484        0xa src/libraries/Wire/src/utility/twi.o
                0x00001484                twi_attachSlaveTxEvent
 .text.twi_stop
                0x0000148e       0x14 src/libraries/Wire/src/utility/twi.o
                0x0000148e                twi_stop
 .text.twi_releaseBus
                0x000014a2        0xc src/libraries/Wire/src/utility/twi.o
                0x000014a2                twi_releaseBus
 .text.__vector_39
                0x000014ae      0x25c src/libraries/Wire/src/utility/twi.o
                0x000014ae                __vector_39
 .text._ZN5Print17availableForWriteEv
                0x0000170a        0x6 src/libraries/Wire/src/Wire.o
                0x0000170a                _ZN5Print17availableForWriteEv
 .text._ZN5Print5flushEv
                0x00001710        0x2 src/libraries/Wire/src/Wire.o
                0x00001710                _ZN5Print5flushEv
 .text._ZN7TwoWire9availableEv
                0x00001712       0x10 src/libraries/Wire/src/Wire.o
                0x00001712                _ZN7TwoWire9availableEv
 .text._ZN7TwoWire4readEv
                0x00001722       0x28 src/libraries/Wire/src/Wire.o
                0x00001722                _ZN7TwoWire4readEv
 .text._ZN7TwoWire4peekEv
                0x0000174a       0x1e src/libraries/Wire/src/Wire.o
                0x0000174a                _ZN7TwoWire4peekEv
 .text._ZN7TwoWire5flushEv
                0x00001768        0x2 src/libraries/Wire/src/Wire.o
                0x00001768                _ZN7TwoWire5flushEv
 .text._ZN7TwoWire16onReceiveServiceEPhi
                0x0000176a       0x54 src/libraries/Wire/src/Wire.o
                0x0000176a                _ZN7TwoWire16onReceiveServiceEPhi
 .text._ZN7TwoWire16onRequestServiceEv
                0x000017be       0x18 src/libraries/Wire/src/Wire.o
                0x000017be                _ZN7TwoWire16onRequestServiceEv
 .text._ZN7TwoWire5writeEPKhj
                0x000017d6       0x58 src/libraries/Wire/src/Wire.o
                0x000017d6                _ZN7TwoWire5writeEPKhj
 .text._ZN7TwoWire5writeEh
                0x0000182e       0x5c src/libraries/Wire/src/Wire.o
                0x0000182e                _ZN7TwoWire5writeEh
 .text._ZN7TwoWireC2Ev
                0x0000188a       0x20 src/libraries/Wire/src/Wire.o
                0x0000188a                _ZN7TwoWireC1Ev
                0x0000188a                _ZN7TwoWireC2Ev
 .text._ZN7TwoWire5beginEv
                0x000018aa       0x1e src/libraries/Wire/src/Wire.o
                0x000018aa                _ZN7TwoWire5beginEv
 .text._ZN7TwoWire17beginTransmissionEh
                0x000018c8       0x14 src/libraries/Wire/src/Wire.o
                0x000018c8                _ZN7TwoWire17beginTransmissionEh
 .text._ZN7TwoWire15endTransmissionEh
                0x000018dc       0x24 src/libraries/Wire/src/Wire.o
                0x000018dc                _ZN7TwoWire15endTransmissionEh
 .text._ZN7TwoWire11requestFromEhhmhh
                0x00001900       0xa2 src/libraries/Wire/src/Wire.o
                0x00001900                _ZN7TwoWire11requestFromEhhmhh
 .text._ZN7TwoWire11requestFromEhhh
                0x000019a2       0x1e src/libraries/Wire/src/Wire.o
                0x000019a2                _ZN7TwoWire11requestFromEhhh
 .text._ZN7TwoWire11requestFromEhh
                0x000019c0        0x4 src/libraries/Wire/src/Wire.o
                0x000019c0                _ZN7TwoWire11requestFromEhh
 .text._ZN7TwoWire15endTransmissionEv
                0x000019c4        0x4 src/libraries/Wire/src/Wire.o
                0x000019c4                _ZN7TwoWire15endTransmissionEv
 .text.startup._GLOBAL__sub_I__ZN7TwoWire8rxBufferE
                0x000019c8        0x6 src/libraries/Wire/src/Wire.o
 .text._ZN6SDCardC2Ej
                0x000019ce        0x8 SDCard.o
                0x000019ce                _ZN6SDCardC2Ej
                0x000019ce                _ZN6SDCardC1Ej
 .text._ZN6SDCardD2Ev
                0x000019d6        0x2 SDCard.o
                0x000019d6                _ZN6SDCardD1Ev
                0x000019d6                _ZN6SDCardD2Ev
 .text.startup._GLOBAL__sub_I_myFile
                0x000019d8       0x3e SDCard.o
 .text.avr-libc.fplib
                0x00001a16        0xa c:/program files (x86)/atmel/studio/7.0/toolchain/avr8/avr8-gnu-toolchain/bin/../lib/gcc/avr/5.4.0/../../../../avr/lib/avr6\libm.a(addsf3.o)
                0x00001a16                __subsf3
                0x00001a18                __addsf3
 .text.avr-libc.fplib
                0x00001a20       0xc0 c:/program files (x86)/atmel/studio/7.0/toolchain/avr8/avr8-gnu-toolchain/bin/../lib/gcc/avr/5.4.0/../../../../avr/lib/avr6\libm.a(addsf3x.o)
                0x00001a3a                __addsf3x
 .text.avr-libc.fplib
                0x00001ae0        0x4 c:/program files (x86)/atmel/studio/7.0/toolchain/avr8/avr8-gnu-toolchain/bin/../lib/gcc/avr/5.4.0/../../../../avr/lib/avr6\libm.a(divsf3.o)
                0x00001ae0                __divsf3
 .text.avr-libc.fplib
                0x00001ae4       0xcc c:/program files (x86)/atmel/studio/7.0/toolchain/avr8/avr8-gnu-toolchain/bin/../lib/gcc/avr/5.4.0/../../../../avr/lib/avr6\libm.a(divsf3x.o)
                0x00001afa                __divsf3x
                0x00001afe                __divsf3_pse
 .text.avr-libc.fplib
                0x00001bb0        0x8 c:/program files (x86)/atmel/studio/7.0/toolchain/avr8/avr8-gnu-toolchain/bin/../lib/gcc/avr/5.4.0/../../../../avr/lib/avr6\libm.a(floatdisf.o)
                0x00001bb0                __floatdisf
 .text.avr-libc.fplib
                0x00001bb8       0x7a c:/program files (x86)/atmel/studio/7.0/toolchain/avr8/avr8-gnu-toolchain/bin/../lib/gcc/avr/5.4.0/../../../../avr/lib/avr6\libm.a(floatsisf.o)
                0x00001bb8                __floatunsisf
                0x00001bbc                __floatsisf
 .text.avr-libc.fplib
                0x00001c32       0x7c c:/program files (x86)/atmel/studio/7.0/toolchain/avr8/avr8-gnu-toolchain/bin/../lib/gcc/avr/5.4.0/../../../../avr/lib/avr6\libm.a(floatundisf.o)
                0x00001c32                __floatundisf
                0x00001c34                __fp_di2sf
 .text.avr-libc.fplib
                0x00001cae        0xc c:/program files (x86)/atmel/studio/7.0/toolchain/avr8/avr8-gnu-toolchain/bin/../lib/gcc/avr/5.4.0/../../../../avr/lib/avr6\libm.a(fp_inf.o)
                0x00001cae                __fp_inf
 .text.avr-libc.fplib
                0x00001cba        0x6 c:/program files (x86)/atmel/studio/7.0/toolchain/avr8/avr8-gnu-toolchain/bin/../lib/gcc/avr/5.4.0/../../../../avr/lib/avr6\libm.a(fp_nan.o)
                0x00001cba                __fp_nan
 .text.avr-libc.fplib
                0x00001cc0       0x20 c:/program files (x86)/atmel/studio/7.0/toolchain/avr8/avr8-gnu-toolchain/bin/../lib/gcc/avr/5.4.0/../../../../avr/lib/avr6\libm.a(fp_negdi.o)
                0x00001cc0                __fp_negdi
 .text.avr-libc.fplib
                0x00001ce0        0xe c:/program files (x86)/atmel/studio/7.0/toolchain/avr8/avr8-gnu-toolchain/bin/../lib/gcc/avr/5.4.0/../../../../avr/lib/avr6\libm.a(fp_pscA.o)
                0x00001ce0                __fp_pscA
 .text.avr-libc.fplib
                0x00001cee        0xe c:/program files (x86)/atmel/studio/7.0/toolchain/avr8/avr8-gnu-toolchain/bin/../lib/gcc/avr/5.4.0/../../../../avr/lib/avr6\libm.a(fp_pscB.o)
                0x00001cee                __fp_pscB
 .text.avr-libc.fplib
                0x00001cfc       0x22 c:/program files (x86)/atmel/studio/7.0/toolchain/avr8/avr8-gnu-toolchain/bin/../lib/gcc/avr/5.4.0/../../../../avr/lib/avr6\libm.a(fp_round.o)
                0x00001cfc                __fp_round
 .text.avr-libc.fplib
                0x00001d1e       0x44 c:/program files (x86)/atmel/studio/7.0/toolchain/avr8/avr8-gnu-toolchain/bin/../lib/gcc/avr/5.4.0/../../../../avr/lib/avr6\libm.a(fp_split3.o)
                0x00001d1e                __fp_split3
                0x00001d2e                __fp_splitA
 .text.avr-libc.fplib
                0x00001d62        0xe c:/program files (x86)/atmel/studio/7.0/toolchain/avr8/avr8-gnu-toolchain/bin/../lib/gcc/avr/5.4.0/../../../../avr/lib/avr6\libm.a(fp_zero.o)
                0x00001d62                __fp_zero
                0x00001d64                __fp_szero
 .text.avr-libc.fplib
                0x00001d70        0x4 c:/program files (x86)/atmel/studio/7.0/toolchain/avr8/avr8-gnu-toolchain/bin/../lib/gcc/avr/5.4.0/../../../../avr/lib/avr6\libm.a(mulsf3.o)
                0x00001d70                __mulsf3
 .text.avr-libc.fplib
                0x00001d74       0xc2 c:/program files (x86)/atmel/studio/7.0/toolchain/avr8/avr8-gnu-toolchain/bin/../lib/gcc/avr/5.4.0/../../../../avr/lib/avr6\libm.a(mulsf3x.o)
                0x00001d88                __mulsf3x
                0x00001d8c                __mulsf3_pse
 .text.avr-libc.fplib
                0x00001e36       0x98 c:/program files (x86)/atmel/studio/7.0/toolchain/avr8/avr8-gnu-toolchain/bin/../lib/gcc/avr/5.4.0/../../../../avr/lib/avr6\libm.a(pow.o)
                0x00001e36                pow
 .text.avr-libc.fplib
                0x00001ece       0x62 c:/program files (x86)/atmel/studio/7.0/toolchain/avr8/avr8-gnu-toolchain/bin/../lib/gcc/avr/5.4.0/../../../../avr/lib/avr6\libm.a(exp.o)
                0x00001ed8                exp
 .text.avr-libc.fplib
                0x00001f30       0x4a c:/program files (x86)/atmel/studio/7.0/toolchain/avr8/avr8-gnu-toolchain/bin/../lib/gcc/avr/5.4.0/../../../../avr/lib/avr6\libm.a(fp_powser.o)
                0x00001f30                __fp_powser
 .text.avr-libc.fplib
                0x00001f7a        0xe c:/program files (x86)/atmel/studio/7.0/toolchain/avr8/avr8-gnu-toolchain/bin/../lib/gcc/avr/5.4.0/../../../../avr/lib/avr6\libm.a(inverse.o)
                0x00001f7a                inverse
 .text.avr-libc.fplib
                0x00001f88       0x6c c:/program files (x86)/atmel/studio/7.0/toolchain/avr8/avr8-gnu-toolchain/bin/../lib/gcc/avr/5.4.0/../../../../avr/lib/avr6\libm.a(ldexp.o)
                0x00001f8c                ldexp
 .text.avr-libc.fplib
                0x00001ff4       0x8a c:/program files (x86)/atmel/studio/7.0/toolchain/avr8/avr8-gnu-toolchain/bin/../lib/gcc/avr/5.4.0/../../../../avr/lib/avr6\libm.a(log.o)
                0x00001ffe                log
 .text.avr-libc.fplib
                0x0000207e       0x66 c:/program files (x86)/atmel/studio/7.0/toolchain/avr8/avr8-gnu-toolchain/bin/../lib/gcc/avr/5.4.0/../../../../avr/lib/avr6\libm.a(modf.o)
                0x0000207e                modf
                0x0000207e                modff
 .text.avr-libc.fplib
                0x000020e4       0x1c c:/program files (x86)/atmel/studio/7.0/toolchain/avr8/avr8-gnu-toolchain/bin/../lib/gcc/avr/5.4.0/../../../../avr/lib/avr6\libm.a(fp_mpack.o)
                0x000020e4                __fp_mpack
                0x000020e8                __fp_mpack_finite
 .text._ZN14HardwareSerial9availableEv
                0x00002100       0x18 C:\Users\Anders\Documents\Atmel Studio\7.0\wetterstation\wetterstation\ArduinoCore\Debug\libArduinoCore.a(HardwareSerial.o)
                0x00002100                _ZN14HardwareSerial9availableEv
 .text._ZN14HardwareSerial4peekEv
                0x00002118       0x1c C:\Users\Anders\Documents\Atmel Studio\7.0\wetterstation\wetterstation\ArduinoCore\Debug\libArduinoCore.a(HardwareSerial.o)
                0x00002118                _ZN14HardwareSerial4peekEv
 .text._ZN14HardwareSerial4readEv
                0x00002134       0x28 C:\Users\Anders\Documents\Atmel Studio\7.0\wetterstation\wetterstation\ArduinoCore\Debug\libArduinoCore.a(HardwareSerial.o)
                0x00002134                _ZN14HardwareSerial4readEv
 .text._ZN14HardwareSerial17availableForWriteEv
                0x0000215c       0x1e C:\Users\Anders\Documents\Atmel Studio\7.0\wetterstation\wetterstation\ArduinoCore\Debug\libArduinoCore.a(HardwareSerial.o)
                0x0000215c                _ZN14HardwareSerial17availableForWriteEv
 .text._Z14serialEventRunv
                0x0000217a       0x78 C:\Users\Anders\Documents\Atmel Studio\7.0\wetterstation\wetterstation\ArduinoCore\Debug\libArduinoCore.a(HardwareSerial.o)
                0x0000217a                _Z14serialEventRunv
 .text._ZN14HardwareSerial17_tx_udr_empty_irqEv
                0x000021f2       0x44 C:\Users\Anders\Documents\Atmel Studio\7.0\wetterstation\wetterstation\ArduinoCore\Debug\libArduinoCore.a(HardwareSerial.o)
                0x000021f2                _ZN14HardwareSerial17_tx_udr_empty_irqEv
 .text._ZN14HardwareSerial5writeEh
                0x00002236       0x98 C:\Users\Anders\Documents\Atmel Studio\7.0\wetterstation\wetterstation\ArduinoCore\Debug\libArduinoCore.a(HardwareSerial.o)
                0x00002236                _ZN14HardwareSerial5writeEh
 .text._ZN14HardwareSerial5flushEv
                0x000022ce       0x42 C:\Users\Anders\Documents\Atmel Studio\7.0\wetterstation\wetterstation\ArduinoCore\Debug\libArduinoCore.a(HardwareSerial.o)
                0x000022ce                _ZN14HardwareSerial5flushEv
 .text._ZN14HardwareSerial5beginEmh
                0x00002310       0xca C:\Users\Anders\Documents\Atmel Studio\7.0\wetterstation\wetterstation\ArduinoCore\Debug\libArduinoCore.a(HardwareSerial.o)
                0x00002310                _ZN14HardwareSerial5beginEmh
 .text.__vector_25
                0x000023da       0x6c C:\Users\Anders\Documents\Atmel Studio\7.0\wetterstation\wetterstation\ArduinoCore\Debug\libArduinoCore.a(HardwareSerial0.o)
                0x000023da                __vector_25
 .text.__vector_26
                0x00002446       0x52 C:\Users\Anders\Documents\Atmel Studio\7.0\wetterstation\wetterstation\ArduinoCore\Debug\libArduinoCore.a(HardwareSerial0.o)
                0x00002446                __vector_26
 .text._Z17Serial0_availablev
                0x00002498       0x12 C:\Users\Anders\Documents\Atmel Studio\7.0\wetterstation\wetterstation\ArduinoCore\Debug\libArduinoCore.a(HardwareSerial0.o)
                0x00002498                _Z17Serial0_availablev
 .text.startup._GLOBAL__sub_I___vector_25
                0x000024aa       0x5a C:\Users\Anders\Documents\Atmel Studio\7.0\wetterstation\wetterstation\ArduinoCore\Debug\libArduinoCore.a(HardwareSerial0.o)
 .text.initVariant
                0x00002504        0x2 C:\Users\Anders\Documents\Atmel Studio\7.0\wetterstation\wetterstation\ArduinoCore\Debug\libArduinoCore.a(main.o)
                0x00002504                initVariant
 .text.startup.main
                0x00002506       0x18 C:\Users\Anders\Documents\Atmel Studio\7.0\wetterstation\wetterstation\ArduinoCore\Debug\libArduinoCore.a(main.o)
                0x00002506                main
 .text._ZN5Print5writeEPKhj
                0x0000251e       0x54 C:\Users\Anders\Documents\Atmel Studio\7.0\wetterstation\wetterstation\ArduinoCore\Debug\libArduinoCore.a(Print.o)
                0x0000251e                _ZN5Print5writeEPKhj
 .text._ZN5Print5writeEPKc
                0x00002572       0x2a C:\Users\Anders\Documents\Atmel Studio\7.0\wetterstation\wetterstation\ArduinoCore\Debug\libArduinoCore.a(Print.o)
                0x00002572                _ZN5Print5writeEPKc
 .text._ZN5Print5printEPKc
                0x0000259c        0x2 C:\Users\Anders\Documents\Atmel Studio\7.0\wetterstation\wetterstation\ArduinoCore\Debug\libArduinoCore.a(Print.o)
                0x0000259c                _ZN5Print5printEPKc
 .text._ZN5Print5printEc
                0x0000259e        0xe C:\Users\Anders\Documents\Atmel Studio\7.0\wetterstation\wetterstation\ArduinoCore\Debug\libArduinoCore.a(Print.o)
                0x0000259e                _ZN5Print5printEc
 .text._ZN5Print7printlnEv
                0x000025ac        0x6 C:\Users\Anders\Documents\Atmel Studio\7.0\wetterstation\wetterstation\ArduinoCore\Debug\libArduinoCore.a(Print.o)
                0x000025ac                _ZN5Print7printlnEv
 .text._ZN5Print7printlnEPKc
                0x000025b2       0x20 C:\Users\Anders\Documents\Atmel Studio\7.0\wetterstation\wetterstation\ArduinoCore\Debug\libArduinoCore.a(Print.o)
                0x000025b2                _ZN5Print7printlnEPKc
 .text._ZN5Print11printNumberEmh
                0x000025d2       0x90 C:\Users\Anders\Documents\Atmel Studio\7.0\wetterstation\wetterstation\ArduinoCore\Debug\libArduinoCore.a(Print.o)
                0x000025d2                _ZN5Print11printNumberEmh
 .text._ZN5Print5printEmi
                0x00002662       0x18 C:\Users\Anders\Documents\Atmel Studio\7.0\wetterstation\wetterstation\ArduinoCore\Debug\libArduinoCore.a(Print.o)
                0x00002662                _ZN5Print5printEmi
 .text._ZN5Print5printEji
                0x0000267a        0xa C:\Users\Anders\Documents\Atmel Studio\7.0\wetterstation\wetterstation\ArduinoCore\Debug\libArduinoCore.a(Print.o)
                0x0000267a                _ZN5Print5printEji
 .text._ZN5Print10printFloatEdh
                0x00002684      0x19e C:\Users\Anders\Documents\Atmel Studio\7.0\wetterstation\wetterstation\ArduinoCore\Debug\libArduinoCore.a(Print.o)
                0x00002684                _ZN5Print10printFloatEdh
 .text._ZN5Print5printEdi
                0x00002822        0x2 C:\Users\Anders\Documents\Atmel Studio\7.0\wetterstation\wetterstation\ArduinoCore\Debug\libArduinoCore.a(Print.o)
                0x00002822                _ZN5Print5printEdi
 .text.nothing  0x00002824        0x2 C:\Users\Anders\Documents\Atmel Studio\7.0\wetterstation\wetterstation\ArduinoCore\Debug\libArduinoCore.a(WInterrupts.o)
 .text.__vector_1
                0x00002826       0x56 C:\Users\Anders\Documents\Atmel Studio\7.0\wetterstation\wetterstation\ArduinoCore\Debug\libArduinoCore.a(WInterrupts.o)
                0x00002826                __vector_1
 .text.__vector_2
                0x0000287c       0x56 C:\Users\Anders\Documents\Atmel Studio\7.0\wetterstation\wetterstation\ArduinoCore\Debug\libArduinoCore.a(WInterrupts.o)
                0x0000287c                __vector_2
 .text.__vector_3
                0x000028d2       0x56 C:\Users\Anders\Documents\Atmel Studio\7.0\wetterstation\wetterstation\ArduinoCore\Debug\libArduinoCore.a(WInterrupts.o)
                0x000028d2                __vector_3
 .text.__vector_4
                0x00002928       0x56 C:\Users\Anders\Documents\Atmel Studio\7.0\wetterstation\wetterstation\ArduinoCore\Debug\libArduinoCore.a(WInterrupts.o)
                0x00002928                __vector_4
 .text.__vector_5
                0x0000297e       0x56 C:\Users\Anders\Documents\Atmel Studio\7.0\wetterstation\wetterstation\ArduinoCore\Debug\libArduinoCore.a(WInterrupts.o)
                0x0000297e                __vector_5
 .text.__vector_6
                0x000029d4       0x56 C:\Users\Anders\Documents\Atmel Studio\7.0\wetterstation\wetterstation\ArduinoCore\Debug\libArduinoCore.a(WInterrupts.o)
                0x000029d4                __vector_6
 .text.__vector_7
                0x00002a2a       0x56 C:\Users\Anders\Documents\Atmel Studio\7.0\wetterstation\wetterstation\ArduinoCore\Debug\libArduinoCore.a(WInterrupts.o)
                0x00002a2a                __vector_7
 .text.__vector_8
                0x00002a80       0x56 C:\Users\Anders\Documents\Atmel Studio\7.0\wetterstation\wetterstation\ArduinoCore\Debug\libArduinoCore.a(WInterrupts.o)
                0x00002a80                __vector_8
 .text.__vector_23
                0x00002ad6       0x94 C:\Users\Anders\Documents\Atmel Studio\7.0\wetterstation\wetterstation\ArduinoCore\Debug\libArduinoCore.a(wiring.o)
                0x00002ad6                __vector_23
 .text.millis   0x00002b6a       0x18 C:\Users\Anders\Documents\Atmel Studio\7.0\wetterstation\wetterstation\ArduinoCore\Debug\libArduinoCore.a(wiring.o)
                0x00002b6a                millis
 .text.micros   0x00002b82       0x4a C:\Users\Anders\Documents\Atmel Studio\7.0\wetterstation\wetterstation\ArduinoCore\Debug\libArduinoCore.a(wiring.o)
                0x00002b82                micros
 .text.delay    0x00002bcc       0x74 C:\Users\Anders\Documents\Atmel Studio\7.0\wetterstation\wetterstation\ArduinoCore\Debug\libArduinoCore.a(wiring.o)
                0x00002bcc                delay
 .text.init     0x00002c40       0xc4 C:\Users\Anders\Documents\Atmel Studio\7.0\wetterstation\wetterstation\ArduinoCore\Debug\libArduinoCore.a(wiring.o)
                0x00002c40                init
 .text.turnOffPWM
                0x00002d04       0xac C:\Users\Anders\Documents\Atmel Studio\7.0\wetterstation\wetterstation\ArduinoCore\Debug\libArduinoCore.a(wiring_digital.o)
 .text.pinMode  0x00002db0       0x78 C:\Users\Anders\Documents\Atmel Studio\7.0\wetterstation\wetterstation\ArduinoCore\Debug\libArduinoCore.a(wiring_digital.o)
                0x00002db0                pinMode
 .text.digitalWrite
                0x00002e28       0x5c C:\Users\Anders\Documents\Atmel Studio\7.0\wetterstation\wetterstation\ArduinoCore\Debug\libArduinoCore.a(wiring_digital.o)
                0x00002e28                digitalWrite
 .text.digitalRead
                0x00002e84       0x50 C:\Users\Anders\Documents\Atmel Studio\7.0\wetterstation\wetterstation\ArduinoCore\Debug\libArduinoCore.a(wiring_digital.o)
                0x00002e84                digitalRead
 .text._ZN6StringD2Ev
                0x00002ed4        0xa C:\Users\Anders\Documents\Atmel Studio\7.0\wetterstation\wetterstation\ArduinoCore\Debug\libArduinoCore.a(WString.o)
                0x00002ed4                _ZN6StringD2Ev
                0x00002ed4                _ZN6StringD1Ev
 .text._ZN6String10invalidateEv
                0x00002ede       0x24 C:\Users\Anders\Documents\Atmel Studio\7.0\wetterstation\wetterstation\ArduinoCore\Debug\libArduinoCore.a(WString.o)
                0x00002ede                _ZN6String10invalidateEv
 .text._ZN6String12changeBufferEj
                0x00002f02       0x34 C:\Users\Anders\Documents\Atmel Studio\7.0\wetterstation\wetterstation\ArduinoCore\Debug\libArduinoCore.a(WString.o)
                0x00002f02                _ZN6String12changeBufferEj
 .text._ZN6String7reserveEj
                0x00002f36       0x36 C:\Users\Anders\Documents\Atmel Studio\7.0\wetterstation\wetterstation\ArduinoCore\Debug\libArduinoCore.a(WString.o)
                0x00002f36                _ZN6String7reserveEj
 .text._ZN6String4copyEPKcj
                0x00002f6c       0x3e C:\Users\Anders\Documents\Atmel Studio\7.0\wetterstation\wetterstation\ArduinoCore\Debug\libArduinoCore.a(WString.o)
                0x00002f6c                _ZN6String4copyEPKcj
 .text._ZN6StringC2EPKc
                0x00002faa       0x28 C:\Users\Anders\Documents\Atmel Studio\7.0\wetterstation\wetterstation\ArduinoCore\Debug\libArduinoCore.a(WString.o)
                0x00002faa                _ZN6StringC2EPKc
                0x00002faa                _ZN6StringC1EPKc
 .text._ZN5SDLib4File5writeEh
                0x00002fd2       0x2c C:\Users\Anders\Documents\Atmel Studio\7.0\wetterstation\wetterstation\ArduinoCore\Debug\libArduinoCore.a(File.o)
                0x00002fd2                _ZN5SDLib4File5writeEh
 .text._ZN5SDLib4File5writeEPKhj
                0x00002ffe       0x36 C:\Users\Anders\Documents\Atmel Studio\7.0\wetterstation\wetterstation\ArduinoCore\Debug\libArduinoCore.a(File.o)
                0x00002ffe                _ZN5SDLib4File5writeEPKhj
 .text._ZN5SDLib4File5flushEv
                0x00003034        0xe C:\Users\Anders\Documents\Atmel Studio\7.0\wetterstation\wetterstation\ArduinoCore\Debug\libArduinoCore.a(File.o)
                0x00003034                _ZN5SDLib4File5flushEv
 .text._ZN6SdFile4readEv
                0x00003042       0x2c C:\Users\Anders\Documents\Atmel Studio\7.0\wetterstation\wetterstation\ArduinoCore\Debug\libArduinoCore.a(File.o)
                0x00003042                _ZN6SdFile4readEv
 .text._ZN5SDLib4File4readEv
                0x0000306e       0x12 C:\Users\Anders\Documents\Atmel Studio\7.0\wetterstation\wetterstation\ArduinoCore\Debug\libArduinoCore.a(File.o)
                0x0000306e                _ZN5SDLib4File4readEv
 .text._ZN5SDLib4File4peekEv
                0x00003080       0x50 C:\Users\Anders\Documents\Atmel Studio\7.0\wetterstation\wetterstation\ArduinoCore\Debug\libArduinoCore.a(File.o)
                0x00003080                _ZN5SDLib4File4peekEv
 .text._ZN5SDLib4FileC2Ev
                0x000030d0       0x26 C:\Users\Anders\Documents\Atmel Studio\7.0\wetterstation\wetterstation\ArduinoCore\Debug\libArduinoCore.a(File.o)
                0x000030d0                _ZN5SDLib4FileC2Ev
                0x000030d0                _ZN5SDLib4FileC1Ev
 .text._ZN5SDLib4File8positionEv
                0x000030f6       0x20 C:\Users\Anders\Documents\Atmel Studio\7.0\wetterstation\wetterstation\ArduinoCore\Debug\libArduinoCore.a(File.o)
                0x000030f6                _ZN5SDLib4File8positionEv
 .text._ZN5SDLib4File4sizeEv
                0x00003116       0x20 C:\Users\Anders\Documents\Atmel Studio\7.0\wetterstation\wetterstation\ArduinoCore\Debug\libArduinoCore.a(File.o)
                0x00003116                _ZN5SDLib4File4sizeEv
 .text._ZN5SDLib4File9availableEv
                0x00003136       0x5a C:\Users\Anders\Documents\Atmel Studio\7.0\wetterstation\wetterstation\ArduinoCore\Debug\libArduinoCore.a(File.o)
                0x00003136                _ZN5SDLib4File9availableEv
 .text.startup._GLOBAL__sub_I__ZN5SDLib20getNextPathComponentEPKcPjPc
                0x00003190       0x2e C:\Users\Anders\Documents\Atmel Studio\7.0\wetterstation\wetterstation\ArduinoCore\Debug\libArduinoCore.a(SD.o)
 .text._ZN8SPIClass14endTransactionEv.part.3
                0x000031be       0x1a C:\Users\Anders\Documents\Atmel Studio\7.0\wetterstation\wetterstation\ArduinoCore\Debug\libArduinoCore.a(Sd2Card.o)
 .text._ZN8SPIClass8transferEh
                0x000031d8        0xe C:\Users\Anders\Documents\Atmel Studio\7.0\wetterstation\wetterstation\ArduinoCore\Debug\libArduinoCore.a(Sd2Card.o)
                0x000031d8                _ZN8SPIClass8transferEh
 .text._ZL6spiRecv
                0x000031e6        0x4 C:\Users\Anders\Documents\Atmel Studio\7.0\wetterstation\wetterstation\ArduinoCore\Debug\libArduinoCore.a(Sd2Card.o)
 .text._ZN7Sd2Card14chipSelectHighEv
                0x000031ea       0x1e C:\Users\Anders\Documents\Atmel Studio\7.0\wetterstation\wetterstation\ArduinoCore\Debug\libArduinoCore.a(Sd2Card.o)
                0x000031ea                _ZN7Sd2Card14chipSelectHighEv
 .text._ZN7Sd2Card13chipSelectLowEv
                0x00003208       0x2a C:\Users\Anders\Documents\Atmel Studio\7.0\wetterstation\wetterstation\ArduinoCore\Debug\libArduinoCore.a(Sd2Card.o)
                0x00003208                _ZN7Sd2Card13chipSelectLowEv
 .text._ZN7Sd2Card7readEndEv
                0x00003232       0x30 C:\Users\Anders\Documents\Atmel Studio\7.0\wetterstation\wetterstation\ArduinoCore\Debug\libArduinoCore.a(Sd2Card.o)
                0x00003232                _ZN7Sd2Card7readEndEv
 .text._ZN7Sd2Card11waitNotBusyEj
                0x00003262       0x30 C:\Users\Anders\Documents\Atmel Studio\7.0\wetterstation\wetterstation\ArduinoCore\Debug\libArduinoCore.a(Sd2Card.o)
                0x00003262                _ZN7Sd2Card11waitNotBusyEj
 .text._ZN7Sd2Card11cardCommandEhm
                0x00003292       0x90 C:\Users\Anders\Documents\Atmel Studio\7.0\wetterstation\wetterstation\ArduinoCore\Debug\libArduinoCore.a(Sd2Card.o)
                0x00003292                _ZN7Sd2Card11cardCommandEhm
 .text._ZN7Sd2Card14waitStartBlockEv
                0x00003322       0x42 C:\Users\Anders\Documents\Atmel Studio\7.0\wetterstation\wetterstation\ArduinoCore\Debug\libArduinoCore.a(Sd2Card.o)
                0x00003322                _ZN7Sd2Card14waitStartBlockEv
 .text._ZN7Sd2Card8readDataEmjjPh.part.6
                0x00003364       0xec C:\Users\Anders\Documents\Atmel Studio\7.0\wetterstation\wetterstation\ArduinoCore\Debug\libArduinoCore.a(Sd2Card.o)
 .text._ZN7Sd2Card8readDataEmjjPh
                0x00003450       0x1e C:\Users\Anders\Documents\Atmel Studio\7.0\wetterstation\wetterstation\ArduinoCore\Debug\libArduinoCore.a(Sd2Card.o)
                0x00003450                _ZN7Sd2Card8readDataEmjjPh
 .text._ZN7Sd2Card9readBlockEmPh
                0x0000346e       0x1e C:\Users\Anders\Documents\Atmel Studio\7.0\wetterstation\wetterstation\ArduinoCore\Debug\libArduinoCore.a(Sd2Card.o)
                0x0000346e                _ZN7Sd2Card9readBlockEmPh
 .text._ZN7Sd2Card9writeDataEhPKh
                0x0000348c       0x54 C:\Users\Anders\Documents\Atmel Studio\7.0\wetterstation\wetterstation\ArduinoCore\Debug\libArduinoCore.a(Sd2Card.o)
                0x0000348c                _ZN7Sd2Card9writeDataEhPKh
 .text._ZN7Sd2Card10writeBlockEmPKh
                0x000034e0       0x8e C:\Users\Anders\Documents\Atmel Studio\7.0\wetterstation\wetterstation\ArduinoCore\Debug\libArduinoCore.a(Sd2Card.o)
                0x000034e0                _ZN7Sd2Card10writeBlockEmPKh
 .text.startup._GLOBAL__sub_I__ZN7Sd2Card11cardCommandEhm
                0x0000356e        0xc C:\Users\Anders\Documents\Atmel Studio\7.0\wetterstation\wetterstation\ArduinoCore\Debug\libArduinoCore.a(Sd2Card.o)
 .text._ZN6SdFile10addClusterEv
                0x0000357a       0x4c C:\Users\Anders\Documents\Atmel Studio\7.0\wetterstation\wetterstation\ArduinoCore\Debug\libArduinoCore.a(SdFile.o)
                0x0000357a                _ZN6SdFile10addClusterEv
 .text._ZN6SdFile13cacheDirEntryEh
                0x000035c6       0x30 C:\Users\Anders\Documents\Atmel Studio\7.0\wetterstation\wetterstation\ArduinoCore\Debug\libArduinoCore.a(SdFile.o)
                0x000035c6                _ZN6SdFile13cacheDirEntryEh
 .text._ZN6SdFile4readEPvj
                0x000035f6      0x204 C:\Users\Anders\Documents\Atmel Studio\7.0\wetterstation\wetterstation\ArduinoCore\Debug\libArduinoCore.a(SdFile.o)
                0x000035f6                _ZN6SdFile4readEPvj
 .text._ZN6SdFile7seekSetEm
                0x000037fa      0x12c C:\Users\Anders\Documents\Atmel Studio\7.0\wetterstation\wetterstation\ArduinoCore\Debug\libArduinoCore.a(SdFile.o)
                0x000037fa                _ZN6SdFile7seekSetEm
 .text._ZN6SdFile4syncEv
                0x00003926       0x8a C:\Users\Anders\Documents\Atmel Studio\7.0\wetterstation\wetterstation\ArduinoCore\Debug\libArduinoCore.a(SdFile.o)
                0x00003926                _ZN6SdFile4syncEv
 .text._ZN6SdFile5writeEPKvj
                0x000039b0      0x334 C:\Users\Anders\Documents\Atmel Studio\7.0\wetterstation\wetterstation\ArduinoCore\Debug\libArduinoCore.a(SdFile.o)
                0x000039b0                _ZN6SdFile5writeEPKvj
 .text._ZN6SdFile5writeEh
                0x00003ce4       0x20 C:\Users\Anders\Documents\Atmel Studio\7.0\wetterstation\wetterstation\ArduinoCore\Debug\libArduinoCore.a(SdFile.o)
                0x00003ce4                _ZN6SdFile5writeEh
 .text._ZN8SdVolume10cacheFlushEv
                0x00003d04       0x72 C:\Users\Anders\Documents\Atmel Studio\7.0\wetterstation\wetterstation\ArduinoCore\Debug\libArduinoCore.a(SdVolume.o)
                0x00003d04                _ZN8SdVolume10cacheFlushEv
 .text._ZN8SdVolume13cacheRawBlockEmh
                0x00003d76       0x72 C:\Users\Anders\Documents\Atmel Studio\7.0\wetterstation\wetterstation\ArduinoCore\Debug\libArduinoCore.a(SdVolume.o)
                0x00003d76                _ZN8SdVolume13cacheRawBlockEmh
 .text._ZNK8SdVolume6fatGetEmPm
                0x00003de8      0x104 C:\Users\Anders\Documents\Atmel Studio\7.0\wetterstation\wetterstation\ArduinoCore\Debug\libArduinoCore.a(SdVolume.o)
                0x00003de8                _ZNK8SdVolume6fatGetEmPm
 .text._ZN8SdVolume6fatPutEmm
                0x00003eec      0x140 C:\Users\Anders\Documents\Atmel Studio\7.0\wetterstation\wetterstation\ArduinoCore\Debug\libArduinoCore.a(SdVolume.o)
                0x00003eec                _ZN8SdVolume6fatPutEmm
 .text._ZN8SdVolume15allocContiguousEmPm
                0x0000402c      0x222 C:\Users\Anders\Documents\Atmel Studio\7.0\wetterstation\wetterstation\ArduinoCore\Debug\libArduinoCore.a(SdVolume.o)
                0x0000402c                _ZN8SdVolume15allocContiguousEmPm
 .text._ZN8SPIClass5beginEv
                0x0000424e       0x6c C:\Users\Anders\Documents\Atmel Studio\7.0\wetterstation\wetterstation\ArduinoCore\Debug\libArduinoCore.a(SPI.o)
                0x0000424e                _ZN8SPIClass5beginEv
 .text.__empty  0x000042ba        0x2 C:\Users\Anders\Documents\Atmel Studio\7.0\wetterstation\wetterstation\ArduinoCore\Debug\libArduinoCore.a(hooks.o)
                0x000042ba                yield
 .text.avr-libc.fplib
                0x000042bc        0x8 c:/program files (x86)/atmel/studio/7.0/toolchain/avr8/avr8-gnu-toolchain/bin/../lib/gcc/avr/5.4.0/../../../../avr/lib/avr6\libm.a(cmpsf2.o)
                0x000042bc                __nesf2
                0x000042bc                __eqsf2
                0x000042bc                __cmpsf2
                0x000042bc                __ltsf2
                0x000042bc                __lesf2
 .text.avr-libc.fplib
                0x000042c4       0x5e c:/program files (x86)/atmel/studio/7.0/toolchain/avr8/avr8-gnu-toolchain/bin/../lib/gcc/avr/5.4.0/../../../../avr/lib/avr6\libm.a(fixunssfsi.o)
                0x000042c4                __fixunssfsi
 .text.avr-libc.fplib
                0x00004322       0x48 c:/program files (x86)/atmel/studio/7.0/toolchain/avr8/avr8-gnu-toolchain/bin/../lib/gcc/avr/5.4.0/../../../../avr/lib/avr6\libm.a(fp_cmp.o)
                0x00004322                __fp_cmp
 .text.avr-libc.fplib
                0x0000436a        0x8 c:/program files (x86)/atmel/studio/7.0/toolchain/avr8/avr8-gnu-toolchain/bin/../lib/gcc/avr/5.4.0/../../../../avr/lib/avr6\libm.a(gesf2.o)
                0x0000436a                __gesf2
                0x0000436a                __gtsf2
 .text.avr-libc.fplib
                0x00004372        0x8 c:/program files (x86)/atmel/studio/7.0/toolchain/avr8/avr8-gnu-toolchain/bin/../lib/gcc/avr/5.4.0/../../../../avr/lib/avr6\libm.a(unordsf2.o)
                0x00004372                __unordsf2
 .text.libgcc.mul
                0x0000437a       0x1e c:/program files (x86)/atmel/studio/7.0/toolchain/avr8/avr8-gnu-toolchain/bin/../lib/gcc/avr/5.4.0/avr6\libgcc.a(_mulsi3.o)
                0x0000437a                __mulsi3
 .text.libgcc.div
                0x00004398       0x44 c:/program files (x86)/atmel/studio/7.0/toolchain/avr8/avr8-gnu-toolchain/bin/../lib/gcc/avr/5.4.0/avr6\libgcc.a(_udivmodsi4.o)
                0x00004398                __udivmodsi4
 .text.libgcc   0x000043dc       0x10 c:/program files (x86)/atmel/studio/7.0/toolchain/avr8/avr8-gnu-toolchain/bin/../lib/gcc/avr/5.4.0/avr6\libgcc.a(_tablejump2.o)
                0x000043dc                __tablejump2__
 .text.libgcc.mul
                0x000043ec       0x1e c:/program files (x86)/atmel/studio/7.0/toolchain/avr8/avr8-gnu-toolchain/bin/../lib/gcc/avr/5.4.0/avr6\libgcc.a(_umulhisi3.o)
                0x000043ec                __umulhisi3
 .text.libgcc.mul
                0x0000440a       0x14 c:/program files (x86)/atmel/studio/7.0/toolchain/avr8/avr8-gnu-toolchain/bin/../lib/gcc/avr/5.4.0/avr6\libgcc.a(_muluhisi3.o)
                0x0000440a                __muluhisi3
 .text.libgcc.mul
                0x0000441e        0xc c:/program files (x86)/atmel/studio/7.0/toolchain/avr8/avr8-gnu-toolchain/bin/../lib/gcc/avr/5.4.0/avr6\libgcc.a(_mulshisi3.o)
                0x0000441e                __mulshisi3
                0x00004422                __mulohisi3
 .text.libgcc.mul
                0x0000442a       0x92 c:/program files (x86)/atmel/studio/7.0/toolchain/avr8/avr8-gnu-toolchain/bin/../lib/gcc/avr/5.4.0/avr6\libgcc.a(_muldi3.o)
                0x0000442a                __muldi3
 .text.libgcc.mul
                0x000044bc       0x10 c:/program files (x86)/atmel/studio/7.0/toolchain/avr8/avr8-gnu-toolchain/bin/../lib/gcc/avr/5.4.0/avr6\libgcc.a(_muldi3_6.o)
                0x000044bc                __muldi3_6
 .text.libgcc.div
                0x000044cc       0x56 c:/program files (x86)/atmel/studio/7.0/toolchain/avr8/avr8-gnu-toolchain/bin/../lib/gcc/avr/5.4.0/avr6\libgcc.a(_divdi3.o)
                0x000044cc                __moddi3
                0x000044d0                __divdi3
                0x000044d2                __divdi3_moddi3
 .text.libgcc.div
                0x00004522       0x1a c:/program files (x86)/atmel/studio/7.0/toolchain/avr8/avr8-gnu-toolchain/bin/../lib/gcc/avr/5.4.0/avr6\libgcc.a(_udivdi3.o)
                0x00004522                __umoddi3
                0x00004526                __udivdi3
                0x00004528                __udivdi3_umoddi3
 .text.libgcc.div
                0x0000453c       0xa2 c:/program files (x86)/atmel/studio/7.0/toolchain/avr8/avr8-gnu-toolchain/bin/../lib/gcc/avr/5.4.0/avr6\libgcc.a(_udivmod64.o)
                0x0000453c                __udivmod64
 .text.libgcc   0x000045de       0x20 c:/program files (x86)/atmel/studio/7.0/toolchain/avr8/avr8-gnu-toolchain/bin/../lib/gcc/avr/5.4.0/avr6\libgcc.a(_negdi2.o)
                0x000045de                __negdi2
 .text.libgcc.prologue
                0x000045fe       0x38 c:/program files (x86)/atmel/studio/7.0/toolchain/avr8/avr8-gnu-toolchain/bin/../lib/gcc/avr/5.4.0/avr6\libgcc.a(_prologue.o)
                0x000045fe                __prologue_saves__
 .text.libgcc.prologue
                0x00004636       0x36 c:/program files (x86)/atmel/studio/7.0/toolchain/avr8/avr8-gnu-toolchain/bin/../lib/gcc/avr/5.4.0/avr6\libgcc.a(_epilogue.o)
                0x00004636                __epilogue_restores__
 .text.libgcc.builtins
                0x0000466c       0x32 c:/program files (x86)/atmel/studio/7.0/toolchain/avr8/avr8-gnu-toolchain/bin/../lib/gcc/avr/5.4.0/avr6\libgcc.a(_ashldi3.o)
                0x0000466c                __ashldi3
 .text.libgcc.builtins
                0x0000469e       0x3c c:/program files (x86)/atmel/studio/7.0/toolchain/avr8/avr8-gnu-toolchain/bin/../lib/gcc/avr/5.4.0/avr6\libgcc.a(_ashrdi3.o)
                0x0000469e                __ashrdi3
                0x000046a2                __lshrdi3
 .text.libgcc   0x000046da       0x12 c:/program files (x86)/atmel/studio/7.0/toolchain/avr8/avr8-gnu-toolchain/bin/../lib/gcc/avr/5.4.0/avr6\libgcc.a(_adddi3.o)
                0x000046da                __adddi3
 .text.libgcc   0x000046ec       0x12 c:/program files (x86)/atmel/studio/7.0/toolchain/avr8/avr8-gnu-toolchain/bin/../lib/gcc/avr/5.4.0/avr6\libgcc.a(_subdi3.o)
                0x000046ec                __subdi3
 .text.libgcc   0x000046fe       0x18 c:/program files (x86)/atmel/studio/7.0/toolchain/avr8/avr8-gnu-toolchain/bin/../lib/gcc/avr/5.4.0/avr6\libgcc.a(_cmpdi2_s8.o)
                0x000046fe                __cmpdi2_s8
 .text.avr-libc
                0x00004716      0x242 c:/program files (x86)/atmel/studio/7.0/toolchain/avr8/avr8-gnu-toolchain/bin/../lib/gcc/avr/5.4.0/../../../../avr/lib/avr6\libc.a(malloc.o)
                0x00004716                malloc
                0x00004846                free
 .text.avr-libc
                0x00004958      0x1c0 c:/program files (x86)/atmel/studio/7.0/toolchain/avr8/avr8-gnu-toolchain/bin/../lib/gcc/avr/5.4.0/../../../../avr/lib/avr6\libc.a(realloc.o)
                0x00004958                realloc
 .text.avr-libc
                0x00004b18       0x12 c:/program files (x86)/atmel/studio/7.0/toolchain/avr8/avr8-gnu-toolchain/bin/../lib/gcc/avr/5.4.0/../../../../avr/lib/avr6\libc.a(memcpy.o)
                0x00004b18                memcpy
 .text.avr-libc
                0x00004b2a        0xe c:/program files (x86)/atmel/studio/7.0/toolchain/avr8/avr8-gnu-toolchain/bin/../lib/gcc/avr/5.4.0/../../../../avr/lib/avr6\libc.a(strcpy.o)
                0x00004b2a                strcpy
                0x00004b38                . = ALIGN (0x2)
 *(.fini9)
 .fini9         0x00004b38        0x0 c:/program files (x86)/atmel/studio/7.0/toolchain/avr8/avr8-gnu-toolchain/bin/../lib/gcc/avr/5.4.0/avr6\libgcc.a(_exit.o)
                0x00004b38                _exit
                0x00004b38                exit
 *(.fini9)
 *(.fini8)
 *(.fini8)
 *(.fini7)
 *(.fini7)
 *(.fini6)
 .fini6         0x00004b38       0x1e c:/program files (x86)/atmel/studio/7.0/toolchain/avr8/avr8-gnu-toolchain/bin/../lib/gcc/avr/5.4.0/avr6\libgcc.a(_dtors.o)
                0x00004b38                __do_global_dtors
 *(.fini6)
 *(.fini5)
 *(.fini5)
 *(.fini4)
 *(.fini4)
 *(.fini3)
 *(.fini3)
 *(.fini2)
 *(.fini2)
 *(.fini1)
 *(.fini1)
 *(.fini0)
 .fini0         0x00004b56        0x4 c:/program files (x86)/atmel/studio/7.0/toolchain/avr8/avr8-gnu-toolchain/bin/../lib/gcc/avr/5.4.0/avr6\libgcc.a(_exit.o)
 *(.fini0)
                0x00004b5a                _etext = .

.data           0x00800200      0x2b0 load address 0x00004b5a
                0x00800200                PROVIDE (__data_start, .)
 *(.data)
 .data          0x00800200        0x6 c:/program files (x86)/atmel/studio/7.0/toolchain/avr8/avr8-gnu-toolchain/bin/../lib/gcc/avr/5.4.0/../../../../avr/lib/avr6\libc.a(malloc.o)
                0x00800200                __malloc_heap_end
                0x00800202                __malloc_heap_start
                0x00800204                __malloc_margin
 *(.data*)
 .data.intFunc  0x00800206       0x10 C:\Users\Anders\Documents\Atmel Studio\7.0\wetterstation\wetterstation\ArduinoCore\Debug\libArduinoCore.a(WInterrupts.o)
 .data._ZN8SdVolume17cacheBlockNumber_E
                0x00800216        0x4 C:\Users\Anders\Documents\Atmel Studio\7.0\wetterstation\wetterstation\ArduinoCore\Debug\libArduinoCore.a(SdVolume.o)
                0x00800216                _ZN8SdVolume17cacheBlockNumber_E
 *(.gnu.linkonce.d*)
 *(.rodata)
 *(.rodata*)
 .rodata.str1.1
                0x0080021a      0x203 CLI.o
                                0x204 (size before relaxing)
 .rodata.str1.1
                0x0080041d       0x42 wetterstation.o
 .rodata._ZTV7TwoWire
                0x0080045f       0x12 src/libraries/Wire/src/Wire.o
                0x0080045f                _ZTV7TwoWire
 .rodata._ZTV14HardwareSerial
                0x00800471       0x12 C:\Users\Anders\Documents\Atmel Studio\7.0\wetterstation\wetterstation\ArduinoCore\Debug\libArduinoCore.a(HardwareSerial.o)
                0x00800471                _ZTV14HardwareSerial
 .rodata.str1.1
                0x00800483        0xf C:\Users\Anders\Documents\Atmel Studio\7.0\wetterstation\wetterstation\ArduinoCore\Debug\libArduinoCore.a(Print.o)
 .rodata._ZTVN5SDLib4FileE
                0x00800492       0x12 C:\Users\Anders\Documents\Atmel Studio\7.0\wetterstation\wetterstation\ArduinoCore\Debug\libArduinoCore.a(File.o)
                0x00800492                _ZTVN5SDLib4FileE
 .rodata._ZTV6SdFile
                0x008004a4        0xc C:\Users\Anders\Documents\Atmel Studio\7.0\wetterstation\wetterstation\ArduinoCore\Debug\libArduinoCore.a(SdFile.o)
                0x008004a4                _ZTV6SdFile
 *(.gnu.linkonce.r*)
                0x008004b0                . = ALIGN (0x2)
                0x008004b0                _edata = .
                0x008004b0                PROVIDE (__data_end, .)

.bss            0x008004b0      0x47c
                0x008004b0                PROVIDE (__bss_start, .)
 *(.bss)
 *(.bss*)
 .bss.show_sdCardInfo
                0x008004b0        0x6 CLI.o
                0x008004b0                show_sdCardInfo
 .bss.command_show
                0x008004b6        0x6 CLI.o
                0x008004b6                command_show
 .bss.command_exit
                0x008004bc        0x6 CLI.o
                0x008004bc                command_exit
 .bss.command_config
                0x008004c2        0x6 CLI.o
                0x008004c2                command_config
 .bss.command_help
                0x008004c8        0x6 CLI.o
                0x008004c8                command_help
 .bss.mySD      0x008004ce        0x2 wetterstation.o
                0x008004ce                mySD
 .bss.bme       0x008004d0       0x33 wetterstation.o
                0x008004d0                bme
 .bss.twi_error
                0x00800503        0x1 src/libraries/Wire/src/utility/twi.o
 .bss.twi_rxBufferIndex
                0x00800504        0x1 src/libraries/Wire/src/utility/twi.o
 .bss.twi_rxBuffer
                0x00800505       0x20 src/libraries/Wire/src/utility/twi.o
 .bss.twi_txBufferLength
                0x00800525        0x1 src/libraries/Wire/src/utility/twi.o
 .bss.twi_txBufferIndex
                0x00800526        0x1 src/libraries/Wire/src/utility/twi.o
 .bss.twi_txBuffer
                0x00800527       0x20 src/libraries/Wire/src/utility/twi.o
 .bss.twi_masterBufferLength
                0x00800547        0x1 src/libraries/Wire/src/utility/twi.o
 .bss.twi_masterBufferIndex
                0x00800548        0x1 src/libraries/Wire/src/utility/twi.o
 .bss.twi_masterBuffer
                0x00800549       0x20 src/libraries/Wire/src/utility/twi.o
 .bss.twi_onSlaveReceive
                0x00800569        0x2 src/libraries/Wire/src/utility/twi.o
 .bss.twi_onSlaveTransmit
                0x0080056b        0x2 src/libraries/Wire/src/utility/twi.o
 .bss.twi_inRepStart
                0x0080056d        0x1 src/libraries/Wire/src/utility/twi.o
 .bss.twi_sendStop
                0x0080056e        0x1 src/libraries/Wire/src/utility/twi.o
 .bss.twi_slarw
                0x0080056f        0x1 src/libraries/Wire/src/utility/twi.o
 .bss.twi_state
                0x00800570        0x1 src/libraries/Wire/src/utility/twi.o
 .bss.Wire      0x00800571        0xc src/libraries/Wire/src/Wire.o
                0x00800571                Wire
 .bss._ZN7TwoWire14user_onReceiveE
                0x0080057d        0x2 src/libraries/Wire/src/Wire.o
                0x0080057d                _ZN7TwoWire14user_onReceiveE
 .bss._ZN7TwoWire14user_onRequestE
                0x0080057f        0x2 src/libraries/Wire/src/Wire.o
                0x0080057f                _ZN7TwoWire14user_onRequestE
 .bss._ZN7TwoWire12transmittingE
                0x00800581        0x1 src/libraries/Wire/src/Wire.o
                0x00800581                _ZN7TwoWire12transmittingE
 .bss._ZN7TwoWire14txBufferLengthE
                0x00800582        0x1 src/libraries/Wire/src/Wire.o
                0x00800582                _ZN7TwoWire14txBufferLengthE
 .bss._ZN7TwoWire13txBufferIndexE
                0x00800583        0x1 src/libraries/Wire/src/Wire.o
                0x00800583                _ZN7TwoWire13txBufferIndexE
 .bss._ZN7TwoWire8txBufferE
                0x00800584       0x20 src/libraries/Wire/src/Wire.o
                0x00800584                _ZN7TwoWire8txBufferE
 .bss._ZN7TwoWire9txAddressE
                0x008005a4        0x1 src/libraries/Wire/src/Wire.o
                0x008005a4                _ZN7TwoWire9txAddressE
 .bss._ZN7TwoWire14rxBufferLengthE
                0x008005a5        0x1 src/libraries/Wire/src/Wire.o
                0x008005a5                _ZN7TwoWire14rxBufferLengthE
 .bss._ZN7TwoWire13rxBufferIndexE
                0x008005a6        0x1 src/libraries/Wire/src/Wire.o
                0x008005a6                _ZN7TwoWire13rxBufferIndexE
 .bss._ZN7TwoWire8rxBufferE
                0x008005a7       0x20 src/libraries/Wire/src/Wire.o
                0x008005a7                _ZN7TwoWire8rxBufferE
 .bss.root      0x008005c7       0x1d SDCard.o
                0x008005c7                root
 .bss.volume    0x008005e4       0x1e SDCard.o
                0x008005e4                volume
 .bss.card      0x00800602        0xc SDCard.o
                0x00800602                card
 .bss.myFile    0x0080060e       0x1b SDCard.o
                0x0080060e                myFile
 .bss.Serial    0x00800629       0x9d C:\Users\Anders\Documents\Atmel Studio\7.0\wetterstation\wetterstation\ArduinoCore\Debug\libArduinoCore.a(HardwareSerial0.o)
                0x00800629                Serial
 .bss.timer0_fract
                0x008006c6        0x1 C:\Users\Anders\Documents\Atmel Studio\7.0\wetterstation\wetterstation\ArduinoCore\Debug\libArduinoCore.a(wiring.o)
 .bss.timer0_millis
                0x008006c7        0x4 C:\Users\Anders\Documents\Atmel Studio\7.0\wetterstation\wetterstation\ArduinoCore\Debug\libArduinoCore.a(wiring.o)
                0x008006c7                timer0_millis
 .bss.timer0_overflow_count
                0x008006cb        0x4 C:\Users\Anders\Documents\Atmel Studio\7.0\wetterstation\wetterstation\ArduinoCore\Debug\libArduinoCore.a(wiring.o)
                0x008006cb                timer0_overflow_count
 .bss._ZN5SDLib2SDE
                0x008006cf       0x49 C:\Users\Anders\Documents\Atmel Studio\7.0\wetterstation\wetterstation\ArduinoCore\Debug\libArduinoCore.a(SD.o)
                0x008006cf                _ZN5SDLib2SDE
 .bss._ZL20chip_select_asserted
                0x00800718        0x1 C:\Users\Anders\Documents\Atmel Studio\7.0\wetterstation\wetterstation\ArduinoCore\Debug\libArduinoCore.a(Sd2Card.o)
 .bss._ZL8settings
                0x00800719        0x2 C:\Users\Anders\Documents\Atmel Studio\7.0\wetterstation\wetterstation\ArduinoCore\Debug\libArduinoCore.a(Sd2Card.o)
 .bss._ZN6SdFile9dateTime_E
                0x0080071b        0x2 C:\Users\Anders\Documents\Atmel Studio\7.0\wetterstation\wetterstation\ArduinoCore\Debug\libArduinoCore.a(SdFile.o)
                0x0080071b                _ZN6SdFile9dateTime_E
 .bss._ZN8SdVolume17cacheMirrorBlock_E
                0x0080071d        0x4 C:\Users\Anders\Documents\Atmel Studio\7.0\wetterstation\wetterstation\ArduinoCore\Debug\libArduinoCore.a(SdVolume.o)
                0x0080071d                _ZN8SdVolume17cacheMirrorBlock_E
 .bss._ZN8SdVolume11cacheDirty_E
                0x00800721        0x1 C:\Users\Anders\Documents\Atmel Studio\7.0\wetterstation\wetterstation\ArduinoCore\Debug\libArduinoCore.a(SdVolume.o)
                0x00800721                _ZN8SdVolume11cacheDirty_E
 .bss._ZN8SdVolume7sdCard_E
                0x00800722        0x2 C:\Users\Anders\Documents\Atmel Studio\7.0\wetterstation\wetterstation\ArduinoCore\Debug\libArduinoCore.a(SdVolume.o)
                0x00800722                _ZN8SdVolume7sdCard_E
 .bss._ZN8SdVolume12cacheBuffer_E
                0x00800724      0x200 C:\Users\Anders\Documents\Atmel Studio\7.0\wetterstation\wetterstation\ArduinoCore\Debug\libArduinoCore.a(SdVolume.o)
                0x00800724                _ZN8SdVolume12cacheBuffer_E
 .bss._ZN8SPIClass13interruptSaveE
                0x00800924        0x1 C:\Users\Anders\Documents\Atmel Studio\7.0\wetterstation\wetterstation\ArduinoCore\Debug\libArduinoCore.a(SPI.o)
                0x00800924                _ZN8SPIClass13interruptSaveE
 .bss._ZN8SPIClass13interruptMaskE
                0x00800925        0x1 C:\Users\Anders\Documents\Atmel Studio\7.0\wetterstation\wetterstation\ArduinoCore\Debug\libArduinoCore.a(SPI.o)
                0x00800925                _ZN8SPIClass13interruptMaskE
 .bss._ZN8SPIClass13interruptModeE
                0x00800926        0x1 C:\Users\Anders\Documents\Atmel Studio\7.0\wetterstation\wetterstation\ArduinoCore\Debug\libArduinoCore.a(SPI.o)
                0x00800926                _ZN8SPIClass13interruptModeE
 .bss._ZN8SPIClass11initializedE
                0x00800927        0x1 C:\Users\Anders\Documents\Atmel Studio\7.0\wetterstation\wetterstation\ArduinoCore\Debug\libArduinoCore.a(SPI.o)
                0x00800927                _ZN8SPIClass11initializedE
 *(COMMON)
 COMMON         0x00800928        0x4 c:/program files (x86)/atmel/studio/7.0/toolchain/avr8/avr8-gnu-toolchain/bin/../lib/gcc/avr/5.4.0/../../../../avr/lib/avr6\libc.a(malloc.o)
                0x00800928                __brkval
                0x0080092a                __flp
                0x0080092c                PROVIDE (__bss_end, .)
                0x00004b5a                __data_load_start = LOADADDR (.data)
                0x00004e0a                __data_load_end = (__data_load_start + SIZEOF (.data))

.noinit         0x0080092c        0x0
                [!provide]                PROVIDE (__noinit_start, .)
 *(.noinit*)
                [!provide]                PROVIDE (__noinit_end, .)
                0x0080092c                _end = .
                0x0080092c                PROVIDE (__heap_start, .)

.eeprom         0x00810000        0x0
 *(.eeprom*)
                0x00810000                __eeprom_end = .

.fuse
 *(.fuse)
 *(.lfuse)
 *(.hfuse)
 *(.efuse)

.lock
 *(.lock*)

.signature
 *(.signature*)

.user_signatures
 *(.user_signatures*)

.stab
 *(.stab)

.stabstr
 *(.stabstr)

.stab.excl
 *(.stab.excl)

.stab.exclstr
 *(.stab.exclstr)

.stab.index
 *(.stab.index)

.stab.indexstr
 *(.stab.indexstr)

.comment        0x00000000       0x30
 *(.comment)
 .comment       0x00000000       0x30 CLI.o
                                 0x31 (size before relaxing)
 .comment       0x00000030       0x31 wetterstation.o
 .comment       0x00000030       0x31 src/libraries/Adafruit_BME280_Library/Adafruit_BME280.o
 .comment       0x00000030       0x31 src/libraries/Wire/src/utility/twi.o
 .comment       0x00000030       0x31 src/libraries/Wire/src/Wire.o
 .comment       0x00000030       0x31 SDCard.o
 .comment       0x00000030       0x31 C:\Users\Anders\Documents\Atmel Studio\7.0\wetterstation\wetterstation\ArduinoCore\Debug\libArduinoCore.a(HardwareSerial.o)
 .comment       0x00000030       0x31 C:\Users\Anders\Documents\Atmel Studio\7.0\wetterstation\wetterstation\ArduinoCore\Debug\libArduinoCore.a(HardwareSerial0.o)
 .comment       0x00000030       0x31 C:\Users\Anders\Documents\Atmel Studio\7.0\wetterstation\wetterstation\ArduinoCore\Debug\libArduinoCore.a(main.o)
 .comment       0x00000030       0x31 C:\Users\Anders\Documents\Atmel Studio\7.0\wetterstation\wetterstation\ArduinoCore\Debug\libArduinoCore.a(Print.o)
 .comment       0x00000030       0x31 C:\Users\Anders\Documents\Atmel Studio\7.0\wetterstation\wetterstation\ArduinoCore\Debug\libArduinoCore.a(WInterrupts.o)
 .comment       0x00000030       0x31 C:\Users\Anders\Documents\Atmel Studio\7.0\wetterstation\wetterstation\ArduinoCore\Debug\libArduinoCore.a(wiring.o)
 .comment       0x00000030       0x31 C:\Users\Anders\Documents\Atmel Studio\7.0\wetterstation\wetterstation\ArduinoCore\Debug\libArduinoCore.a(wiring_digital.o)
 .comment       0x00000030       0x31 C:\Users\Anders\Documents\Atmel Studio\7.0\wetterstation\wetterstation\ArduinoCore\Debug\libArduinoCore.a(WString.o)
 .comment       0x00000030       0x31 C:\Users\Anders\Documents\Atmel Studio\7.0\wetterstation\wetterstation\ArduinoCore\Debug\libArduinoCore.a(File.o)
 .comment       0x00000030       0x31 C:\Users\Anders\Documents\Atmel Studio\7.0\wetterstation\wetterstation\ArduinoCore\Debug\libArduinoCore.a(SD.o)
 .comment       0x00000030       0x31 C:\Users\Anders\Documents\Atmel Studio\7.0\wetterstation\wetterstation\ArduinoCore\Debug\libArduinoCore.a(Sd2Card.o)
 .comment       0x00000030       0x31 C:\Users\Anders\Documents\Atmel Studio\7.0\wetterstation\wetterstation\ArduinoCore\Debug\libArduinoCore.a(SdFile.o)
 .comment       0x00000030       0x31 C:\Users\Anders\Documents\Atmel Studio\7.0\wetterstation\wetterstation\ArduinoCore\Debug\libArduinoCore.a(SdVolume.o)
 .comment       0x00000030       0x31 C:\Users\Anders\Documents\Atmel Studio\7.0\wetterstation\wetterstation\ArduinoCore\Debug\libArduinoCore.a(SPI.o)
 .comment       0x00000030       0x31 C:\Users\Anders\Documents\Atmel Studio\7.0\wetterstation\wetterstation\ArduinoCore\Debug\libArduinoCore.a(hooks.o)
 .comment       0x00000030       0x31 c:/program files (x86)/atmel/studio/7.0/toolchain/avr8/avr8-gnu-toolchain/bin/../lib/gcc/avr/5.4.0/../../../../avr/lib/avr6\libc.a(malloc.o)
 .comment       0x00000030       0x31 c:/program files (x86)/atmel/studio/7.0/toolchain/avr8/avr8-gnu-toolchain/bin/../lib/gcc/avr/5.4.0/../../../../avr/lib/avr6\libc.a(realloc.o)

.note.gnu.avr.deviceinfo
                0x00000000       0x40
 .note.gnu.avr.deviceinfo
                0x00000000       0x40 C:/Program Files (x86)/Atmel/Studio/7.0/Packs/atmel/ATmega_DFP/1.2.150/gcc/dev/atmega2560/avr6/crtatmega2560.o

.note.gnu.build-id
 *(.note.gnu.build-id)

.debug
 *(.debug)

.line
 *(.line)

.debug_srcinfo
 *(.debug_srcinfo)

.debug_sfnames
 *(.debug_sfnames)

.debug_aranges  0x00000000      0xd18
 *(.debug_aranges)
 .debug_aranges
                0x00000000       0x40 CLI.o
 .debug_aranges
                0x00000040       0x38 wetterstation.o
 .debug_aranges
                0x00000078       0xf0 src/libraries/Adafruit_BME280_Library/Adafruit_BME280.o
 .debug_aranges
                0x00000168       0x80 src/libraries/Wire/src/utility/twi.o
 .debug_aranges
                0x000001e8       0xf8 src/libraries/Wire/src/Wire.o
 .debug_aranges
                0x000002e0       0x58 SDCard.o
 .debug_aranges
                0x00000338       0x68 C:\Users\Anders\Documents\Atmel Studio\7.0\wetterstation\wetterstation\ArduinoCore\Debug\libArduinoCore.a(HardwareSerial.o)
 .debug_aranges
                0x000003a0       0x48 C:\Users\Anders\Documents\Atmel Studio\7.0\wetterstation\wetterstation\ArduinoCore\Debug\libArduinoCore.a(HardwareSerial0.o)
 .debug_aranges
                0x000003e8       0x30 C:\Users\Anders\Documents\Atmel Studio\7.0\wetterstation\wetterstation\ArduinoCore\Debug\libArduinoCore.a(main.o)
 .debug_aranges
                0x00000418      0x100 C:\Users\Anders\Documents\Atmel Studio\7.0\wetterstation\wetterstation\ArduinoCore\Debug\libArduinoCore.a(Print.o)
 .debug_aranges
                0x00000518       0x70 C:\Users\Anders\Documents\Atmel Studio\7.0\wetterstation\wetterstation\ArduinoCore\Debug\libArduinoCore.a(WInterrupts.o)
 .debug_aranges
                0x00000588       0x48 C:\Users\Anders\Documents\Atmel Studio\7.0\wetterstation\wetterstation\ArduinoCore\Debug\libArduinoCore.a(wiring.o)
 .debug_aranges
                0x000005d0       0x38 C:\Users\Anders\Documents\Atmel Studio\7.0\wetterstation\wetterstation\ArduinoCore\Debug\libArduinoCore.a(wiring_digital.o)
 .debug_aranges
                0x00000608      0x2b8 C:\Users\Anders\Documents\Atmel Studio\7.0\wetterstation\wetterstation\ArduinoCore\Debug\libArduinoCore.a(WString.o)
 .debug_aranges
                0x000008c0       0xb0 C:\Users\Anders\Documents\Atmel Studio\7.0\wetterstation\wetterstation\ArduinoCore\Debug\libArduinoCore.a(File.o)
 .debug_aranges
                0x00000970       0xb8 C:\Users\Anders\Documents\Atmel Studio\7.0\wetterstation\wetterstation\ArduinoCore\Debug\libArduinoCore.a(SD.o)
 .debug_aranges
                0x00000a28       0xf8 C:\Users\Anders\Documents\Atmel Studio\7.0\wetterstation\wetterstation\ArduinoCore\Debug\libArduinoCore.a(Sd2Card.o)
 .debug_aranges
                0x00000b20      0x140 C:\Users\Anders\Documents\Atmel Studio\7.0\wetterstation\wetterstation\ArduinoCore\Debug\libArduinoCore.a(SdFile.o)
 .debug_aranges
                0x00000c60       0x60 C:\Users\Anders\Documents\Atmel Studio\7.0\wetterstation\wetterstation\ArduinoCore\Debug\libArduinoCore.a(SdVolume.o)
 .debug_aranges
                0x00000cc0       0x38 C:\Users\Anders\Documents\Atmel Studio\7.0\wetterstation\wetterstation\ArduinoCore\Debug\libArduinoCore.a(SPI.o)
 .debug_aranges
                0x00000cf8       0x20 C:\Users\Anders\Documents\Atmel Studio\7.0\wetterstation\wetterstation\ArduinoCore\Debug\libArduinoCore.a(hooks.o)

.debug_pubnames
 *(.debug_pubnames)

.debug_info     0x00000000    0x2c56f
 *(.debug_info .gnu.linkonce.wi.*)
 .debug_info    0x00000000      0xbbc C:/Program Files (x86)/Atmel/Studio/7.0/Packs/atmel/ATmega_DFP/1.2.150/gcc/dev/atmega2560/avr6/crtatmega2560.o
 .debug_info    0x00000bbc     0x19a4 CLI.o
 .debug_info    0x00002560     0x1f43 wetterstation.o
 .debug_info    0x000044a3     0x228f src/libraries/Adafruit_BME280_Library/Adafruit_BME280.o
 .debug_info    0x00006732      0x662 src/libraries/Wire/src/utility/twi.o
 .debug_info    0x00006d94     0x27b0 src/libraries/Wire/src/Wire.o
 .debug_info    0x00009544     0x4ac5 SDCard.o
 .debug_info    0x0000e009     0x205e C:\Users\Anders\Documents\Atmel Studio\7.0\wetterstation\wetterstation\ArduinoCore\Debug\libArduinoCore.a(HardwareSerial.o)
 .debug_info    0x00010067     0x1b74 C:\Users\Anders\Documents\Atmel Studio\7.0\wetterstation\wetterstation\ArduinoCore\Debug\libArduinoCore.a(HardwareSerial0.o)
 .debug_info    0x00011bdb      0x295 C:\Users\Anders\Documents\Atmel Studio\7.0\wetterstation\wetterstation\ArduinoCore\Debug\libArduinoCore.a(main.o)
 .debug_info    0x00011e70     0x295d C:\Users\Anders\Documents\Atmel Studio\7.0\wetterstation\wetterstation\ArduinoCore\Debug\libArduinoCore.a(Print.o)
 .debug_info    0x000147cd      0x301 C:\Users\Anders\Documents\Atmel Studio\7.0\wetterstation\wetterstation\ArduinoCore\Debug\libArduinoCore.a(WInterrupts.o)
 .debug_info    0x00014ace      0x329 C:\Users\Anders\Documents\Atmel Studio\7.0\wetterstation\wetterstation\ArduinoCore\Debug\libArduinoCore.a(wiring.o)
 .debug_info    0x00014df7      0x63a C:\Users\Anders\Documents\Atmel Studio\7.0\wetterstation\wetterstation\ArduinoCore\Debug\libArduinoCore.a(wiring_digital.o)
 .debug_info    0x00015431     0x4338 C:\Users\Anders\Documents\Atmel Studio\7.0\wetterstation\wetterstation\ArduinoCore\Debug\libArduinoCore.a(WString.o)
 .debug_info    0x00019769     0x2d7d C:\Users\Anders\Documents\Atmel Studio\7.0\wetterstation\wetterstation\ArduinoCore\Debug\libArduinoCore.a(File.o)
 .debug_info    0x0001c4e6     0x4f3b C:\Users\Anders\Documents\Atmel Studio\7.0\wetterstation\wetterstation\ArduinoCore\Debug\libArduinoCore.a(SD.o)
 .debug_info    0x00021421     0x3204 C:\Users\Anders\Documents\Atmel Studio\7.0\wetterstation\wetterstation\ArduinoCore\Debug\libArduinoCore.a(Sd2Card.o)
 .debug_info    0x00024625     0x503d C:\Users\Anders\Documents\Atmel Studio\7.0\wetterstation\wetterstation\ArduinoCore\Debug\libArduinoCore.a(SdFile.o)
 .debug_info    0x00029662     0x2802 C:\Users\Anders\Documents\Atmel Studio\7.0\wetterstation\wetterstation\ArduinoCore\Debug\libArduinoCore.a(SdVolume.o)
 .debug_info    0x0002be64      0x6cd C:\Users\Anders\Documents\Atmel Studio\7.0\wetterstation\wetterstation\ArduinoCore\Debug\libArduinoCore.a(SPI.o)
 .debug_info    0x0002c531       0x3e C:\Users\Anders\Documents\Atmel Studio\7.0\wetterstation\wetterstation\ArduinoCore\Debug\libArduinoCore.a(hooks.o)

.debug_abbrev   0x00000000     0x6229
 *(.debug_abbrev)
 .debug_abbrev  0x00000000      0xb1a C:/Program Files (x86)/Atmel/Studio/7.0/Packs/atmel/ATmega_DFP/1.2.150/gcc/dev/atmega2560/avr6/crtatmega2560.o
 .debug_abbrev  0x00000b1a      0x34a CLI.o
 .debug_abbrev  0x00000e64      0x417 wetterstation.o
 .debug_abbrev  0x0000127b      0x61e src/libraries/Adafruit_BME280_Library/Adafruit_BME280.o
 .debug_abbrev  0x00001899      0x260 src/libraries/Wire/src/utility/twi.o
 .debug_abbrev  0x00001af9      0x581 src/libraries/Wire/src/Wire.o
 .debug_abbrev  0x0000207a      0x740 SDCard.o
 .debug_abbrev  0x000027ba      0x4b7 C:\Users\Anders\Documents\Atmel Studio\7.0\wetterstation\wetterstation\ArduinoCore\Debug\libArduinoCore.a(HardwareSerial.o)
 .debug_abbrev  0x00002c71      0x3ce C:\Users\Anders\Documents\Atmel Studio\7.0\wetterstation\wetterstation\ArduinoCore\Debug\libArduinoCore.a(HardwareSerial0.o)
 .debug_abbrev  0x0000303f      0x12d C:\Users\Anders\Documents\Atmel Studio\7.0\wetterstation\wetterstation\ArduinoCore\Debug\libArduinoCore.a(main.o)
 .debug_abbrev  0x0000316c      0x47a C:\Users\Anders\Documents\Atmel Studio\7.0\wetterstation\wetterstation\ArduinoCore\Debug\libArduinoCore.a(Print.o)
 .debug_abbrev  0x000035e6       0xed C:\Users\Anders\Documents\Atmel Studio\7.0\wetterstation\wetterstation\ArduinoCore\Debug\libArduinoCore.a(WInterrupts.o)
 .debug_abbrev  0x000036d3      0x146 C:\Users\Anders\Documents\Atmel Studio\7.0\wetterstation\wetterstation\ArduinoCore\Debug\libArduinoCore.a(wiring.o)
 .debug_abbrev  0x00003819      0x15a C:\Users\Anders\Documents\Atmel Studio\7.0\wetterstation\wetterstation\ArduinoCore\Debug\libArduinoCore.a(wiring_digital.o)
 .debug_abbrev  0x00003973      0x4c2 C:\Users\Anders\Documents\Atmel Studio\7.0\wetterstation\wetterstation\ArduinoCore\Debug\libArduinoCore.a(WString.o)
 .debug_abbrev  0x00003e35      0x51b C:\Users\Anders\Documents\Atmel Studio\7.0\wetterstation\wetterstation\ArduinoCore\Debug\libArduinoCore.a(File.o)
 .debug_abbrev  0x00004350      0x83e C:\Users\Anders\Documents\Atmel Studio\7.0\wetterstation\wetterstation\ArduinoCore\Debug\libArduinoCore.a(SD.o)
 .debug_abbrev  0x00004b8e      0x635 C:\Users\Anders\Documents\Atmel Studio\7.0\wetterstation\wetterstation\ArduinoCore\Debug\libArduinoCore.a(Sd2Card.o)
 .debug_abbrev  0x000051c3      0x858 C:\Users\Anders\Documents\Atmel Studio\7.0\wetterstation\wetterstation\ArduinoCore\Debug\libArduinoCore.a(SdFile.o)
 .debug_abbrev  0x00005a1b      0x561 C:\Users\Anders\Documents\Atmel Studio\7.0\wetterstation\wetterstation\ArduinoCore\Debug\libArduinoCore.a(SdVolume.o)
 .debug_abbrev  0x00005f7c      0x283 C:\Users\Anders\Documents\Atmel Studio\7.0\wetterstation\wetterstation\ArduinoCore\Debug\libArduinoCore.a(SPI.o)
 .debug_abbrev  0x000061ff       0x2a C:\Users\Anders\Documents\Atmel Studio\7.0\wetterstation\wetterstation\ArduinoCore\Debug\libArduinoCore.a(hooks.o)

.debug_line     0x00000000     0x821e
 *(.debug_line .debug_line.* .debug_line_end)
 .debug_line    0x00000000      0x1f9 C:/Program Files (x86)/Atmel/Studio/7.0/Packs/atmel/ATmega_DFP/1.2.150/gcc/dev/atmega2560/avr6/crtatmega2560.o
 .debug_line    0x000001f9      0x378 CLI.o
 .debug_line    0x00000571      0x2e8 wetterstation.o
 .debug_line    0x00000859      0xa66 src/libraries/Adafruit_BME280_Library/Adafruit_BME280.o
 .debug_line    0x000012bf      0x515 src/libraries/Wire/src/utility/twi.o
 .debug_line    0x000017d4      0x608 src/libraries/Wire/src/Wire.o
 .debug_line    0x00001ddc      0x538 SDCard.o
 .debug_line    0x00002314      0x527 C:\Users\Anders\Documents\Atmel Studio\7.0\wetterstation\wetterstation\ArduinoCore\Debug\libArduinoCore.a(HardwareSerial.o)
 .debug_line    0x0000283b      0x288 C:\Users\Anders\Documents\Atmel Studio\7.0\wetterstation\wetterstation\ArduinoCore\Debug\libArduinoCore.a(HardwareSerial0.o)
 .debug_line    0x00002ac3      0x161 C:\Users\Anders\Documents\Atmel Studio\7.0\wetterstation\wetterstation\ArduinoCore\Debug\libArduinoCore.a(main.o)
 .debug_line    0x00002c24      0x681 C:\Users\Anders\Documents\Atmel Studio\7.0\wetterstation\wetterstation\ArduinoCore\Debug\libArduinoCore.a(Print.o)
 .debug_line    0x000032a5      0x2da C:\Users\Anders\Documents\Atmel Studio\7.0\wetterstation\wetterstation\ArduinoCore\Debug\libArduinoCore.a(WInterrupts.o)
 .debug_line    0x0000357f      0x2cb C:\Users\Anders\Documents\Atmel Studio\7.0\wetterstation\wetterstation\ArduinoCore\Debug\libArduinoCore.a(wiring.o)
 .debug_line    0x0000384a      0x284 C:\Users\Anders\Documents\Atmel Studio\7.0\wetterstation\wetterstation\ArduinoCore\Debug\libArduinoCore.a(wiring_digital.o)
 .debug_line    0x00003ace     0x1355 C:\Users\Anders\Documents\Atmel Studio\7.0\wetterstation\wetterstation\ArduinoCore\Debug\libArduinoCore.a(WString.o)
 .debug_line    0x00004e23      0x5a9 C:\Users\Anders\Documents\Atmel Studio\7.0\wetterstation\wetterstation\ArduinoCore\Debug\libArduinoCore.a(File.o)
 .debug_line    0x000053cc      0x7fb C:\Users\Anders\Documents\Atmel Studio\7.0\wetterstation\wetterstation\ArduinoCore\Debug\libArduinoCore.a(SD.o)
 .debug_line    0x00005bc7      0xb41 C:\Users\Anders\Documents\Atmel Studio\7.0\wetterstation\wetterstation\ArduinoCore\Debug\libArduinoCore.a(Sd2Card.o)
 .debug_line    0x00006708     0x123a C:\Users\Anders\Documents\Atmel Studio\7.0\wetterstation\wetterstation\ArduinoCore\Debug\libArduinoCore.a(SdFile.o)
 .debug_line    0x00007942      0x5b0 C:\Users\Anders\Documents\Atmel Studio\7.0\wetterstation\wetterstation\ArduinoCore\Debug\libArduinoCore.a(SdVolume.o)
 .debug_line    0x00007ef2      0x2eb C:\Users\Anders\Documents\Atmel Studio\7.0\wetterstation\wetterstation\ArduinoCore\Debug\libArduinoCore.a(SPI.o)
 .debug_line    0x000081dd       0x41 C:\Users\Anders\Documents\Atmel Studio\7.0\wetterstation\wetterstation\ArduinoCore\Debug\libArduinoCore.a(hooks.o)

.debug_frame    0x00000000     0x3190
 *(.debug_frame)
 .debug_frame   0x00000000       0xc8 CLI.o
 .debug_frame   0x000000c8       0x5c wetterstation.o
 .debug_frame   0x00000124      0x3e4 src/libraries/Adafruit_BME280_Library/Adafruit_BME280.o
 .debug_frame   0x00000508      0x134 src/libraries/Wire/src/utility/twi.o
 .debug_frame   0x0000063c      0x280 src/libraries/Wire/src/Wire.o
 .debug_frame   0x000008bc      0x10c SDCard.o
 .debug_frame   0x000009c8      0x110 C:\Users\Anders\Documents\Atmel Studio\7.0\wetterstation\wetterstation\ArduinoCore\Debug\libArduinoCore.a(HardwareSerial.o)
 .debug_frame   0x00000ad8       0xe0 C:\Users\Anders\Documents\Atmel Studio\7.0\wetterstation\wetterstation\ArduinoCore\Debug\libArduinoCore.a(HardwareSerial0.o)
 .debug_frame   0x00000bb8       0x54 C:\Users\Anders\Documents\Atmel Studio\7.0\wetterstation\wetterstation\ArduinoCore\Debug\libArduinoCore.a(main.o)
 .debug_frame   0x00000c0c      0x3ac C:\Users\Anders\Documents\Atmel Studio\7.0\wetterstation\wetterstation\ArduinoCore\Debug\libArduinoCore.a(Print.o)
 .debug_frame   0x00000fb8      0x304 C:\Users\Anders\Documents\Atmel Studio\7.0\wetterstation\wetterstation\ArduinoCore\Debug\libArduinoCore.a(WInterrupts.o)
 .debug_frame   0x000012bc       0xc4 C:\Users\Anders\Documents\Atmel Studio\7.0\wetterstation\wetterstation\ArduinoCore\Debug\libArduinoCore.a(wiring.o)
 .debug_frame   0x00001380       0x7c C:\Users\Anders\Documents\Atmel Studio\7.0\wetterstation\wetterstation\ArduinoCore\Debug\libArduinoCore.a(wiring_digital.o)
 .debug_frame   0x000013fc      0xa60 C:\Users\Anders\Documents\Atmel Studio\7.0\wetterstation\wetterstation\ArduinoCore\Debug\libArduinoCore.a(WString.o)
 .debug_frame   0x00001e5c      0x1d0 C:\Users\Anders\Documents\Atmel Studio\7.0\wetterstation\wetterstation\ArduinoCore\Debug\libArduinoCore.a(File.o)
 .debug_frame   0x0000202c      0x324 C:\Users\Anders\Documents\Atmel Studio\7.0\wetterstation\wetterstation\ArduinoCore\Debug\libArduinoCore.a(SD.o)
 .debug_frame   0x00002350      0x43c C:\Users\Anders\Documents\Atmel Studio\7.0\wetterstation\wetterstation\ArduinoCore\Debug\libArduinoCore.a(Sd2Card.o)
 .debug_frame   0x0000278c      0x708 C:\Users\Anders\Documents\Atmel Studio\7.0\wetterstation\wetterstation\ArduinoCore\Debug\libArduinoCore.a(SdFile.o)
 .debug_frame   0x00002e94      0x27c C:\Users\Anders\Documents\Atmel Studio\7.0\wetterstation\wetterstation\ArduinoCore\Debug\libArduinoCore.a(SdVolume.o)
 .debug_frame   0x00003110       0x5c C:\Users\Anders\Documents\Atmel Studio\7.0\wetterstation\wetterstation\ArduinoCore\Debug\libArduinoCore.a(SPI.o)
 .debug_frame   0x0000316c       0x24 C:\Users\Anders\Documents\Atmel Studio\7.0\wetterstation\wetterstation\ArduinoCore\Debug\libArduinoCore.a(hooks.o)

.debug_str      0x00000000     0x6b76
 *(.debug_str)
 .debug_str     0x00000000      0x3e6 C:/Program Files (x86)/Atmel/Studio/7.0/Packs/atmel/ATmega_DFP/1.2.150/gcc/dev/atmega2560/avr6/crtatmega2560.o
 .debug_str     0x000003e6      0xf2c CLI.o
                                0xfeb (size before relaxing)
 .debug_str     0x00001312      0x94e wetterstation.o
                               0x180c (size before relaxing)
 .debug_str     0x00001c60      0x7ff src/libraries/Adafruit_BME280_Library/Adafruit_BME280.o
                               0x1297 (size before relaxing)
 .debug_str     0x0000245f      0x2c3 src/libraries/Wire/src/utility/twi.o
                                0x3dc (size before relaxing)
 .debug_str     0x00002722      0x8f0 src/libraries/Wire/src/Wire.o
                               0x18d3 (size before relaxing)
 .debug_str     0x00003012     0x1b94 SDCard.o
                               0x302d (size before relaxing)
 .debug_str     0x00004ba6      0x453 C:\Users\Anders\Documents\Atmel Studio\7.0\wetterstation\wetterstation\ArduinoCore\Debug\libArduinoCore.a(HardwareSerial.o)
                               0x16f9 (size before relaxing)
 .debug_str     0x00004ff9       0x47 C:\Users\Anders\Documents\Atmel Studio\7.0\wetterstation\wetterstation\ArduinoCore\Debug\libArduinoCore.a(HardwareSerial0.o)
                               0x1414 (size before relaxing)
 .debug_str     0x00005040       0x37 C:\Users\Anders\Documents\Atmel Studio\7.0\wetterstation\wetterstation\ArduinoCore\Debug\libArduinoCore.a(main.o)
                                0x2c0 (size before relaxing)
 .debug_str     0x00005077      0x30c C:\Users\Anders\Documents\Atmel Studio\7.0\wetterstation\wetterstation\ArduinoCore\Debug\libArduinoCore.a(Print.o)
                               0x124e (size before relaxing)
 .debug_str     0x00005383       0xa4 C:\Users\Anders\Documents\Atmel Studio\7.0\wetterstation\wetterstation\ArduinoCore\Debug\libArduinoCore.a(WInterrupts.o)
                                0x285 (size before relaxing)
 .debug_str     0x00005427       0x7f C:\Users\Anders\Documents\Atmel Studio\7.0\wetterstation\wetterstation\ArduinoCore\Debug\libArduinoCore.a(wiring.o)
                                0x256 (size before relaxing)
 .debug_str     0x000054a6       0xb1 C:\Users\Anders\Documents\Atmel Studio\7.0\wetterstation\wetterstation\ArduinoCore\Debug\libArduinoCore.a(wiring_digital.o)
                                0x2bb (size before relaxing)
 .debug_str     0x00005557      0x3b0 C:\Users\Anders\Documents\Atmel Studio\7.0\wetterstation\wetterstation\ArduinoCore\Debug\libArduinoCore.a(WString.o)
                               0x11a1 (size before relaxing)
 .debug_str     0x00005907      0x356 C:\Users\Anders\Documents\Atmel Studio\7.0\wetterstation\wetterstation\ArduinoCore\Debug\libArduinoCore.a(File.o)
                               0x1dca (size before relaxing)
 .debug_str     0x00005c5d      0x3ea C:\Users\Anders\Documents\Atmel Studio\7.0\wetterstation\wetterstation\ArduinoCore\Debug\libArduinoCore.a(SD.o)
                               0x2dfe (size before relaxing)
 .debug_str     0x00006047       0xfd C:\Users\Anders\Documents\Atmel Studio\7.0\wetterstation\wetterstation\ArduinoCore\Debug\libArduinoCore.a(Sd2Card.o)
                               0x12f9 (size before relaxing)
 .debug_str     0x00006144      0x877 C:\Users\Anders\Documents\Atmel Studio\7.0\wetterstation\wetterstation\ArduinoCore\Debug\libArduinoCore.a(SdFile.o)
                               0x2757 (size before relaxing)
 .debug_str     0x000069bb       0xfb C:\Users\Anders\Documents\Atmel Studio\7.0\wetterstation\wetterstation\ArduinoCore\Debug\libArduinoCore.a(SdVolume.o)
                               0x1afe (size before relaxing)
 .debug_str     0x00006ab6       0xa4 C:\Users\Anders\Documents\Atmel Studio\7.0\wetterstation\wetterstation\ArduinoCore\Debug\libArduinoCore.a(SPI.o)
                                0x6b9 (size before relaxing)
 .debug_str     0x00006b5a       0x1c C:\Users\Anders\Documents\Atmel Studio\7.0\wetterstation\wetterstation\ArduinoCore\Debug\libArduinoCore.a(hooks.o)
                                0x14b (size before relaxing)

.debug_loc      0x00000000    0x12ba1
 *(.debug_loc)
 .debug_loc     0x00000000      0x23a CLI.o
 .debug_loc     0x0000023a       0x38 wetterstation.o
 .debug_loc     0x00000272     0x18af src/libraries/Adafruit_BME280_Library/Adafruit_BME280.o
 .debug_loc     0x00001b21      0x3e6 src/libraries/Wire/src/utility/twi.o
 .debug_loc     0x00001f07      0xbe6 src/libraries/Wire/src/Wire.o
 .debug_loc     0x00002aed      0x4f5 SDCard.o
 .debug_loc     0x00002fe2      0x4dc C:\Users\Anders\Documents\Atmel Studio\7.0\wetterstation\wetterstation\ArduinoCore\Debug\libArduinoCore.a(HardwareSerial.o)